P2 DNA/liveness offline forensic scoped acceptance evidence log
Generated: 2026-09-01T04:05:02+00:00
Scope: P2 only; no new holdout, online submission, network fetch, archive, legacy m2-pool/m4-holdout/doc-compile, or candidate main.py modification.

PASS p2-dna-focused-tests: 14 passed in 1.01s
Evidence: workspace/acceptance/evidence/p2-01-focused-dna.log

PASS p2-software-tests: 716 passed in 34.55s
Evidence: workspace/acceptance/evidence/p2-02-full-tests.log

PASS p2-dna-integrity: 2479 samples, 71 groups, 1349 comparisons, 4 source files; offline exploratory
Evidence: workspace/acceptance/evidence/p2-03-dna-integrity.log

PASS p2-existing-p1-h2h: existing artifact only; 2 games, 1 opponent, 1 seed, AB=1 BA=1
Evidence: workspace/acceptance/evidence/p2-04-existing-p1-h2h.log

PASS p2-candidate-identity: working development candidate, frozen/published identity and README projection consistent
Evidence: workspace/acceptance/evidence/p2-05-candidate-identity.log

PASS p2-smoke-boot: all 4 phases passed, including 720-step self-play release episode
Evidence: workspace/acceptance/evidence/p2-06-smoke-boot.log

PASS p2-diff-check: git diff --check returned no whitespace errors
Evidence: workspace/acceptance/evidence/p2-07-diff-check.log

PASS p2-artifact-contract: schema replay-dna/1.1; report/index SHA and canonical digests match; four source SHA entries match; implementation manifest matches; exact evidence scope matches; forbidden fields none. Statistics: samples=2479, groups=71, supplied_consensus=71, references=19, comparisons=1349; verdicts IDENTICAL/SAME SOURCE=42, RELATED=382, WEAK SIGNAL=155, UNRELATED=490, OUT OF RANGE=280; stability below 0.6 groups=22; unassessed comparisons=0.
Evidence: workspace/acceptance/evidence/p2-09-artifact-audit.log

PASS p2-protected-boundaries: no files under protected/excluded paths newer than first P2 evidence; no Git changes in archive/.flow/state/main.py/holdout/online paths.
Evidence: workspace/acceptance/evidence/p2-13-no-new-runs.log and workspace/acceptance/evidence/p2-12-boundary-status.log

PASS p2-metrics-scope: DNA metrics are explicitly offline identity-stability evidence with strength/promotion/holdout/online/engine activity false; historical online fields excluded from P2 conclusion.
Evidence: workspace/acceptance/evidence/p2-14-metrics-boundary.log

PASS p2-scope-status: P2 files and artifacts are scoped; unrelated pre-existing workspace changes remain untouched.
Evidence: workspace/acceptance/evidence/p2-15-scope-status.log

Tool note: initial p2-09 audit shell command had a quoting SyntaxError; rerun succeeded and is the authoritative artifact audit evidence. This was an evidence-tool fault, not a work-product failure.

Result: PASS for this scoped P2 acceptance. No manual items in this P2 scope.
