HP_TELEMETRY {'extension_signals': 82, 'rejected_signals': 40}
HP_TELEMETRY {'extension_signals': 82, 'rejected_signals': 40}
HP_TELEMETRY {'extension_signals': 81, 'rejected_signals': 21}
HP_TELEMETRY {'extension_signals': 81, 'rejected_signals': 21}
HP_TELEMETRY {'extension_signals': 82, 'rejected_signals': 40}
HP_TELEMETRY {'extension_signals': 82, 'rejected_signals': 40}
HP_TELEMETRY {'extension_signals': 82, 'rejected_signals': 40}
HP_TELEMETRY {'extension_signals': 82, 'rejected_signals': 40}
HP_TELEMETRY {'extension_signals': 79, 'rejected_signals': 50}
HP_TELEMETRY {'extension_signals': 79, 'rejected_signals': 50}
HP_TELEMETRY {'extension_signals': 81, 'rejected_signals': 21}
HP_TELEMETRY {'extension_signals': 81, 'rejected_signals': 21}
HP_TELEMETRY {'extension_signals': 79, 'rejected_signals': 50}
HP_TELEMETRY {'extension_signals': 79, 'rejected_signals': 50}
HP_TELEMETRY {'extension_signals': 79, 'rejected_signals': 50}
HP_TELEMETRY {'extension_signals': 79, 'rejected_signals': 50}
HP_TELEMETRY {'extension_signals': 83, 'rejected_signals': 46}
HP_TELEMETRY {'extension_signals': 83, 'rejected_signals': 46}
HP_TELEMETRY {'extension_signals': 69, 'rejected_signals': 27}
HP_TELEMETRY {'extension_signals': 69, 'rejected_signals': 27}
HP_TELEMETRY {'extension_signals': 83, 'rejected_signals': 46}
HP_TELEMETRY {'extension_signals': 83, 'rejected_signals': 46}
HP_TELEMETRY {'extension_signals': 83, 'rejected_signals': 46}
HP_TELEMETRY {'extension_signals': 83, 'rejected_signals': 46}
HP_TELEMETRY {'extension_signals': 88, 'rejected_signals': 39}
HP_TELEMETRY {'extension_signals': 88, 'rejected_signals': 39}
HP_TELEMETRY {'extension_signals': 87, 'rejected_signals': 32}
HP_TELEMETRY {'extension_signals': 87, 'rejected_signals': 32}
HP_TELEMETRY {'extension_signals': 88, 'rejected_signals': 39}
HP_TELEMETRY {'extension_signals': 88, 'rejected_signals': 39}
HP_TELEMETRY {'extension_signals': 88, 'rejected_signals': 39}
HP_TELEMETRY {'extension_signals': 88, 'rejected_signals': 39}
HP_TELEMETRY {'extension_signals': 72, 'rejected_signals': 41}
HP_TELEMETRY {'extension_signals': 88, 'rejected_signals': 45}
HP_TELEMETRY {'extension_signals': 107, 'rejected_signals': 19}
HP_TELEMETRY {'extension_signals': 56, 'rejected_signals': 71}
HP_TELEMETRY {'extension_signals': 52, 'rejected_signals': 73}
HP_TELEMETRY {'extension_signals': 83, 'rejected_signals': 42}
HP_TELEMETRY {'extension_signals': 75, 'rejected_signals': 15}
HP_TELEMETRY {'extension_signals': 89, 'rejected_signals': 29}
HP_TELEMETRY {'extension_signals': 60, 'rejected_signals': 59}
HP_TELEMETRY {'extension_signals': 2, 'rejected_signals': 92}
HP_TELEMETRY {'extension_signals': 77, 'rejected_signals': 35}
HP_TELEMETRY {'extension_signals': 8, 'rejected_signals': 85}
HP_TELEMETRY {'extension_signals': 92, 'rejected_signals': 25}
HP_TELEMETRY {'extension_signals': 1, 'rejected_signals': 112}
HP_TELEMETRY {'extension_signals': 68, 'rejected_signals': 79}
HP_TELEMETRY {'extension_signals': 15, 'rejected_signals': 76}
HP_TELEMETRY {'extension_signals': 72, 'rejected_signals': 41}
HP_TELEMETRY {'extension_signals': 88, 'rejected_signals': 45}
HP_TELEMETRY {'extension_signals': 107, 'rejected_signals': 19}
HP_TELEMETRY {'extension_signals': 56, 'rejected_signals': 71}
HP_TELEMETRY {'extension_signals': 52, 'rejected_signals': 73}
HP_TELEMETRY {'extension_signals': 83, 'rejected_signals': 42}
HP_TELEMETRY {'extension_signals': 75, 'rejected_signals': 15}
HP_TELEMETRY {'extension_signals': 89, 'rejected_signals': 29}
HP_TELEMETRY {'extension_signals': 60, 'rejected_signals': 59}
HP_TELEMETRY {'extension_signals': 2, 'rejected_signals': 92}
HP_TELEMETRY {'extension_signals': 77, 'rejected_signals': 35}
HP_TELEMETRY {'extension_signals': 8, 'rejected_signals': 85}
HP_TELEMETRY {'extension_signals': 92, 'rejected_signals': 25}
HP_TELEMETRY {'extension_signals': 1, 'rejected_signals': 112}
HP_TELEMETRY {'extension_signals': 68, 'rejected_signals': 79}
HP_TELEMETRY {'extension_signals': 15, 'rejected_signals': 76}
HP_TELEMETRY {'extension_signals': 74, 'rejected_signals': 32}
HP_TELEMETRY {'extension_signals': 79, 'rejected_signals': 55}
HP_TELEMETRY {'extension_signals': 94, 'rejected_signals': 32}
HP_TELEMETRY {'extension_signals': 56, 'rejected_signals': 71}
HP_TELEMETRY {'extension_signals': 50, 'rejected_signals': 79}
HP_TELEMETRY {'extension_signals': 83, 'rejected_signals': 42}
HP_TELEMETRY {'extension_signals': 78, 'rejected_signals': 17}
HP_TELEMETRY {'extension_signals': 89, 'rejected_signals': 30}
HP_TELEMETRY {'extension_signals': 60, 'rejected_signals': 59}
HP_TELEMETRY {'extension_signals': 2, 'rejected_signals': 90}
HP_TELEMETRY {'extension_signals': 78, 'rejected_signals': 37}
HP_TELEMETRY {'extension_signals': 8, 'rejected_signals': 83}
HP_TELEMETRY {'extension_signals': 91, 'rejected_signals': 26}
HP_TELEMETRY {'extension_signals': 4, 'rejected_signals': 116}
HP_TELEMETRY {'extension_signals': 70, 'rejected_signals': 81}
HP_TELEMETRY {'extension_signals': 21, 'rejected_signals': 73}
HP_TELEMETRY {'extension_signals': 74, 'rejected_signals': 32}
HP_TELEMETRY {'extension_signals': 79, 'rejected_signals': 55}
HP_TELEMETRY {'extension_signals': 94, 'rejected_signals': 32}
HP_TELEMETRY {'extension_signals': 56, 'rejected_signals': 71}
HP_TELEMETRY {'extension_signals': 50, 'rejected_signals': 79}
HP_TELEMETRY {'extension_signals': 83, 'rejected_signals': 42}
HP_TELEMETRY {'extension_signals': 78, 'rejected_signals': 17}
HP_TELEMETRY {'extension_signals': 89, 'rejected_signals': 30}
HP_TELEMETRY {'extension_signals': 60, 'rejected_signals': 59}
HP_TELEMETRY {'extension_signals': 2, 'rejected_signals': 90}
HP_TELEMETRY {'extension_signals': 78, 'rejected_signals': 37}
HP_TELEMETRY {'extension_signals': 8, 'rejected_signals': 83}
HP_TELEMETRY {'extension_signals': 91, 'rejected_signals': 26}
HP_TELEMETRY {'extension_signals': 4, 'rejected_signals': 116}
HP_TELEMETRY {'extension_signals': 70, 'rejected_signals': 81}
HP_TELEMETRY {'extension_signals': 21, 'rejected_signals': 73}
HP_TELEMETRY {'extension_signals': 71, 'rejected_signals': 37}
HP_TELEMETRY {'extension_signals': 79, 'rejected_signals': 55}
HP_TELEMETRY {'extension_signals': 96, 'rejected_signals': 30}
HP_TELEMETRY {'extension_signals': 56, 'rejected_signals': 71}
HP_TELEMETRY {'extension_signals': 50, 'rejected_signals': 79}
HP_TELEMETRY {'extension_signals': 83, 'rejected_signals': 42}
HP_TELEMETRY {'extension_signals': 78, 'rejected_signals': 17}
HP_TELEMETRY {'extension_signals': 89, 'rejected_signals': 30}
HP_TELEMETRY {'extension_signals': 60, 'rejected_signals': 59}
HP_TELEMETRY {'extension_signals': 2, 'rejected_signals': 90}
HP_TELEMETRY {'extension_signals': 78, 'rejected_signals': 37}
HP_TELEMETRY {'extension_signals': 8, 'rejected_signals': 83}
HP_TELEMETRY {'extension_signals': 91, 'rejected_signals': 26}
HP_TELEMETRY {'extension_signals': 1, 'rejected_signals': 116}
HP_TELEMETRY {'extension_signals': 68, 'rejected_signals': 67}
HP_TELEMETRY {'extension_signals': 15, 'rejected_signals': 76}
HP_TELEMETRY {'extension_signals': 71, 'rejected_signals': 37}
HP_TELEMETRY {'extension_signals': 79, 'rejected_signals': 55}
HP_TELEMETRY {'extension_signals': 96, 'rejected_signals': 30}
HP_TELEMETRY {'extension_signals': 56, 'rejected_signals': 71}
HP_TELEMETRY {'extension_signals': 50, 'rejected_signals': 79}
HP_TELEMETRY {'extension_signals': 83, 'rejected_signals': 42}
HP_TELEMETRY {'extension_signals': 78, 'rejected_signals': 17}
HP_TELEMETRY {'extension_signals': 89, 'rejected_signals': 30}
HP_TELEMETRY {'extension_signals': 60, 'rejected_signals': 59}
HP_TELEMETRY {'extension_signals': 2, 'rejected_signals': 90}
HP_TELEMETRY {'extension_signals': 78, 'rejected_signals': 37}
HP_TELEMETRY {'extension_signals': 8, 'rejected_signals': 83}
HP_TELEMETRY {'extension_signals': 91, 'rejected_signals': 26}
HP_TELEMETRY {'extension_signals': 1, 'rejected_signals': 116}
HP_TELEMETRY {'extension_signals': 68, 'rejected_signals': 67}
HP_TELEMETRY {'extension_signals': 15, 'rejected_signals': 76}
HP_TELEMETRY {'extension_signals': 68, 'rejected_signals': 30}
HP_TELEMETRY {'extension_signals': 80, 'rejected_signals': 61}
HP_TELEMETRY {'extension_signals': 88, 'rejected_signals': 36}
HP_TELEMETRY {'extension_signals': 56, 'rejected_signals': 71}
HP_TELEMETRY {'extension_signals': 50, 'rejected_signals': 80}
HP_TELEMETRY {'extension_signals': 82, 'rejected_signals': 42}
HP_TELEMETRY {'extension_signals': 78, 'rejected_signals': 17}
HP_TELEMETRY {'extension_signals': 89, 'rejected_signals': 30}
HP_TELEMETRY {'extension_signals': 58, 'rejected_signals': 70}
HP_TELEMETRY {'extension_signals': 2, 'rejected_signals': 90}
HP_TELEMETRY {'extension_signals': 78, 'rejected_signals': 37}
HP_TELEMETRY {'extension_signals': 8, 'rejected_signals': 83}
HP_TELEMETRY {'extension_signals': 91, 'rejected_signals': 26}
HP_TELEMETRY {'extension_signals': 4, 'rejected_signals': 116}
HP_TELEMETRY {'extension_signals': 71, 'rejected_signals': 74}
HP_TELEMETRY {'extension_signals': 16, 'rejected_signals': 92}
HP_TELEMETRY {'extension_signals': 68, 'rejected_signals': 30}
HP_TELEMETRY {'extension_signals': 80, 'rejected_signals': 61}
HP_TELEMETRY {'extension_signals': 88, 'rejected_signals': 36}
HP_TELEMETRY {'extension_signals': 56, 'rejected_signals': 71}
HP_TELEMETRY {'extension_signals': 50, 'rejected_signals': 80}
HP_TELEMETRY {'extension_signals': 82, 'rejected_signals': 42}
HP_TELEMETRY {'extension_signals': 78, 'rejected_signals': 17}
HP_TELEMETRY {'extension_signals': 89, 'rejected_signals': 30}
HP_TELEMETRY {'extension_signals': 58, 'rejected_signals': 70}
HP_TELEMETRY {'extension_signals': 2, 'rejected_signals': 90}
HP_TELEMETRY {'extension_signals': 78, 'rejected_signals': 37}
HP_TELEMETRY {'extension_signals': 8, 'rejected_signals': 83}
HP_TELEMETRY {'extension_signals': 91, 'rejected_signals': 26}
HP_TELEMETRY {'extension_signals': 4, 'rejected_signals': 116}
HP_TELEMETRY {'extension_signals': 71, 'rejected_signals': 74}
HP_TELEMETRY {'extension_signals': 16, 'rejected_signals': 92}
HP_TELEMETRY {'extension_signals': 76, 'rejected_signals': 27}
HP_TELEMETRY {'extension_signals': 94, 'rejected_signals': 46}
HP_TELEMETRY {'extension_signals': 96, 'rejected_signals': 30}
HP_TELEMETRY {'extension_signals': 56, 'rejected_signals': 71}
HP_TELEMETRY {'extension_signals': 50, 'rejected_signals': 80}
HP_TELEMETRY {'extension_signals': 81, 'rejected_signals': 42}
HP_TELEMETRY {'extension_signals': 78, 'rejected_signals': 17}
HP_TELEMETRY {'extension_signals': 89, 'rejected_signals': 30}
HP_TELEMETRY {'extension_signals': 60, 'rejected_signals': 59}
HP_TELEMETRY {'extension_signals': 2, 'rejected_signals': 90}
HP_TELEMETRY {'extension_signals': 72, 'rejected_signals': 45}
HP_TELEMETRY {'extension_signals': 8, 'rejected_signals': 85}
HP_TELEMETRY {'extension_signals': 92, 'rejected_signals': 25}
HP_TELEMETRY {'extension_signals': 4, 'rejected_signals': 109}
HP_TELEMETRY {'extension_signals': 68, 'rejected_signals': 79}
HP_TELEMETRY {'extension_signals': 21, 'rejected_signals': 73}
HP_TELEMETRY {'extension_signals': 76, 'rejected_signals': 27}
HP_TELEMETRY {'extension_signals': 94, 'rejected_signals': 46}
HP_TELEMETRY {'extension_signals': 96, 'rejected_signals': 30}
HP_TELEMETRY {'extension_signals': 56, 'rejected_signals': 71}
HP_TELEMETRY {'extension_signals': 50, 'rejected_signals': 80}
HP_TELEMETRY {'extension_signals': 81, 'rejected_signals': 42}
HP_TELEMETRY {'extension_signals': 78, 'rejected_signals': 17}
HP_TELEMETRY {'extension_signals': 89, 'rejected_signals': 30}
HP_TELEMETRY {'extension_signals': 60, 'rejected_signals': 59}
HP_TELEMETRY {'extension_signals': 2, 'rejected_signals': 90}
HP_TELEMETRY {'extension_signals': 72, 'rejected_signals': 45}
HP_TELEMETRY {'extension_signals': 8, 'rejected_signals': 85}
HP_TELEMETRY {'extension_signals': 92, 'rejected_signals': 25}
HP_TELEMETRY {'extension_signals': 4, 'rejected_signals': 109}
HP_TELEMETRY {'extension_signals': 68, 'rejected_signals': 79}
HP_TELEMETRY {'extension_signals': 21, 'rejected_signals': 73}
u2v2_tol1 h2h 0.6875 dM -1.81 pass False
u2v2_tol3 h2h 0.6562 dM -5.5 pass False
u2v2_drop1_block h2h 0.5938 dM 35.94 pass False
u2v2_drop_half h2h 0.625 dM 48.44 pass True
VERDICT: {"three_arm_table": ["u2v2_tol1", "u2v2_tol3", "u2v2_drop_half"], "drop_arm_selected": {"form": "u2v2_drop_half", "desc": "跌幅门 Wangyh666 形态：跌>$0.5 半量前置（跌幅触发时改半量放行而非全拦）", "selection": "跌幅族两形态全试择优（判据过数→h2h→mean_delta）", "other": {"u2v2_drop1_block": {"criteria_passed": false, "h2h": 0.5938, "mean_delta": 35.94}}}, "tol_arm_selected": "u2v2_tol1", "per_form": {"u2v2_tol1": {"criteria_passed": false, "h2h": 0.6875, "mean_delta_vs_mpx": -1.81, "flips_neg": 0, "d14_27_fill_total_delta": 17.62, "win_rate_note": "胜率口径附注（R27 重裁先例）：h2h=0.6875≥0.6 但钱面刀口级未达（实现价非负），胜率是天梯硬通货，单独标注供裁决"}, "u2v2_tol3": {"criter
DONE 518.7 s budget: {'cap_局次': 250, 'auth_局次': 60, 'judgment_局次': 160, 'mpx_局次': 32, 'gates_局次': 16, 'cap_scope': '全部局次（认证 60 + 四门 4×形态 + 判决 32×臂）≤250', 'u2v2_tol1_局次': 32, 'u2v2_tol3_局次': 32, 'u2v2_drop1_block_局次': 32, 'u2v2_drop_half_局次': 32, 'total_局次': 236, 'within_cap': True}
