sim auth: True {'n_checked': 30, 'n_match': 30, 'rate': 1.0}
panel games: 160
HP_TELEMETRY {'extension_signals': 61, 'rejected_signals': 57}
HP_TELEMETRY {'extension_signals': 61, 'rejected_signals': 57}
HP_TELEMETRY {'extension_signals': 61, 'rejected_signals': 57}
HP_TELEMETRY {'extension_signals': 60, 'rejected_signals': 60}
HP_TELEMETRY {'extension_signals': 60, 'rejected_signals': 60}
HP_TELEMETRY {'extension_signals': 0, 'rejected_signals': 93}
HP_TELEMETRY {'extension_signals': 61, 'rejected_signals': 57}
HP_TELEMETRY {'extension_signals': 61, 'rejected_signals': 57}
HP_TELEMETRY {'extension_signals': 61, 'rejected_signals': 57}
HP_TELEMETRY {'extension_signals': 60, 'rejected_signals': 60}
HP_TELEMETRY {'extension_signals': 60, 'rejected_signals': 60}
HP_TELEMETRY {'extension_signals': 0, 'rejected_signals': 93}
HP_TELEMETRY {'extension_signals': 61, 'rejected_signals': 57}
HP_TELEMETRY {'extension_signals': 61, 'rejected_signals': 57}
HP_TELEMETRY {'extension_signals': 61, 'rejected_signals': 57}
HP_TELEMETRY {'extension_signals': 60, 'rejected_signals': 60}
HP_TELEMETRY {'extension_signals': 60, 'rejected_signals': 60}
HP_TELEMETRY {'extension_signals': 0, 'rejected_signals': 92}
HP_TELEMETRY {'extension_signals': 61, 'rejected_signals': 57}
HP_TELEMETRY {'extension_signals': 61, 'rejected_signals': 57}
HP_TELEMETRY {'extension_signals': 61, 'rejected_signals': 57}
HP_TELEMETRY {'extension_signals': 60, 'rejected_signals': 60}
HP_TELEMETRY {'extension_signals': 60, 'rejected_signals': 60}
HP_TELEMETRY {'extension_signals': 0, 'rejected_signals': 92}
HP_TELEMETRY {'extension_signals': 81, 'rejected_signals': 46}
HP_TELEMETRY {'extension_signals': 81, 'rejected_signals': 46}
HP_TELEMETRY {'extension_signals': 81, 'rejected_signals': 46}
HP_TELEMETRY {'extension_signals': 87, 'rejected_signals': 45}
HP_TELEMETRY {'extension_signals': 87, 'rejected_signals': 45}
HP_TELEMETRY {'extension_signals': 2, 'rejected_signals': 112}
HP_TELEMETRY {'extension_signals': 81, 'rejected_signals': 46}
HP_TELEMETRY {'extension_signals': 81, 'rejected_signals': 46}
HP_TELEMETRY {'extension_signals': 81, 'rejected_signals': 46}
HP_TELEMETRY {'extension_signals': 87, 'rejected_signals': 45}
HP_TELEMETRY {'extension_signals': 87, 'rejected_signals': 45}
HP_TELEMETRY {'extension_signals': 2, 'rejected_signals': 113}
HP_TELEMETRY {'extension_signals': 81, 'rejected_signals': 46}
HP_TELEMETRY {'extension_signals': 81, 'rejected_signals': 46}
HP_TELEMETRY {'extension_signals': 81, 'rejected_signals': 46}
HP_TELEMETRY {'extension_signals': 87, 'rejected_signals': 45}
HP_TELEMETRY {'extension_signals': 87, 'rejected_signals': 45}
HP_TELEMETRY {'extension_signals': 2, 'rejected_signals': 112}
HP_TELEMETRY {'extension_signals': 81, 'rejected_signals': 46}
HP_TELEMETRY {'extension_signals': 81, 'rejected_signals': 46}
HP_TELEMETRY {'extension_signals': 81, 'rejected_signals': 46}
HP_TELEMETRY {'extension_signals': 87, 'rejected_signals': 45}
HP_TELEMETRY {'extension_signals': 87, 'rejected_signals': 45}
HP_TELEMETRY {'extension_signals': 2, 'rejected_signals': 113}
HP_TELEMETRY {'extension_signals': 36, 'rejected_signals': 102}
HP_TELEMETRY {'extension_signals': 36, 'rejected_signals': 102}
HP_TELEMETRY {'extension_signals': 36, 'rejected_signals': 102}
HP_TELEMETRY {'extension_signals': 35, 'rejected_signals': 92}
HP_TELEMETRY {'extension_signals': 35, 'rejected_signals': 92}
HP_TELEMETRY {'extension_signals': 4, 'rejected_signals': 74}
HP_TELEMETRY {'extension_signals': 36, 'rejected_signals': 102}
HP_TELEMETRY {'extension_signals': 36, 'rejected_signals': 102}
HP_TELEMETRY {'extension_signals': 36, 'rejected_signals': 102}
HP_TELEMETRY {'extension_signals': 35, 'rejected_signals': 92}
HP_TELEMETRY {'extension_signals': 35, 'rejected_signals': 92}
HP_TELEMETRY {'extension_signals': 4, 'rejected_signals': 74}
HP_TELEMETRY {'extension_signals': 36, 'rejected_signals': 102}
HP_TELEMETRY {'extension_signals': 36, 'rejected_signals': 102}
HP_TELEMETRY {'extension_signals': 36, 'rejected_signals': 102}
HP_TELEMETRY {'extension_signals': 35, 'rejected_signals': 92}
HP_TELEMETRY {'extension_signals': 35, 'rejected_signals': 92}
HP_TELEMETRY {'extension_signals': 4, 'rejected_signals': 74}
HP_TELEMETRY {'extension_signals': 36, 'rejected_signals': 102}
HP_TELEMETRY {'extension_signals': 36, 'rejected_signals': 102}
HP_TELEMETRY {'extension_signals': 36, 'rejected_signals': 102}
HP_TELEMETRY {'extension_signals': 35, 'rejected_signals': 92}
HP_TELEMETRY {'extension_signals': 35, 'rejected_signals': 92}
HP_TELEMETRY {'extension_signals': 4, 'rejected_signals': 74}
HP_TELEMETRY {'extension_signals': 83, 'rejected_signals': 50}
HP_TELEMETRY {'extension_signals': 83, 'rejected_signals': 50}
HP_TELEMETRY {'extension_signals': 83, 'rejected_signals': 50}
HP_TELEMETRY {'extension_signals': 75, 'rejected_signals': 57}
HP_TELEMETRY {'extension_signals': 75, 'rejected_signals': 57}
HP_TELEMETRY {'extension_signals': 0, 'rejected_signals': 86}
HP_TELEMETRY {'extension_signals': 83, 'rejected_signals': 50}
HP_TELEMETRY {'extension_signals': 83, 'rejected_signals': 50}
HP_TELEMETRY {'extension_signals': 83, 'rejected_signals': 50}
HP_TELEMETRY {'extension_signals': 75, 'rejected_signals': 57}
HP_TELEMETRY {'extension_signals': 75, 'rejected_signals': 57}
HP_TELEMETRY {'extension_signals': 2, 'rejected_signals': 84}
HP_TELEMETRY {'extension_signals': 83, 'rejected_signals': 50}
HP_TELEMETRY {'extension_signals': 83, 'rejected_signals': 50}
HP_TELEMETRY {'extension_signals': 83, 'rejected_signals': 50}
HP_TELEMETRY {'extension_signals': 75, 'rejected_signals': 57}
HP_TELEMETRY {'extension_signals': 75, 'rejected_signals': 57}
HP_TELEMETRY {'extension_signals': 0, 'rejected_signals': 86}
HP_TELEMETRY {'extension_signals': 83, 'rejected_signals': 50}
HP_TELEMETRY {'extension_signals': 83, 'rejected_signals': 50}
HP_TELEMETRY {'extension_signals': 83, 'rejected_signals': 50}
HP_TELEMETRY {'extension_signals': 75, 'rejected_signals': 57}
HP_TELEMETRY {'extension_signals': 75, 'rejected_signals': 57}
HP_TELEMETRY {'extension_signals': 2, 'rejected_signals': 84}
HP_TELEMETRY {'extension_signals': 77, 'rejected_signals': 25}
HP_TELEMETRY {'extension_signals': 77, 'rejected_signals': 25}
HP_TELEMETRY {'extension_signals': 77, 'rejected_signals': 25}
HP_TELEMETRY {'extension_signals': 76, 'rejected_signals': 19}
HP_TELEMETRY {'extension_signals': 76, 'rejected_signals': 19}
HP_TELEMETRY {'extension_signals': 0, 'rejected_signals': 69}
HP_TELEMETRY {'extension_signals': 77, 'rejected_signals': 25}
HP_TELEMETRY {'extension_signals': 77, 'rejected_signals': 25}
HP_TELEMETRY {'extension_signals': 77, 'rejected_signals': 25}
HP_TELEMETRY {'extension_signals': 76, 'rejected_signals': 19}
HP_TELEMETRY {'extension_signals': 76, 'rejected_signals': 19}
HP_TELEMETRY {'extension_signals': 0, 'rejected_signals': 69}
HP_TELEMETRY {'extension_signals': 77, 'rejected_signals': 25}
HP_TELEMETRY {'extension_signals': 77, 'rejected_signals': 25}
HP_TELEMETRY {'extension_signals': 77, 'rejected_signals': 25}
HP_TELEMETRY {'extension_signals': 76, 'rejected_signals': 19}
HP_TELEMETRY {'extension_signals': 76, 'rejected_signals': 19}
HP_TELEMETRY {'extension_signals': 0, 'rejected_signals': 69}
HP_TELEMETRY {'extension_signals': 77, 'rejected_signals': 25}
HP_TELEMETRY {'extension_signals': 77, 'rejected_signals': 25}
HP_TELEMETRY {'extension_signals': 77, 'rejected_signals': 25}
HP_TELEMETRY {'extension_signals': 76, 'rejected_signals': 19}
HP_TELEMETRY {'extension_signals': 76, 'rejected_signals': 19}
HP_TELEMETRY {'extension_signals': 0, 'rejected_signals': 69}
HP_TELEMETRY {'extension_signals': 81, 'rejected_signals': 35}
HP_TELEMETRY {'extension_signals': 81, 'rejected_signals': 35}
HP_TELEMETRY {'extension_signals': 81, 'rejected_signals': 35}
HP_TELEMETRY {'extension_signals': 90, 'rejected_signals': 36}
HP_TELEMETRY {'extension_signals': 90, 'rejected_signals': 36}
HP_TELEMETRY {'extension_signals': 4, 'rejected_signals': 78}
HP_TELEMETRY {'extension_signals': 81, 'rejected_signals': 35}
HP_TELEMETRY {'extension_signals': 81, 'rejected_signals': 35}
HP_TELEMETRY {'extension_signals': 81, 'rejected_signals': 35}
HP_TELEMETRY {'extension_signals': 90, 'rejected_signals': 36}
HP_TELEMETRY {'extension_signals': 90, 'rejected_signals': 36}
HP_TELEMETRY {'extension_signals': 4, 'rejected_signals': 77}
HP_TELEMETRY {'extension_signals': 81, 'rejected_signals': 35}
HP_TELEMETRY {'extension_signals': 81, 'rejected_signals': 35}
HP_TELEMETRY {'extension_signals': 81, 'rejected_signals': 35}
HP_TELEMETRY {'extension_signals': 90, 'rejected_signals': 36}
HP_TELEMETRY {'extension_signals': 90, 'rejected_signals': 36}
HP_TELEMETRY {'extension_signals': 4, 'rejected_signals': 78}
HP_TELEMETRY {'extension_signals': 81, 'rejected_signals': 35}
HP_TELEMETRY {'extension_signals': 81, 'rejected_signals': 35}
HP_TELEMETRY {'extension_signals': 81, 'rejected_signals': 35}
HP_TELEMETRY {'extension_signals': 90, 'rejected_signals': 36}
HP_TELEMETRY {'extension_signals': 90, 'rejected_signals': 36}
HP_TELEMETRY {'extension_signals': 4, 'rejected_signals': 77}
HP_TELEMETRY {'extension_signals': 72, 'rejected_signals': 71}
HP_TELEMETRY {'extension_signals': 72, 'rejected_signals': 71}
HP_TELEMETRY {'extension_signals': 72, 'rejected_signals': 71}
HP_TELEMETRY {'extension_signals': 79, 'rejected_signals': 45}
HP_TELEMETRY {'extension_signals': 79, 'rejected_signals': 45}
HP_TELEMETRY {'extension_signals': 0, 'rejected_signals': 85}
HP_TELEMETRY {'extension_signals': 72, 'rejected_signals': 71}
HP_TELEMETRY {'extension_signals': 72, 'rejected_signals': 71}
HP_TELEMETRY {'extension_signals': 72, 'rejected_signals': 71}
HP_TELEMETRY {'extension_signals': 79, 'rejected_signals': 45}
HP_TELEMETRY {'extension_signals': 79, 'rejected_signals': 45}
HP_TELEMETRY {'extension_signals': 0, 'rejected_signals': 83}
HP_TELEMETRY {'extension_signals': 72, 'rejected_signals': 71}
HP_TELEMETRY {'extension_signals': 72, 'rejected_signals': 71}
HP_TELEMETRY {'extension_signals': 72, 'rejected_signals': 71}
HP_TELEMETRY {'extension_signals': 79, 'rejected_signals': 45}
HP_TELEMETRY {'extension_signals': 79, 'rejected_signals': 45}
HP_TELEMETRY {'extension_signals': 0, 'rejected_signals': 85}
HP_TELEMETRY {'extension_signals': 72, 'rejected_signals': 71}
HP_TELEMETRY {'extension_signals': 72, 'rejected_signals': 71}
HP_TELEMETRY {'extension_signals': 72, 'rejected_signals': 71}
HP_TELEMETRY {'extension_signals': 79, 'rejected_signals': 45}
HP_TELEMETRY {'extension_signals': 79, 'rejected_signals': 45}
HP_TELEMETRY {'extension_signals': 0, 'rejected_signals': 83}
HP_TELEMETRY {'extension_signals': 74, 'rejected_signals': 75}
HP_TELEMETRY {'extension_signals': 74, 'rejected_signals': 75}
HP_TELEMETRY {'extension_signals': 74, 'rejected_signals': 75}
HP_TELEMETRY {'extension_signals': 74, 'rejected_signals': 67}
HP_TELEMETRY {'extension_signals': 74, 'rejected_signals': 67}
HP_TELEMETRY {'extension_signals': 2, 'rejected_signals': 111}
HP_TELEMETRY {'extension_signals': 74, 'rejected_signals': 75}
HP_TELEMETRY {'extension_signals': 74, 'rejected_signals': 75}
HP_TELEMETRY {'extension_signals': 74, 'rejected_signals': 75}
HP_TELEMETRY {'extension_signals': 74, 'rejected_signals': 67}
HP_TELEMETRY {'extension_signals': 74, 'rejected_signals': 67}
HP_TELEMETRY {'extension_signals': 2, 'rejected_signals': 111}
HP_TELEMETRY {'extension_signals': 74, 'rejected_signals': 75}
HP_TELEMETRY {'extension_signals': 74, 'rejected_signals': 75}
HP_TELEMETRY {'extension_signals': 74, 'rejected_signals': 75}
HP_TELEMETRY {'extension_signals': 74, 'rejected_signals': 67}
HP_TELEMETRY {'extension_signals': 74, 'rejected_signals': 67}
HP_TELEMETRY {'extension_signals': 2, 'rejected_signals': 111}
HP_TELEMETRY {'extension_signals': 74, 'rejected_signals': 75}
HP_TELEMETRY {'extension_signals': 74, 'rejected_signals': 75}
HP_TELEMETRY {'extension_signals': 74, 'rejected_signals': 75}
HP_TELEMETRY {'extension_signals': 74, 'rejected_signals': 67}
HP_TELEMETRY {'extension_signals': 74, 'rejected_signals': 67}
HP_TELEMETRY {'extension_signals': 2, 'rejected_signals': 111}
panel done 395.7 s
slice games: 60 budget: 220
HP_TELEMETRY {'extension_signals': 101, 'rejected_signals': 19}
HP_TELEMETRY {'extension_signals': 96, 'rejected_signals': 21}
HP_TELEMETRY {'extension_signals': 96, 'rejected_signals': 21}
HP_TELEMETRY {'extension_signals': 94, 'rejected_signals': 19}
HP_TELEMETRY {'extension_signals': 100, 'rejected_signals': 14}
HP_TELEMETRY {'extension_signals': 100, 'rejected_signals': 14}
HP_TELEMETRY {'extension_signals': 101, 'rejected_signals': 19}
HP_TELEMETRY {'extension_signals': 96, 'rejected_signals': 21}
HP_TELEMETRY {'extension_signals': 96, 'rejected_signals': 21}
HP_TELEMETRY {'extension_signals': 94, 'rejected_signals': 19}
HP_TELEMETRY {'extension_signals': 100, 'rejected_signals': 14}
HP_TELEMETRY {'extension_signals': 100, 'rejected_signals': 14}
HP_TELEMETRY {'extension_signals': 90, 'rejected_signals': 38}
HP_TELEMETRY {'extension_signals': 101, 'rejected_signals': 14}
HP_TELEMETRY {'extension_signals': 101, 'rejected_signals': 14}
HP_TELEMETRY {'extension_signals': 101, 'rejected_signals': 19}
HP_TELEMETRY {'extension_signals': 0, 'rejected_signals': 54}
HP_TELEMETRY {'extension_signals': 90, 'rejected_signals': 38}
HP_TELEMETRY {'extension_signals': 101, 'rejected_signals': 14}
HP_TELEMETRY {'extension_signals': 101, 'rejected_signals': 14}
HP_TELEMETRY {'extension_signals': 101, 'rejected_signals': 19}
HP_TELEMETRY {'extension_signals': 0, 'rejected_signals': 54}
HP_TELEMETRY {'extension_signals': 101, 'rejected_signals': 19}
HP_TELEMETRY {'extension_signals': 0, 'rejected_signals': 54}
HP_TELEMETRY {'extension_signals': 94, 'rejected_signals': 19}
HP_TELEMETRY {'extension_signals': 0, 'rejected_signals': 95}
HP_TELEMETRY {'extension_signals': 101, 'rejected_signals': 19}
HP_TELEMETRY {'extension_signals': 0, 'rejected_signals': 54}
HP_TELEMETRY {'extension_signals': 94, 'rejected_signals': 19}
HP_TELEMETRY {'extension_signals': 0, 'rejected_signals': 95}
HP_TELEMETRY {'extension_signals': 90, 'rejected_signals': 38}
HP_TELEMETRY {'extension_signals': 0, 'rejected_signals': 71}
HP_TELEMETRY {'extension_signals': 101, 'rejected_signals': 19}
HP_TELEMETRY {'extension_signals': 90, 'rejected_signals': 38}
HP_TELEMETRY {'extension_signals': 0, 'rejected_signals': 71}
HP_TELEMETRY {'extension_signals': 101, 'rejected_signals': 19}
HP_TELEMETRY {'extension_signals': 90, 'rejected_signals': 38}
HP_TELEMETRY {'extension_signals': 94, 'rejected_signals': 19}
HP_TELEMETRY {'extension_signals': 101, 'rejected_signals': 19}
HP_TELEMETRY {'extension_signals': 96, 'rejected_signals': 21}
HP_TELEMETRY {'extension_signals': 96, 'rejected_signals': 21}
HP_TELEMETRY {'extension_signals': 90, 'rejected_signals': 38}
HP_TELEMETRY {'extension_signals': 94, 'rejected_signals': 19}
HP_TELEMETRY {'extension_signals': 101, 'rejected_signals': 19}
HP_TELEMETRY {'extension_signals': 96, 'rejected_signals': 21}
HP_TELEMETRY {'extension_signals': 96, 'rejected_signals': 21}
HP_TELEMETRY {'extension_signals': 94, 'rejected_signals': 19}
HP_TELEMETRY {'extension_signals': 100, 'rejected_signals': 14}
HP_TELEMETRY {'extension_signals': 100, 'rejected_signals': 14}
HP_TELEMETRY {'extension_signals': 90, 'rejected_signals': 38}
HP_TELEMETRY {'extension_signals': 101, 'rejected_signals': 14}
HP_TELEMETRY {'extension_signals': 101, 'rejected_signals': 14}
HP_TELEMETRY {'extension_signals': 94, 'rejected_signals': 19}
HP_TELEMETRY {'extension_signals': 100, 'rejected_signals': 14}
HP_TELEMETRY {'extension_signals': 100, 'rejected_signals': 14}
HP_TELEMETRY {'extension_signals': 90, 'rejected_signals': 38}
HP_TELEMETRY {'extension_signals': 101, 'rejected_signals': 14}
HP_TELEMETRY {'extension_signals': 101, 'rejected_signals': 14}
HP_TELEMETRY {'extension_signals': 94, 'rejected_signals': 19}
HP_TELEMETRY {'extension_signals': 0, 'rejected_signals': 95}
HP_TELEMETRY {'extension_signals': 90, 'rejected_signals': 38}
HP_TELEMETRY {'extension_signals': 0, 'rejected_signals': 71}
HP_TELEMETRY {'extension_signals': 94, 'rejected_signals': 19}
HP_TELEMETRY {'extension_signals': 0, 'rejected_signals': 95}
HP_TELEMETRY {'extension_signals': 90, 'rejected_signals': 38}
HP_TELEMETRY {'extension_signals': 0, 'rejected_signals': 71}
HP_TELEMETRY {'extension_signals': 101, 'rejected_signals': 19}
HP_TELEMETRY {'extension_signals': 90, 'rejected_signals': 38}
HP_TELEMETRY {'extension_signals': 94, 'rejected_signals': 19}
HP_TELEMETRY {'extension_signals': 101, 'rejected_signals': 19}
HP_TELEMETRY {'extension_signals': 90, 'rejected_signals': 38}
HP_TELEMETRY {'extension_signals': 94, 'rejected_signals': 19}
slice done 154.9 s
verdict: OC_C3_PURE_INCREMENT_CONFIRMED: 画像器+C3 条件羊毛错峰纯增量件（无 C1 无 C2）四判据全过
criteria: {"逐面 Δ≥0（panel 各面 mean Δ≥0，n=16 双席折叠/对）": {"passed": true, "per_face_mean_delta": {"r37": 0.0, "2965": 0.0, "r40": 0.0, "h1": 0.0, "wfr": 91.25}, "threshold": 0}, "WFR 面 Δ>0（panel wfr 面 mean Δ>0）": {"passed": true, "reading": 91.25}, "画像准确率保持 1.0": {"passed": true, "reading": 1.0, "n_rows": 110}, "逐格零足迹（非 wfr 格 Δ=0∧逐字节同；ICE+YARN 世界格全零足迹）": {"passed": true, "zero_footprint_violations": 0, "n_zero_footprint_cells": 88, "ice_yarn_violations": 0, "n_ice_yarn_cells": 24, "ice_yarn_mean_delta": 0.0}}
per-face deltas: {'r37': 0.0, '2965': 0.0, 'r40': 0.0, 'h1': 0.0, 'wfr': 91.25}
profiler acc: 1.0
zero footprint: {'n': 88, 'n_violations': 0, 'violations': [], 'mean_delta': 0.0, 'n_nonzero_delta': 0, 'n_stream_diff': 0}
DONE 588.9 s budget: {'cap_局次': 250, 'auth_games_separate': 60, 'panel_games': 160, 'slice_games': 60, 'judgment_games': 220}
