sim auth: True {'n_checked': 30, 'n_match': 30, 'rate': 1.0}
HP_TELEMETRY {'extension_signals': 86, 'rejected_signals': 37}
HP_TELEMETRY {'extension_signals': 86, 'rejected_signals': 37}
HP_TELEMETRY {'extension_signals': 86, 'rejected_signals': 37}
HP_TELEMETRY {'extension_signals': 86, 'rejected_signals': 37}
mined candidates: 10 strict: 10
panel games: 80
HP_TELEMETRY {'extension_signals': 61, 'rejected_signals': 57}
HP_TELEMETRY {'extension_signals': 77, 'rejected_signals': 25}
HP_TELEMETRY {'extension_signals': 61, 'rejected_signals': 57}
HP_TELEMETRY {'extension_signals': 77, 'rejected_signals': 25}
HP_TELEMETRY {'extension_signals': 61, 'rejected_signals': 57}
HP_TELEMETRY {'extension_signals': 77, 'rejected_signals': 25}
HP_TELEMETRY {'extension_signals': 60, 'rejected_signals': 60}
HP_TELEMETRY {'extension_signals': 60, 'rejected_signals': 60}
HP_TELEMETRY {'extension_signals': 76, 'rejected_signals': 19}
HP_TELEMETRY {'extension_signals': 76, 'rejected_signals': 19}
HP_TELEMETRY {'extension_signals': 0, 'rejected_signals': 93}
HP_TELEMETRY {'extension_signals': 0, 'rejected_signals': 69}
HP_TELEMETRY {'extension_signals': 61, 'rejected_signals': 57}
HP_TELEMETRY {'extension_signals': 77, 'rejected_signals': 25}
HP_TELEMETRY {'extension_signals': 61, 'rejected_signals': 57}
HP_TELEMETRY {'extension_signals': 77, 'rejected_signals': 25}
HP_TELEMETRY {'extension_signals': 61, 'rejected_signals': 57}
HP_TELEMETRY {'extension_signals': 77, 'rejected_signals': 25}
HP_TELEMETRY {'extension_signals': 60, 'rejected_signals': 60}
HP_TELEMETRY {'extension_signals': 60, 'rejected_signals': 60}
HP_TELEMETRY {'extension_signals': 76, 'rejected_signals': 19}
HP_TELEMETRY {'extension_signals': 76, 'rejected_signals': 19}
HP_TELEMETRY {'extension_signals': 0, 'rejected_signals': 92}
HP_TELEMETRY {'extension_signals': 0, 'rejected_signals': 69}
HP_TELEMETRY {'extension_signals': 81, 'rejected_signals': 46}
HP_TELEMETRY {'extension_signals': 81, 'rejected_signals': 35}
HP_TELEMETRY {'extension_signals': 81, 'rejected_signals': 46}
HP_TELEMETRY {'extension_signals': 81, 'rejected_signals': 35}
HP_TELEMETRY {'extension_signals': 81, 'rejected_signals': 46}
HP_TELEMETRY {'extension_signals': 81, 'rejected_signals': 35}
HP_TELEMETRY {'extension_signals': 87, 'rejected_signals': 45}
HP_TELEMETRY {'extension_signals': 87, 'rejected_signals': 45}
HP_TELEMETRY {'extension_signals': 90, 'rejected_signals': 36}
HP_TELEMETRY {'extension_signals': 90, 'rejected_signals': 36}
HP_TELEMETRY {'extension_signals': 4, 'rejected_signals': 77}
HP_TELEMETRY {'extension_signals': 2, 'rejected_signals': 113}
HP_TELEMETRY {'extension_signals': 81, 'rejected_signals': 46}
HP_TELEMETRY {'extension_signals': 81, 'rejected_signals': 35}
HP_TELEMETRY {'extension_signals': 81, 'rejected_signals': 35}
HP_TELEMETRY {'extension_signals': 81, 'rejected_signals': 46}
HP_TELEMETRY {'extension_signals': 81, 'rejected_signals': 35}
HP_TELEMETRY {'extension_signals': 81, 'rejected_signals': 46}
HP_TELEMETRY {'extension_signals': 90, 'rejected_signals': 36}
HP_TELEMETRY {'extension_signals': 90, 'rejected_signals': 36}
HP_TELEMETRY {'extension_signals': 87, 'rejected_signals': 45}
HP_TELEMETRY {'extension_signals': 87, 'rejected_signals': 45}
HP_TELEMETRY {'extension_signals': 4, 'rejected_signals': 77}
HP_TELEMETRY {'extension_signals': 2, 'rejected_signals': 113}
HP_TELEMETRY {'extension_signals': 36, 'rejected_signals': 102}
HP_TELEMETRY {'extension_signals': 72, 'rejected_signals': 71}
HP_TELEMETRY {'extension_signals': 36, 'rejected_signals': 102}
HP_TELEMETRY {'extension_signals': 72, 'rejected_signals': 71}
HP_TELEMETRY {'extension_signals': 72, 'rejected_signals': 71}
HP_TELEMETRY {'extension_signals': 36, 'rejected_signals': 102}
HP_TELEMETRY {'extension_signals': 79, 'rejected_signals': 45}
HP_TELEMETRY {'extension_signals': 79, 'rejected_signals': 45}
HP_TELEMETRY {'extension_signals': 35, 'rejected_signals': 92}
HP_TELEMETRY {'extension_signals': 35, 'rejected_signals': 92}
HP_TELEMETRY {'extension_signals': 0, 'rejected_signals': 83}
HP_TELEMETRY {'extension_signals': 4, 'rejected_signals': 74}
HP_TELEMETRY {'extension_signals': 72, 'rejected_signals': 71}
HP_TELEMETRY {'extension_signals': 36, 'rejected_signals': 102}
HP_TELEMETRY {'extension_signals': 72, 'rejected_signals': 71}
HP_TELEMETRY {'extension_signals': 36, 'rejected_signals': 102}
HP_TELEMETRY {'extension_signals': 72, 'rejected_signals': 71}
HP_TELEMETRY {'extension_signals': 36, 'rejected_signals': 102}
HP_TELEMETRY {'extension_signals': 79, 'rejected_signals': 45}
HP_TELEMETRY {'extension_signals': 79, 'rejected_signals': 45}
HP_TELEMETRY {'extension_signals': 35, 'rejected_signals': 92}
HP_TELEMETRY {'extension_signals': 35, 'rejected_signals': 92}
HP_TELEMETRY {'extension_signals': 0, 'rejected_signals': 83}
HP_TELEMETRY {'extension_signals': 4, 'rejected_signals': 74}
HP_TELEMETRY {'extension_signals': 74, 'rejected_signals': 75}
HP_TELEMETRY {'extension_signals': 83, 'rejected_signals': 50}
HP_TELEMETRY {'extension_signals': 83, 'rejected_signals': 50}
HP_TELEMETRY {'extension_signals': 74, 'rejected_signals': 75}
HP_TELEMETRY {'extension_signals': 83, 'rejected_signals': 50}
HP_TELEMETRY {'extension_signals': 74, 'rejected_signals': 75}
HP_TELEMETRY {'extension_signals': 75, 'rejected_signals': 57}
HP_TELEMETRY {'extension_signals': 75, 'rejected_signals': 57}
HP_TELEMETRY {'extension_signals': 74, 'rejected_signals': 67}
HP_TELEMETRY {'extension_signals': 74, 'rejected_signals': 67}
HP_TELEMETRY {'extension_signals': 2, 'rejected_signals': 84}
HP_TELEMETRY {'extension_signals': 2, 'rejected_signals': 111}
HP_TELEMETRY {'extension_signals': 83, 'rejected_signals': 50}
HP_TELEMETRY {'extension_signals': 74, 'rejected_signals': 75}
HP_TELEMETRY {'extension_signals': 83, 'rejected_signals': 50}
HP_TELEMETRY {'extension_signals': 74, 'rejected_signals': 75}
HP_TELEMETRY {'extension_signals': 83, 'rejected_signals': 50}
HP_TELEMETRY {'extension_signals': 74, 'rejected_signals': 75}
HP_TELEMETRY {'extension_signals': 75, 'rejected_signals': 57}
HP_TELEMETRY {'extension_signals': 75, 'rejected_signals': 57}
HP_TELEMETRY {'extension_signals': 2, 'rejected_signals': 84}
HP_TELEMETRY {'extension_signals': 74, 'rejected_signals': 67}
HP_TELEMETRY {'extension_signals': 74, 'rejected_signals': 67}
HP_TELEMETRY {'extension_signals': 2, 'rejected_signals': 111}
panel done 180.8 s
HP_TELEMETRY {'extension_signals': 85, 'rejected_signals': 25}
probe 727279 ICE_CREAM_SHOP+YARN_STORE trigger True -> ADMIT
HP_TELEMETRY {'extension_signals': 86, 'rejected_signals': 27}
probe 729134 ICE_CREAM_SHOP+YARN_STORE trigger True -> ADMIT
HP_TELEMETRY {'extension_signals': 84, 'rejected_signals': 30}
probe 730353 ICE_CREAM_SHOP+YARN_STORE trigger True -> ADMIT
HP_TELEMETRY {'extension_signals': 91, 'rejected_signals': 18}
probe 731413 ICE_CREAM_SHOP+YARN_STORE trigger True -> ADMIT
HP_TELEMETRY {'extension_signals': 100, 'rejected_signals': 12}
probe 731519 ICE_CREAM_SHOP+YARN_STORE trigger True -> ADMIT
HP_TELEMETRY {'extension_signals': 92, 'rejected_signals': 17}
probe 733851 ICE_CREAM_SHOP+YARN_STORE trigger True -> ADMIT
HP_TELEMETRY {'extension_signals': 91, 'rejected_signals': 23}
probe 734964 ICE_CREAM_SHOP+YARN_STORE trigger True -> ADMIT
HP_TELEMETRY {'extension_signals': 93, 'rejected_signals': 24}
probe 736872 ICE_CREAM_SHOP+YARN_STORE trigger True -> ADMIT
slice worlds: 14 old: [705371, 706113, 708233, 715424, 715795, 716113] new: [727279, 729134, 730353, 731413, 731519, 733851, 734964, 736872]
completion games: 224 budget: 312
HP_TELEMETRY {'extension_signals': 85, 'rejected_signals': 23}
HP_TELEMETRY {'extension_signals': 85, 'rejected_signals': 23}
HP_TELEMETRY {'extension_signals': 0, 'rejected_signals': 68}
HP_TELEMETRY {'extension_signals': 102, 'rejected_signals': 19}
HP_TELEMETRY {'extension_signals': 102, 'rejected_signals': 19}
HP_TELEMETRY {'extension_signals': 90, 'rejected_signals': 15}
HP_TELEMETRY {'extension_signals': 90, 'rejected_signals': 15}
HP_TELEMETRY {'extension_signals': 98, 'rejected_signals': 23}
HP_TELEMETRY {'extension_signals': 98, 'rejected_signals': 23}
HP_TELEMETRY {'extension_signals': 96, 'rejected_signals': 22}
HP_TELEMETRY {'extension_signals': 70, 'rejected_signals': 23}
HP_TELEMETRY {'extension_signals': 69, 'rejected_signals': 25}
HP_TELEMETRY {'extension_signals': 70, 'rejected_signals': 23}
HP_TELEMETRY {'extension_signals': 69, 'rejected_signals': 25}
HP_TELEMETRY {'extension_signals': 85, 'rejected_signals': 25}
HP_TELEMETRY {'extension_signals': 85, 'rejected_signals': 25}
HP_TELEMETRY {'extension_signals': 102, 'rejected_signals': 19}
HP_TELEMETRY {'extension_signals': 102, 'rejected_signals': 19}
HP_TELEMETRY {'extension_signals': 84, 'rejected_signals': 30}
HP_TELEMETRY {'extension_signals': 84, 'rejected_signals': 30}
HP_TELEMETRY {'extension_signals': 101, 'rejected_signals': 19}
HP_TELEMETRY {'extension_signals': 0, 'rejected_signals': 93}
HP_TELEMETRY {'extension_signals': 0, 'rejected_signals': 95}
HP_TELEMETRY {'extension_signals': 0, 'rejected_signals': 95}
HP_TELEMETRY {'extension_signals': 89, 'rejected_signals': 17}
HP_TELEMETRY {'extension_signals': 89, 'rejected_signals': 17}
HP_TELEMETRY {'extension_signals': 89, 'rejected_signals': 17}
HP_TELEMETRY {'extension_signals': 89, 'rejected_signals': 17}
HP_TELEMETRY {'extension_signals': 97, 'rejected_signals': 13}
HP_TELEMETRY {'extension_signals': 97, 'rejected_signals': 13}
HP_TELEMETRY {'extension_signals': 100, 'rejected_signals': 21}
HP_TELEMETRY {'extension_signals': 91, 'rejected_signals': 23}
HP_TELEMETRY {'extension_signals': 91, 'rejected_signals': 23}
HP_TELEMETRY {'extension_signals': 94, 'rejected_signals': 19}
HP_TELEMETRY {'extension_signals': 94, 'rejected_signals': 19}
HP_TELEMETRY {'extension_signals': 85, 'rejected_signals': 23}
HP_TELEMETRY {'extension_signals': 85, 'rejected_signals': 23}
HP_TELEMETRY {'extension_signals': 0, 'rejected_signals': 68}
HP_TELEMETRY {'extension_signals': 102, 'rejected_signals': 19}
HP_TELEMETRY {'extension_signals': 102, 'rejected_signals': 19}
HP_TELEMETRY {'extension_signals': 90, 'rejected_signals': 15}
HP_TELEMETRY {'extension_signals': 90, 'rejected_signals': 15}
HP_TELEMETRY {'extension_signals': 98, 'rejected_signals': 23}
HP_TELEMETRY {'extension_signals': 98, 'rejected_signals': 23}
HP_TELEMETRY {'extension_signals': 96, 'rejected_signals': 22}
HP_TELEMETRY {'extension_signals': 70, 'rejected_signals': 23}
HP_TELEMETRY {'extension_signals': 69, 'rejected_signals': 25}
HP_TELEMETRY {'extension_signals': 70, 'rejected_signals': 23}
HP_TELEMETRY {'extension_signals': 69, 'rejected_signals': 25}
HP_TELEMETRY {'extension_signals': 96, 'rejected_signals': 21}
HP_TELEMETRY {'extension_signals': 96, 'rejected_signals': 21}
HP_TELEMETRY {'extension_signals': 90, 'rejected_signals': 38}
HP_TELEMETRY {'extension_signals': 86, 'rejected_signals': 27}
HP_TELEMETRY {'extension_signals': 86, 'rejected_signals': 27}
HP_TELEMETRY {'extension_signals': 88, 'rejected_signals': 31}
HP_TELEMETRY {'extension_signals': 88, 'rejected_signals': 31}
HP_TELEMETRY {'extension_signals': 91, 'rejected_signals': 18}
HP_TELEMETRY {'extension_signals': 101, 'rejected_signals': 19}
HP_TELEMETRY {'extension_signals': 0, 'rejected_signals': 95}
HP_TELEMETRY {'extension_signals': 2, 'rejected_signals': 70}
HP_TELEMETRY {'extension_signals': 0, 'rejected_signals': 95}
HP_TELEMETRY {'extension_signals': 97, 'rejected_signals': 13}
HP_TELEMETRY {'extension_signals': 97, 'rejected_signals': 13}
HP_TELEMETRY {'extension_signals': 89, 'rejected_signals': 17}
HP_TELEMETRY {'extension_signals': 89, 'rejected_signals': 17}
HP_TELEMETRY {'extension_signals': 103, 'rejected_signals': 17}
HP_TELEMETRY {'extension_signals': 92, 'rejected_signals': 17}
HP_TELEMETRY {'extension_signals': 103, 'rejected_signals': 17}
HP_TELEMETRY {'extension_signals': 93, 'rejected_signals': 24}
HP_TELEMETRY {'extension_signals': 93, 'rejected_signals': 24}
HP_TELEMETRY {'extension_signals': 85, 'rejected_signals': 23}
HP_TELEMETRY {'extension_signals': 83, 'rejected_signals': 37}
HP_TELEMETRY {'extension_signals': 94, 'rejected_signals': 27}
HP_TELEMETRY {'extension_signals': 94, 'rejected_signals': 27}
HP_TELEMETRY {'extension_signals': 94, 'rejected_signals': 15}
HP_TELEMETRY {'extension_signals': 94, 'rejected_signals': 15}
HP_TELEMETRY {'extension_signals': 83, 'rejected_signals': 37}
HP_TELEMETRY {'extension_signals': 94, 'rejected_signals': 15}
HP_TELEMETRY {'extension_signals': 94, 'rejected_signals': 15}
HP_TELEMETRY {'extension_signals': 98, 'rejected_signals': 23}
HP_TELEMETRY {'extension_signals': 98, 'rejected_signals': 23}
HP_TELEMETRY {'extension_signals': 0, 'rejected_signals': 81}
HP_TELEMETRY {'extension_signals': 0, 'rejected_signals': 66}
HP_TELEMETRY {'extension_signals': 0, 'rejected_signals': 75}
HP_TELEMETRY {'extension_signals': 96, 'rejected_signals': 21}
HP_TELEMETRY {'extension_signals': 96, 'rejected_signals': 21}
HP_TELEMETRY {'extension_signals': 96, 'rejected_signals': 21}
HP_TELEMETRY {'extension_signals': 96, 'rejected_signals': 21}
HP_TELEMETRY {'extension_signals': 102, 'rejected_signals': 19}
HP_TELEMETRY {'extension_signals': 102, 'rejected_signals': 19}
HP_TELEMETRY {'extension_signals': 102, 'rejected_signals': 19}
HP_TELEMETRY {'extension_signals': 84, 'rejected_signals': 30}
HP_TELEMETRY {'extension_signals': 84, 'rejected_signals': 30}
HP_TELEMETRY {'extension_signals': 101, 'rejected_signals': 19}
HP_TELEMETRY {'extension_signals': 101, 'rejected_signals': 19}
HP_TELEMETRY {'extension_signals': 103, 'rejected_signals': 13}
HP_TELEMETRY {'extension_signals': 2, 'rejected_signals': 70}
HP_TELEMETRY {'extension_signals': 100, 'rejected_signals': 12}
HP_TELEMETRY {'extension_signals': 2, 'rejected_signals': 82}
HP_TELEMETRY {'extension_signals': 97, 'rejected_signals': 13}
HP_TELEMETRY {'extension_signals': 97, 'rejected_signals': 13}
HP_TELEMETRY {'extension_signals': 0, 'rejected_signals': 74}
HP_TELEMETRY {'extension_signals': 91, 'rejected_signals': 23}
HP_TELEMETRY {'extension_signals': 86, 'rejected_signals': 23}
HP_TELEMETRY {'extension_signals': 86, 'rejected_signals': 23}
HP_TELEMETRY {'extension_signals': 94, 'rejected_signals': 19}
HP_TELEMETRY {'extension_signals': 94, 'rejected_signals': 19}
HP_TELEMETRY {'extension_signals': 85, 'rejected_signals': 23}
HP_TELEMETRY {'extension_signals': 94, 'rejected_signals': 27}
HP_TELEMETRY {'extension_signals': 94, 'rejected_signals': 27}
HP_TELEMETRY {'extension_signals': 83, 'rejected_signals': 37}
HP_TELEMETRY {'extension_signals': 83, 'rejected_signals': 37}
HP_TELEMETRY {'extension_signals': 94, 'rejected_signals': 15}
HP_TELEMETRY {'extension_signals': 94, 'rejected_signals': 15}
HP_TELEMETRY {'extension_signals': 94, 'rejected_signals': 15}
HP_TELEMETRY {'extension_signals': 94, 'rejected_signals': 15}
HP_TELEMETRY {'extension_signals': 0, 'rejected_signals': 69}
HP_TELEMETRY {'extension_signals': 98, 'rejected_signals': 23}
HP_TELEMETRY {'extension_signals': 98, 'rejected_signals': 23}
HP_TELEMETRY {'extension_signals': 0, 'rejected_signals': 81}
HP_TELEMETRY {'extension_signals': 0, 'rejected_signals': 75}
HP_TELEMETRY {'extension_signals': 0, 'rejected_signals': 54}
HP_TELEMETRY {'extension_signals': 96, 'rejected_signals': 21}
HP_TELEMETRY {'extension_signals': 96, 'rejected_signals': 21}
HP_TELEMETRY {'extension_signals': 102, 'rejected_signals': 19}
HP_TELEMETRY {'extension_signals': 102, 'rejected_signals': 19}
HP_TELEMETRY {'extension_signals': 86, 'rejected_signals': 27}
HP_TELEMETRY {'extension_signals': 88, 'rejected_signals': 31}
HP_TELEMETRY {'extension_signals': 88, 'rejected_signals': 31}
HP_TELEMETRY {'extension_signals': 91, 'rejected_signals': 18}
HP_TELEMETRY {'extension_signals': 91, 'rejected_signals': 18}
HP_TELEMETRY {'extension_signals': 103, 'rejected_signals': 13}
HP_TELEMETRY {'extension_signals': 103, 'rejected_signals': 13}
HP_TELEMETRY {'extension_signals': 2, 'rejected_signals': 82}
HP_TELEMETRY {'extension_signals': 100, 'rejected_signals': 21}
HP_TELEMETRY {'extension_signals': 0, 'rejected_signals': 74}
HP_TELEMETRY {'extension_signals': 97, 'rejected_signals': 13}
HP_TELEMETRY {'extension_signals': 97, 'rejected_signals': 13}
HP_TELEMETRY {'extension_signals': 86, 'rejected_signals': 23}
HP_TELEMETRY {'extension_signals': 86, 'rejected_signals': 23}
HP_TELEMETRY {'extension_signals': 86, 'rejected_signals': 23}
HP_TELEMETRY {'extension_signals': 86, 'rejected_signals': 23}
HP_TELEMETRY {'extension_signals': 93, 'rejected_signals': 24}
HP_TELEMETRY {'extension_signals': 93, 'rejected_signals': 24}
HP_TELEMETRY {'extension_signals': 0, 'rejected_signals': 102}
HP_TELEMETRY {'extension_signals': 96, 'rejected_signals': 19}
HP_TELEMETRY {'extension_signals': 83, 'rejected_signals': 37}
HP_TELEMETRY {'extension_signals': 0, 'rejected_signals': 88}
HP_TELEMETRY {'extension_signals': 98, 'rejected_signals': 23}
HP_TELEMETRY {'extension_signals': 98, 'rejected_signals': 23}
HP_TELEMETRY {'extension_signals': 0, 'rejected_signals': 66}
HP_TELEMETRY {'extension_signals': 0, 'rejected_signals': 88}
HP_TELEMETRY {'extension_signals': 70, 'rejected_signals': 27}
HP_TELEMETRY {'extension_signals': 90, 'rejected_signals': 38}
HP_TELEMETRY {'extension_signals': 0, 'rejected_signals': 54}
HP_TELEMETRY {'extension_signals': 85, 'rejected_signals': 25}
HP_TELEMETRY {'extension_signals': 0, 'rejected_signals': 54}
HP_TELEMETRY {'extension_signals': 102, 'rejected_signals': 19}
HP_TELEMETRY {'extension_signals': 102, 'rejected_signals': 19}
HP_TELEMETRY {'extension_signals': 0, 'rejected_signals': 103}
HP_TELEMETRY {'extension_signals': 84, 'rejected_signals': 30}
HP_TELEMETRY {'extension_signals': 82, 'rejected_signals': 30}
HP_TELEMETRY {'extension_signals': 82, 'rejected_signals': 30}
HP_TELEMETRY {'extension_signals': 101, 'rejected_signals': 19}
HP_TELEMETRY {'extension_signals': 101, 'rejected_signals': 19}
HP_TELEMETRY {'extension_signals': 100, 'rejected_signals': 12}
HP_TELEMETRY {'extension_signals': 100, 'rejected_signals': 12}
HP_TELEMETRY {'extension_signals': 100, 'rejected_signals': 21}
HP_TELEMETRY {'extension_signals': 0, 'rejected_signals': 74}
HP_TELEMETRY {'extension_signals': 100, 'rejected_signals': 21}
HP_TELEMETRY {'extension_signals': 103, 'rejected_signals': 17}
HP_TELEMETRY {'extension_signals': 86, 'rejected_signals': 23}
HP_TELEMETRY {'extension_signals': 86, 'rejected_signals': 23}
HP_TELEMETRY {'extension_signals': 2, 'rejected_signals': 49}
HP_TELEMETRY {'extension_signals': 101, 'rejected_signals': 14}
HP_TELEMETRY {'extension_signals': 101, 'rejected_signals': 14}
HP_TELEMETRY {'extension_signals': 101, 'rejected_signals': 14}
HP_TELEMETRY {'extension_signals': 101, 'rejected_signals': 14}
HP_TELEMETRY {'extension_signals': 0, 'rejected_signals': 102}
HP_TELEMETRY {'extension_signals': 83, 'rejected_signals': 37}
HP_TELEMETRY {'extension_signals': 96, 'rejected_signals': 19}
HP_TELEMETRY {'extension_signals': 0, 'rejected_signals': 88}
HP_TELEMETRY {'extension_signals': 0, 'rejected_signals': 69}
HP_TELEMETRY {'extension_signals': 98, 'rejected_signals': 23}
HP_TELEMETRY {'extension_signals': 98, 'rejected_signals': 23}
HP_TELEMETRY {'extension_signals': 0, 'rejected_signals': 88}
HP_TELEMETRY {'extension_signals': 90, 'rejected_signals': 38}
HP_TELEMETRY {'extension_signals': 67, 'rejected_signals': 31}
HP_TELEMETRY {'extension_signals': 0, 'rejected_signals': 54}
HP_TELEMETRY {'extension_signals': 90, 'rejected_signals': 38}
HP_TELEMETRY {'extension_signals': 102, 'rejected_signals': 19}
HP_TELEMETRY {'extension_signals': 102, 'rejected_signals': 19}
HP_TELEMETRY {'extension_signals': 102, 'rejected_signals': 19}
HP_TELEMETRY {'extension_signals': 82, 'rejected_signals': 30}
HP_TELEMETRY {'extension_signals': 82, 'rejected_signals': 30}
HP_TELEMETRY {'extension_signals': 0, 'rejected_signals': 104}
HP_TELEMETRY {'extension_signals': 91, 'rejected_signals': 18}
HP_TELEMETRY {'extension_signals': 82, 'rejected_signals': 30}
HP_TELEMETRY {'extension_signals': 82, 'rejected_signals': 30}
HP_TELEMETRY {'extension_signals': 103, 'rejected_signals': 13}
HP_TELEMETRY {'extension_signals': 91, 'rejected_signals': 18}
HP_TELEMETRY {'extension_signals': 92, 'rejected_signals': 17}
HP_TELEMETRY {'extension_signals': 103, 'rejected_signals': 13}
HP_TELEMETRY {'extension_signals': 0, 'rejected_signals': 74}
HP_TELEMETRY {'extension_signals': 2, 'rejected_signals': 49}
HP_TELEMETRY {'extension_signals': 92, 'rejected_signals': 17}
HP_TELEMETRY {'extension_signals': 103, 'rejected_signals': 17}
HP_TELEMETRY {'extension_signals': 101, 'rejected_signals': 14}
HP_TELEMETRY {'extension_signals': 101, 'rejected_signals': 14}
HP_TELEMETRY {'extension_signals': 0, 'rejected_signals': 64}
HP_TELEMETRY {'extension_signals': 101, 'rejected_signals': 14}
HP_TELEMETRY {'extension_signals': 101, 'rejected_signals': 14}
HP_TELEMETRY {'extension_signals': 96, 'rejected_signals': 19}
HP_TELEMETRY {'extension_signals': 0, 'rejected_signals': 111}
HP_TELEMETRY {'extension_signals': 96, 'rejected_signals': 22}
HP_TELEMETRY {'extension_signals': 96, 'rejected_signals': 19}
HP_TELEMETRY {'extension_signals': 70, 'rejected_signals': 27}
HP_TELEMETRY {'extension_signals': 90, 'rejected_signals': 15}
HP_TELEMETRY {'extension_signals': 85, 'rejected_signals': 25}
HP_TELEMETRY {'extension_signals': 96, 'rejected_signals': 22}
HP_TELEMETRY {'extension_signals': 70, 'rejected_signals': 27}
HP_TELEMETRY {'extension_signals': 102, 'rejected_signals': 19}
HP_TELEMETRY {'extension_signals': 0, 'rejected_signals': 103}
HP_TELEMETRY {'extension_signals': 85, 'rejected_signals': 25}
HP_TELEMETRY {'extension_signals': 82, 'rejected_signals': 30}
HP_TELEMETRY {'extension_signals': 82, 'rejected_signals': 30}
HP_TELEMETRY {'extension_signals': 102, 'rejected_signals': 19}
HP_TELEMETRY {'extension_signals': 100, 'rejected_signals': 14}
HP_TELEMETRY {'extension_signals': 100, 'rejected_signals': 14}
HP_TELEMETRY {'extension_signals': 88, 'rejected_signals': 31}
HP_TELEMETRY {'extension_signals': 0, 'rejected_signals': 93}
HP_TELEMETRY {'extension_signals': 100, 'rejected_signals': 12}
HP_TELEMETRY {'extension_signals': 100, 'rejected_signals': 14}
HP_TELEMETRY {'extension_signals': 100, 'rejected_signals': 14}
HP_TELEMETRY {'extension_signals': 100, 'rejected_signals': 21}
HP_TELEMETRY {'extension_signals': 100, 'rejected_signals': 12}
HP_TELEMETRY {'extension_signals': 91, 'rejected_signals': 23}
HP_TELEMETRY {'extension_signals': 0, 'rejected_signals': 64}
HP_TELEMETRY {'extension_signals': 100, 'rejected_signals': 21}
HP_TELEMETRY {'extension_signals': 0, 'rejected_signals': 71}
HP_TELEMETRY {'extension_signals': 91, 'rejected_signals': 23}
HP_TELEMETRY {'extension_signals': 94, 'rejected_signals': 19}
HP_TELEMETRY {'extension_signals': 0, 'rejected_signals': 71}
HP_TELEMETRY {'extension_signals': 96, 'rejected_signals': 19}
HP_TELEMETRY {'extension_signals': 0, 'rejected_signals': 111}
HP_TELEMETRY {'extension_signals': 96, 'rejected_signals': 22}
HP_TELEMETRY {'extension_signals': 96, 'rejected_signals': 19}
HP_TELEMETRY {'extension_signals': 67, 'rejected_signals': 31}
HP_TELEMETRY {'extension_signals': 90, 'rejected_signals': 15}
HP_TELEMETRY {'extension_signals': 90, 'rejected_signals': 38}
HP_TELEMETRY {'extension_signals': 96, 'rejected_signals': 22}
HP_TELEMETRY {'extension_signals': 86, 'rejected_signals': 27}
HP_TELEMETRY {'extension_signals': 67, 'rejected_signals': 31}
HP_TELEMETRY {'extension_signals': 0, 'rejected_signals': 104}
HP_TELEMETRY {'extension_signals': 90, 'rejected_signals': 38}
HP_TELEMETRY {'extension_signals': 0, 'rejected_signals': 93}
HP_TELEMETRY {'extension_signals': 86, 'rejected_signals': 27}
HP_TELEMETRY {'extension_signals': 100, 'rejected_signals': 14}
HP_TELEMETRY {'extension_signals': 100, 'rejected_signals': 14}
HP_TELEMETRY {'extension_signals': 88, 'rejected_signals': 31}
HP_TELEMETRY {'extension_signals': 103, 'rejected_signals': 13}
HP_TELEMETRY {'extension_signals': 0, 'rejected_signals': 93}
HP_TELEMETRY {'extension_signals': 92, 'rejected_signals': 17}
HP_TELEMETRY {'extension_signals': 100, 'rejected_signals': 14}
HP_TELEMETRY {'extension_signals': 100, 'rejected_signals': 14}
HP_TELEMETRY {'extension_signals': 103, 'rejected_signals': 17}
HP_TELEMETRY {'extension_signals': 89, 'rejected_signals': 17}
HP_TELEMETRY {'extension_signals': 89, 'rejected_signals': 17}
HP_TELEMETRY {'extension_signals': 94, 'rejected_signals': 19}
HP_TELEMETRY {'extension_signals': 0, 'rejected_signals': 71}
HP_TELEMETRY {'extension_signals': 92, 'rejected_signals': 17}
HP_TELEMETRY {'extension_signals': 103, 'rejected_signals': 17}
HP_TELEMETRY {'extension_signals': 93, 'rejected_signals': 24}
HP_TELEMETRY {'extension_signals': 0, 'rejected_signals': 71}
slice done 554.1 s
verdict: NOT_CONFIRMED（详见 criteria）
criteria: {"全对面 h2h vs H1_base ≥0.5（panel 80 单元池化）": {"passed": true, "reading": 0.5375}, "逐对手面无一劣化（各面 mean Δ≥−50/局）": {"passed": true, "per_face_mean_delta": {"r37": 0.0, "2965": 0.0, "r40": 0.0, "h1": 0.0, "wfr": 91.25}, "threshold": -50}, "画像准确率保持 1.0": {"passed": true, "reading": 1.0, "n_rows": 440}, "WFR 面增益保留（panel wfr 面 mean Δ>0）": {"passed": true, "reading": 91.25}, "触发切片 Δ>0（实触发世界 family 三面池化）": {"passed": false, "reading": -860.0, "n_seeds": 1, "n_units_per_face": 2, "std_sample": null, "reading_all_mined": -1889.67}}
pooled h2h: 0.5375 face deltas: {'r37': 0.0, '2965': 0.0, 'r40': 0.0, 'h1': 0.0, 'wfr': 91.25}
trigger slice family pooled: {'n_seeds': 1, 'n_units_per_face': 2, 'seed_means': [-860.0], 'mean': -860.0, 'std_sample': None, 'min': -860.0, 'max': -860.0}
profiler acc: 1.0
DONE 818.4 s budget: {'cap_局次': 350, 'auth_games_separate': 60, 'mining_games_separate': 2, 'panel_games': 80, 'probe_games': 8, 'slice_completion_games': 224, 'judgment_games': 312, 'reused_ledger_games': 128}
