start 2026-09-24T11:51:19Z n_ids=72
ok 112852596 32723371
ok 112853391 32605558
ok 112851436 32514680
ok 112850273 32588956
ok 112849110 34458691
ok 112847954 32656851
ok 112846785 31351866
ok 112845604 32752637
ok 112844424 31556634
ok 112843277 35126247
ok 112842159 34579452
ok 112840958 34673237
ok 112839832 32604596
ok 112838673 32619402
ok 112838302 32761892
ok 112837488 34569622
ok 112836317 32741179
ok 112835136 34695222
ok 112833949 32551748
ok 112832752 34457583
ok 112831575 32522715
ok 112830352 32542331
ok 112829156 32545212
ok 112828011 32540404
ok 112826868 34588672
ok 112825732 32592838
ok 112824591 32587618
ok 112823438 32591643
ok 112822309 32577683
ok 112821155 32574415
ok 112820019 32568040
ok 112818872 31103496
ok 112817709 32391965
ok 112816559 31568860
ok 112815438 32273685
ok 112814254 25755938
ok 112813113 30910679
ok 112811974 25461735
ok 112852621 32588817
ok 112851433 32593027
ok 112850267 34673970
ok 112849099 32734941
ok 112847952 31260531
ok 112846774 34458065
ok 112845601 32691362
ok 112844429 32548919
ok 112843272 32614782
ok 112843266 32424972
ok 112842083 32732792
ok 112842735 32600080
ok 112840925 32308607
ok 112839789 32590333
ok 112838623 34364534
ok 112837481 32577426
ok 112836273 32579736
ok 112835052 32537154
ok 112835161 32627062
ok 112833942 33223289
ok 112832703 32577323
ok 112831515 34425802
ok 112830330 32565268
ok 112829186 33480605
ok 112828048 32558600
ok 112826909 32567415
ok 112825764 32687501
ok 112824627 33594684
ok 112823464 33711720
ok 112822367 31598691
ok 112821236 32437838
ok 112820070 32251980
ok 112818930 30006043
ok 112817799 30682799
failures:
end 2026-09-24T11:55:25Z
