HP_TELEMETRY {'extension_signals': 77, 'rejected_signals': 25}
HP_TELEMETRY {'extension_signals': 81, 'rejected_signals': 46}
HP_TELEMETRY {'extension_signals': 92, 'rejected_signals': 40}
HP_TELEMETRY {'extension_signals': 61, 'rejected_signals': 57}
HP_TELEMETRY {'extension_signals': 0, 'rejected_signals': 105}
HP_TELEMETRY {'extension_signals': 87, 'rejected_signals': 36}
HP_TELEMETRY {'extension_signals': 77, 'rejected_signals': 25}
HP_TELEMETRY {'extension_signals': 81, 'rejected_signals': 46}
HP_TELEMETRY {'extension_signals': 92, 'rejected_signals': 40}
HP_TELEMETRY {'extension_signals': 61, 'rejected_signals': 57}
HP_TELEMETRY {'extension_signals': 0, 'rejected_signals': 105}
HP_TELEMETRY {'extension_signals': 87, 'rejected_signals': 36}
control season 1512.8 ph4 {'0': 0.198, '1': 0.2838, '2': 0.2067, '3': 0.3114}
HP_TELEMETRY {'extension_signals': 77, 'rejected_signals': 25}
HP_TELEMETRY {'extension_signals': 81, 'rejected_signals': 46}
HP_TELEMETRY {'extension_signals': 92, 'rejected_signals': 40}
HP_TELEMETRY {'extension_signals': 61, 'rejected_signals': 57}
HP_TELEMETRY {'extension_signals': 0, 'rejected_signals': 105}
HP_TELEMETRY {'extension_signals': 87, 'rejected_signals': 36}
HP_TELEMETRY {'extension_signals': 77, 'rejected_signals': 25}
HP_TELEMETRY {'extension_signals': 81, 'rejected_signals': 46}
HP_TELEMETRY {'extension_signals': 92, 'rejected_signals': 40}
HP_TELEMETRY {'extension_signals': 61, 'rejected_signals': 57}
HP_TELEMETRY {'extension_signals': 0, 'rejected_signals': 105}
HP_TELEMETRY {'extension_signals': 87, 'rejected_signals': 36}
plant_m2 season 1511.3 ph4 {'0': 0.198, '1': 0.2838, '2': 0.2067, '3': 0.3114}
HP_TELEMETRY {'extension_signals': 77, 'rejected_signals': 25}
HP_TELEMETRY {'extension_signals': 81, 'rejected_signals': 46}
HP_TELEMETRY {'extension_signals': 92, 'rejected_signals': 40}
HP_TELEMETRY {'extension_signals': 61, 'rejected_signals': 57}
HP_TELEMETRY {'extension_signals': 0, 'rejected_signals': 105}
HP_TELEMETRY {'extension_signals': 87, 'rejected_signals': 36}
HP_TELEMETRY {'extension_signals': 77, 'rejected_signals': 25}
HP_TELEMETRY {'extension_signals': 81, 'rejected_signals': 46}
HP_TELEMETRY {'extension_signals': 92, 'rejected_signals': 40}
HP_TELEMETRY {'extension_signals': 61, 'rejected_signals': 57}
HP_TELEMETRY {'extension_signals': 0, 'rejected_signals': 105}
HP_TELEMETRY {'extension_signals': 87, 'rejected_signals': 36}
plant_p1 season 1515.0 ph4 {'0': 0.198, '1': 0.2838, '2': 0.2067, '3': 0.3114}
HP_TELEMETRY {'extension_signals': 77, 'rejected_signals': 25}
HP_TELEMETRY {'extension_signals': 81, 'rejected_signals': 46}
HP_TELEMETRY {'extension_signals': 92, 'rejected_signals': 40}
HP_TELEMETRY {'extension_signals': 61, 'rejected_signals': 57}
HP_TELEMETRY {'extension_signals': 0, 'rejected_signals': 105}
HP_TELEMETRY {'extension_signals': 87, 'rejected_signals': 36}
HP_TELEMETRY {'extension_signals': 77, 'rejected_signals': 25}
HP_TELEMETRY {'extension_signals': 81, 'rejected_signals': 46}
HP_TELEMETRY {'extension_signals': 92, 'rejected_signals': 40}
HP_TELEMETRY {'extension_signals': 61, 'rejected_signals': 57}
HP_TELEMETRY {'extension_signals': 0, 'rejected_signals': 105}
HP_TELEMETRY {'extension_signals': 87, 'rejected_signals': 36}
plant_p2 season 1511.3 ph4 {'0': 0.198, '1': 0.2838, '2': 0.2067, '3': 0.3114}
HP_TELEMETRY {'extension_signals': 77, 'rejected_signals': 25}
HP_TELEMETRY {'extension_signals': 81, 'rejected_signals': 46}
HP_TELEMETRY {'extension_signals': 92, 'rejected_signals': 40}
HP_TELEMETRY {'extension_signals': 61, 'rejected_signals': 57}
HP_TELEMETRY {'extension_signals': 0, 'rejected_signals': 105}
HP_TELEMETRY {'extension_signals': 87, 'rejected_signals': 36}
HP_TELEMETRY {'extension_signals': 77, 'rejected_signals': 25}
HP_TELEMETRY {'extension_signals': 81, 'rejected_signals': 46}
HP_TELEMETRY {'extension_signals': 92, 'rejected_signals': 40}
HP_TELEMETRY {'extension_signals': 61, 'rejected_signals': 57}
HP_TELEMETRY {'extension_signals': 0, 'rejected_signals': 105}
HP_TELEMETRY {'extension_signals': 87, 'rejected_signals': 36}
harvest_m1 season 1512.8 ph4 {'0': 0.2135, '1': 0.2798, '2': 0.2195, '3': 0.2872}
HP_TELEMETRY {'extension_signals': 79, 'rejected_signals': 22}
HP_TELEMETRY {'extension_signals': 85, 'rejected_signals': 41}
HP_TELEMETRY {'extension_signals': 93, 'rejected_signals': 38}
HP_TELEMETRY {'extension_signals': 62, 'rejected_signals': 59}
HP_TELEMETRY {'extension_signals': 0, 'rejected_signals': 109}
HP_TELEMETRY {'extension_signals': 65, 'rejected_signals': 54}
HP_TELEMETRY {'extension_signals': 79, 'rejected_signals': 22}
HP_TELEMETRY {'extension_signals': 85, 'rejected_signals': 41}
HP_TELEMETRY {'extension_signals': 93, 'rejected_signals': 38}
HP_TELEMETRY {'extension_signals': 62, 'rejected_signals': 59}
HP_TELEMETRY {'extension_signals': 0, 'rejected_signals': 109}
HP_TELEMETRY {'extension_signals': 88, 'rejected_signals': 36}
harvest_p1 season 1500.0 ph4 {'0': 0.1958, '1': 0.2828, '2': 0.2077, '3': 0.3136}
DONE rhythm {'cap_局次': 300, 'auth_局次': 30, 'judgment_局次': 144, 'total_局次': 246, 'within_cap': True, 'rhythm_局次': 72}
