HP_TELEMETRY {'extension_signals': 74, 'rejected_signals': 60}
HP_TELEMETRY {'extension_signals': 74, 'rejected_signals': 60}
HP_TELEMETRY {'extension_signals': 81, 'rejected_signals': 57}
HP_TELEMETRY {'extension_signals': 81, 'rejected_signals': 57}
HP_TELEMETRY {'extension_signals': 74, 'rejected_signals': 56}
HP_TELEMETRY {'extension_signals': 74, 'rejected_signals': 56}
HP_TELEMETRY {'extension_signals': 71, 'rejected_signals': 46}
HP_TELEMETRY {'extension_signals': 71, 'rejected_signals': 46}
HP_TELEMETRY {'extension_signals': 84, 'rejected_signals': 15}
HP_TELEMETRY {'extension_signals': 84, 'rejected_signals': 15}
HP_TELEMETRY {'extension_signals': 82, 'rejected_signals': 27}
HP_TELEMETRY {'extension_signals': 82, 'rejected_signals': 27}
HP_TELEMETRY {'extension_signals': 72, 'rejected_signals': 63}
HP_TELEMETRY {'extension_signals': 72, 'rejected_signals': 63}
HP_TELEMETRY {'extension_signals': 73, 'rejected_signals': 28}
HP_TELEMETRY {'extension_signals': 73, 'rejected_signals': 28}
HP_TELEMETRY {'extension_signals': 83, 'rejected_signals': 39}
HP_TELEMETRY {'extension_signals': 83, 'rejected_signals': 39}
HP_TELEMETRY {'extension_signals': 64, 'rejected_signals': 34}
HP_TELEMETRY {'extension_signals': 64, 'rejected_signals': 34}
HP_TELEMETRY {'extension_signals': 81, 'rejected_signals': 21}
HP_TELEMETRY {'extension_signals': 81, 'rejected_signals': 21}
HP_TELEMETRY {'extension_signals': 60, 'rejected_signals': 68}
HP_TELEMETRY {'extension_signals': 60, 'rejected_signals': 68}
HP_TELEMETRY {'extension_signals': 74, 'rejected_signals': 60}
HP_TELEMETRY {'extension_signals': 74, 'rejected_signals': 60}
HP_TELEMETRY {'extension_signals': 81, 'rejected_signals': 57}
HP_TELEMETRY {'extension_signals': 81, 'rejected_signals': 57}
HP_TELEMETRY {'extension_signals': 74, 'rejected_signals': 56}
HP_TELEMETRY {'extension_signals': 74, 'rejected_signals': 56}
HP_TELEMETRY {'extension_signals': 71, 'rejected_signals': 46}
HP_TELEMETRY {'extension_signals': 71, 'rejected_signals': 46}
HP_TELEMETRY {'extension_signals': 84, 'rejected_signals': 15}
HP_TELEMETRY {'extension_signals': 84, 'rejected_signals': 15}
HP_TELEMETRY {'extension_signals': 82, 'rejected_signals': 27}
HP_TELEMETRY {'extension_signals': 82, 'rejected_signals': 27}
HP_TELEMETRY {'extension_signals': 72, 'rejected_signals': 63}
HP_TELEMETRY {'extension_signals': 72, 'rejected_signals': 63}
HP_TELEMETRY {'extension_signals': 73, 'rejected_signals': 28}
HP_TELEMETRY {'extension_signals': 73, 'rejected_signals': 28}
HP_TELEMETRY {'extension_signals': 83, 'rejected_signals': 39}
HP_TELEMETRY {'extension_signals': 83, 'rejected_signals': 39}
HP_TELEMETRY {'extension_signals': 64, 'rejected_signals': 34}
HP_TELEMETRY {'extension_signals': 64, 'rejected_signals': 34}
HP_TELEMETRY {'extension_signals': 81, 'rejected_signals': 21}
HP_TELEMETRY {'extension_signals': 81, 'rejected_signals': 21}
HP_TELEMETRY {'extension_signals': 60, 'rejected_signals': 68}
HP_TELEMETRY {'extension_signals': 60, 'rejected_signals': 68}
screen fert23 h2h= 0.3333
HP_TELEMETRY {'extension_signals': 74, 'rejected_signals': 60}
HP_TELEMETRY {'extension_signals': 74, 'rejected_signals': 60}
HP_TELEMETRY {'extension_signals': 81, 'rejected_signals': 57}
HP_TELEMETRY {'extension_signals': 81, 'rejected_signals': 57}
HP_TELEMETRY {'extension_signals': 74, 'rejected_signals': 56}
HP_TELEMETRY {'extension_signals': 74, 'rejected_signals': 56}
HP_TELEMETRY {'extension_signals': 71, 'rejected_signals': 46}
HP_TELEMETRY {'extension_signals': 71, 'rejected_signals': 46}
HP_TELEMETRY {'extension_signals': 84, 'rejected_signals': 15}
HP_TELEMETRY {'extension_signals': 84, 'rejected_signals': 15}
HP_TELEMETRY {'extension_signals': 82, 'rejected_signals': 27}
HP_TELEMETRY {'extension_signals': 82, 'rejected_signals': 27}
HP_TELEMETRY {'extension_signals': 72, 'rejected_signals': 63}
HP_TELEMETRY {'extension_signals': 72, 'rejected_signals': 63}
HP_TELEMETRY {'extension_signals': 73, 'rejected_signals': 28}
HP_TELEMETRY {'extension_signals': 73, 'rejected_signals': 28}
HP_TELEMETRY {'extension_signals': 83, 'rejected_signals': 39}
HP_TELEMETRY {'extension_signals': 83, 'rejected_signals': 39}
HP_TELEMETRY {'extension_signals': 64, 'rejected_signals': 34}
HP_TELEMETRY {'extension_signals': 64, 'rejected_signals': 34}
HP_TELEMETRY {'extension_signals': 81, 'rejected_signals': 21}
HP_TELEMETRY {'extension_signals': 81, 'rejected_signals': 21}
HP_TELEMETRY {'extension_signals': 60, 'rejected_signals': 68}
HP_TELEMETRY {'extension_signals': 60, 'rejected_signals': 68}
HP_TELEMETRY {'extension_signals': 74, 'rejected_signals': 60}
HP_TELEMETRY {'extension_signals': 74, 'rejected_signals': 60}
HP_TELEMETRY {'extension_signals': 81, 'rejected_signals': 57}
HP_TELEMETRY {'extension_signals': 81, 'rejected_signals': 57}
HP_TELEMETRY {'extension_signals': 74, 'rejected_signals': 56}
HP_TELEMETRY {'extension_signals': 74, 'rejected_signals': 56}
HP_TELEMETRY {'extension_signals': 71, 'rejected_signals': 46}
HP_TELEMETRY {'extension_signals': 71, 'rejected_signals': 46}
HP_TELEMETRY {'extension_signals': 84, 'rejected_signals': 15}
HP_TELEMETRY {'extension_signals': 84, 'rejected_signals': 15}
HP_TELEMETRY {'extension_signals': 82, 'rejected_signals': 27}
HP_TELEMETRY {'extension_signals': 82, 'rejected_signals': 27}
HP_TELEMETRY {'extension_signals': 72, 'rejected_signals': 63}
HP_TELEMETRY {'extension_signals': 72, 'rejected_signals': 63}
HP_TELEMETRY {'extension_signals': 73, 'rejected_signals': 28}
HP_TELEMETRY {'extension_signals': 73, 'rejected_signals': 28}
HP_TELEMETRY {'extension_signals': 83, 'rejected_signals': 39}
HP_TELEMETRY {'extension_signals': 83, 'rejected_signals': 39}
HP_TELEMETRY {'extension_signals': 64, 'rejected_signals': 34}
HP_TELEMETRY {'extension_signals': 64, 'rejected_signals': 34}
HP_TELEMETRY {'extension_signals': 81, 'rejected_signals': 21}
HP_TELEMETRY {'extension_signals': 81, 'rejected_signals': 21}
HP_TELEMETRY {'extension_signals': 60, 'rejected_signals': 68}
HP_TELEMETRY {'extension_signals': 60, 'rejected_signals': 68}
screen fert46 h2h= 0.6667
HP_TELEMETRY {'extension_signals': 68, 'rejected_signals': 66}
HP_TELEMETRY {'extension_signals': 62, 'rejected_signals': 63}
HP_TELEMETRY {'extension_signals': 93, 'rejected_signals': 47}
HP_TELEMETRY {'extension_signals': 86, 'rejected_signals': 48}
HP_TELEMETRY {'extension_signals': 61, 'rejected_signals': 62}
HP_TELEMETRY {'extension_signals': 58, 'rejected_signals': 54}
HP_TELEMETRY {'extension_signals': 89, 'rejected_signals': 32}
HP_TELEMETRY {'extension_signals': 92, 'rejected_signals': 33}
HP_TELEMETRY {'extension_signals': 82, 'rejected_signals': 17}
HP_TELEMETRY {'extension_signals': 82, 'rejected_signals': 15}
HP_TELEMETRY {'extension_signals': 81, 'rejected_signals': 27}
HP_TELEMETRY {'extension_signals': 81, 'rejected_signals': 27}
HP_TELEMETRY {'extension_signals': 76, 'rejected_signals': 49}
HP_TELEMETRY {'extension_signals': 76, 'rejected_signals': 49}
HP_TELEMETRY {'extension_signals': 69, 'rejected_signals': 28}
HP_TELEMETRY {'extension_signals': 68, 'rejected_signals': 28}
HP_TELEMETRY {'extension_signals': 37, 'rejected_signals': 72}
HP_TELEMETRY {'extension_signals': 41, 'rejected_signals': 81}
HP_TELEMETRY {'extension_signals': 64, 'rejected_signals': 33}
HP_TELEMETRY {'extension_signals': 64, 'rejected_signals': 33}
HP_TELEMETRY {'extension_signals': 87, 'rejected_signals': 19}
HP_TELEMETRY {'extension_signals': 86, 'rejected_signals': 19}
HP_TELEMETRY {'extension_signals': 52, 'rejected_signals': 72}
HP_TELEMETRY {'extension_signals': 54, 'rejected_signals': 70}
HP_TELEMETRY {'extension_signals': 62, 'rejected_signals': 63}
HP_TELEMETRY {'extension_signals': 68, 'rejected_signals': 66}
HP_TELEMETRY {'extension_signals': 86, 'rejected_signals': 48}
HP_TELEMETRY {'extension_signals': 93, 'rejected_signals': 47}
HP_TELEMETRY {'extension_signals': 58, 'rejected_signals': 54}
HP_TELEMETRY {'extension_signals': 61, 'rejected_signals': 62}
HP_TELEMETRY {'extension_signals': 92, 'rejected_signals': 33}
HP_TELEMETRY {'extension_signals': 89, 'rejected_signals': 32}
HP_TELEMETRY {'extension_signals': 82, 'rejected_signals': 15}
HP_TELEMETRY {'extension_signals': 82, 'rejected_signals': 17}
HP_TELEMETRY {'extension_signals': 81, 'rejected_signals': 27}
HP_TELEMETRY {'extension_signals': 81, 'rejected_signals': 27}
HP_TELEMETRY {'extension_signals': 76, 'rejected_signals': 49}
HP_TELEMETRY {'extension_signals': 76, 'rejected_signals': 49}
HP_TELEMETRY {'extension_signals': 68, 'rejected_signals': 28}
HP_TELEMETRY {'extension_signals': 69, 'rejected_signals': 28}
HP_TELEMETRY {'extension_signals': 41, 'rejected_signals': 81}
HP_TELEMETRY {'extension_signals': 37, 'rejected_signals': 72}
HP_TELEMETRY {'extension_signals': 64, 'rejected_signals': 33}
HP_TELEMETRY {'extension_signals': 64, 'rejected_signals': 33}
HP_TELEMETRY {'extension_signals': 86, 'rejected_signals': 19}
HP_TELEMETRY {'extension_signals': 87, 'rejected_signals': 19}
HP_TELEMETRY {'extension_signals': 54, 'rejected_signals': 70}
HP_TELEMETRY {'extension_signals': 52, 'rejected_signals': 72}
screen fert46_gadd6 h2h= 0.0
HP_TELEMETRY {'extension_signals': 74, 'rejected_signals': 60}
HP_TELEMETRY {'extension_signals': 70, 'rejected_signals': 52}
HP_TELEMETRY {'extension_signals': 81, 'rejected_signals': 57}
HP_TELEMETRY {'extension_signals': 81, 'rejected_signals': 57}
HP_TELEMETRY {'extension_signals': 74, 'rejected_signals': 56}
HP_TELEMETRY {'extension_signals': 74, 'rejected_signals': 52}
HP_TELEMETRY {'extension_signals': 71, 'rejected_signals': 46}
HP_TELEMETRY {'extension_signals': 71, 'rejected_signals': 46}
HP_TELEMETRY {'extension_signals': 84, 'rejected_signals': 15}
HP_TELEMETRY {'extension_signals': 84, 'rejected_signals': 15}
HP_TELEMETRY {'extension_signals': 82, 'rejected_signals': 27}
HP_TELEMETRY {'extension_signals': 82, 'rejected_signals': 27}
HP_TELEMETRY {'extension_signals': 72, 'rejected_signals': 63}
HP_TELEMETRY {'extension_signals': 72, 'rejected_signals': 63}
HP_TELEMETRY {'extension_signals': 73, 'rejected_signals': 28}
HP_TELEMETRY {'extension_signals': 73, 'rejected_signals': 28}
HP_TELEMETRY {'extension_signals': 83, 'rejected_signals': 39}
HP_TELEMETRY {'extension_signals': 77, 'rejected_signals': 45}
HP_TELEMETRY {'extension_signals': 64, 'rejected_signals': 34}
HP_TELEMETRY {'extension_signals': 64, 'rejected_signals': 34}
HP_TELEMETRY {'extension_signals': 81, 'rejected_signals': 21}
HP_TELEMETRY {'extension_signals': 81, 'rejected_signals': 21}
HP_TELEMETRY {'extension_signals': 60, 'rejected_signals': 68}
HP_TELEMETRY {'extension_signals': 62, 'rejected_signals': 68}
HP_TELEMETRY {'extension_signals': 70, 'rejected_signals': 52}
HP_TELEMETRY {'extension_signals': 74, 'rejected_signals': 60}
HP_TELEMETRY {'extension_signals': 81, 'rejected_signals': 57}
HP_TELEMETRY {'extension_signals': 81, 'rejected_signals': 57}
HP_TELEMETRY {'extension_signals': 74, 'rejected_signals': 52}
HP_TELEMETRY {'extension_signals': 74, 'rejected_signals': 56}
HP_TELEMETRY {'extension_signals': 71, 'rejected_signals': 46}
HP_TELEMETRY {'extension_signals': 71, 'rejected_signals': 46}
HP_TELEMETRY {'extension_signals': 84, 'rejected_signals': 15}
HP_TELEMETRY {'extension_signals': 84, 'rejected_signals': 15}
HP_TELEMETRY {'extension_signals': 82, 'rejected_signals': 27}
HP_TELEMETRY {'extension_signals': 82, 'rejected_signals': 27}
HP_TELEMETRY {'extension_signals': 72, 'rejected_signals': 63}
HP_TELEMETRY {'extension_signals': 72, 'rejected_signals': 63}
HP_TELEMETRY {'extension_signals': 73, 'rejected_signals': 28}
HP_TELEMETRY {'extension_signals': 73, 'rejected_signals': 28}
HP_TELEMETRY {'extension_signals': 77, 'rejected_signals': 45}
HP_TELEMETRY {'extension_signals': 83, 'rejected_signals': 39}
HP_TELEMETRY {'extension_signals': 64, 'rejected_signals': 34}
HP_TELEMETRY {'extension_signals': 64, 'rejected_signals': 34}
HP_TELEMETRY {'extension_signals': 81, 'rejected_signals': 21}
HP_TELEMETRY {'extension_signals': 81, 'rejected_signals': 21}
HP_TELEMETRY {'extension_signals': 62, 'rejected_signals': 68}
HP_TELEMETRY {'extension_signals': 60, 'rejected_signals': 68}
screen fert60 h2h= 0.6667
HP_TELEMETRY {'extension_signals': 69, 'rejected_signals': 57}
HP_TELEMETRY {'extension_signals': 61, 'rejected_signals': 63}
HP_TELEMETRY {'extension_signals': 93, 'rejected_signals': 47}
HP_TELEMETRY {'extension_signals': 95, 'rejected_signals': 47}
HP_TELEMETRY {'extension_signals': 77, 'rejected_signals': 49}
HP_TELEMETRY {'extension_signals': 70, 'rejected_signals': 56}
HP_TELEMETRY {'extension_signals': 79, 'rejected_signals': 41}
HP_TELEMETRY {'extension_signals': 79, 'rejected_signals': 44}
HP_TELEMETRY {'extension_signals': 73, 'rejected_signals': 26}
HP_TELEMETRY {'extension_signals': 76, 'rejected_signals': 27}
HP_TELEMETRY {'extension_signals': 85, 'rejected_signals': 31}
HP_TELEMETRY {'extension_signals': 83, 'rejected_signals': 31}
HP_TELEMETRY {'extension_signals': 69, 'rejected_signals': 55}
HP_TELEMETRY {'extension_signals': 69, 'rejected_signals': 56}
HP_TELEMETRY {'extension_signals': 74, 'rejected_signals': 24}
HP_TELEMETRY {'extension_signals': 74, 'rejected_signals': 24}
HP_TELEMETRY {'extension_signals': 58, 'rejected_signals': 63}
HP_TELEMETRY {'extension_signals': 57, 'rejected_signals': 60}
HP_TELEMETRY {'extension_signals': 65, 'rejected_signals': 33}
HP_TELEMETRY {'extension_signals': 65, 'rejected_signals': 33}
HP_TELEMETRY {'extension_signals': 86, 'rejected_signals': 19}
HP_TELEMETRY {'extension_signals': 86, 'rejected_signals': 19}
HP_TELEMETRY {'extension_signals': 57, 'rejected_signals': 70}
HP_TELEMETRY {'extension_signals': 57, 'rejected_signals': 72}
HP_TELEMETRY {'extension_signals': 61, 'rejected_signals': 63}
HP_TELEMETRY {'extension_signals': 69, 'rejected_signals': 57}
HP_TELEMETRY {'extension_signals': 95, 'rejected_signals': 47}
HP_TELEMETRY {'extension_signals': 93, 'rejected_signals': 47}
HP_TELEMETRY {'extension_signals': 70, 'rejected_signals': 56}
HP_TELEMETRY {'extension_signals': 77, 'rejected_signals': 49}
HP_TELEMETRY {'extension_signals': 79, 'rejected_signals': 44}
HP_TELEMETRY {'extension_signals': 79, 'rejected_signals': 41}
HP_TELEMETRY {'extension_signals': 76, 'rejected_signals': 27}
HP_TELEMETRY {'extension_signals': 73, 'rejected_signals': 26}
HP_TELEMETRY {'extension_signals': 83, 'rejected_signals': 31}
HP_TELEMETRY {'extension_signals': 85, 'rejected_signals': 31}
HP_TELEMETRY {'extension_signals': 69, 'rejected_signals': 56}
HP_TELEMETRY {'extension_signals': 69, 'rejected_signals': 55}
HP_TELEMETRY {'extension_signals': 74, 'rejected_signals': 24}
HP_TELEMETRY {'extension_signals': 74, 'rejected_signals': 24}
HP_TELEMETRY {'extension_signals': 57, 'rejected_signals': 60}
HP_TELEMETRY {'extension_signals': 58, 'rejected_signals': 63}
HP_TELEMETRY {'extension_signals': 65, 'rejected_signals': 33}
HP_TELEMETRY {'extension_signals': 65, 'rejected_signals': 33}
HP_TELEMETRY {'extension_signals': 86, 'rejected_signals': 19}
HP_TELEMETRY {'extension_signals': 86, 'rejected_signals': 19}
HP_TELEMETRY {'extension_signals': 57, 'rejected_signals': 72}
HP_TELEMETRY {'extension_signals': 57, 'rejected_signals': 70}
screen gadd10 h2h= 0.0
HP_TELEMETRY {'extension_signals': 62, 'rejected_signals': 63}
HP_TELEMETRY {'extension_signals': 68, 'rejected_signals': 66}
HP_TELEMETRY {'extension_signals': 86, 'rejected_signals': 48}
HP_TELEMETRY {'extension_signals': 93, 'rejected_signals': 47}
HP_TELEMETRY {'extension_signals': 58, 'rejected_signals': 54}
HP_TELEMETRY {'extension_signals': 61, 'rejected_signals': 62}
HP_TELEMETRY {'extension_signals': 92, 'rejected_signals': 33}
HP_TELEMETRY {'extension_signals': 89, 'rejected_signals': 32}
HP_TELEMETRY {'extension_signals': 82, 'rejected_signals': 15}
HP_TELEMETRY {'extension_signals': 82, 'rejected_signals': 17}
HP_TELEMETRY {'extension_signals': 81, 'rejected_signals': 27}
HP_TELEMETRY {'extension_signals': 81, 'rejected_signals': 27}
HP_TELEMETRY {'extension_signals': 76, 'rejected_signals': 49}
HP_TELEMETRY {'extension_signals': 76, 'rejected_signals': 49}
HP_TELEMETRY {'extension_signals': 68, 'rejected_signals': 28}
HP_TELEMETRY {'extension_signals': 69, 'rejected_signals': 28}
HP_TELEMETRY {'extension_signals': 41, 'rejected_signals': 81}
HP_TELEMETRY {'extension_signals': 37, 'rejected_signals': 72}
HP_TELEMETRY {'extension_signals': 64, 'rejected_signals': 33}
HP_TELEMETRY {'extension_signals': 64, 'rejected_signals': 33}
HP_TELEMETRY {'extension_signals': 86, 'rejected_signals': 19}
HP_TELEMETRY {'extension_signals': 87, 'rejected_signals': 19}
HP_TELEMETRY {'extension_signals': 56, 'rejected_signals': 70}
HP_TELEMETRY {'extension_signals': 54, 'rejected_signals': 72}
screen gadd6 h2h= 0.0
HP_TELEMETRY {'extension_signals': 74, 'rejected_signals': 60}
HP_TELEMETRY {'extension_signals': 74, 'rejected_signals': 60}
HP_TELEMETRY {'extension_signals': 79, 'rejected_signals': 59}
HP_TELEMETRY {'extension_signals': 81, 'rejected_signals': 57}
HP_TELEMETRY {'extension_signals': 74, 'rejected_signals': 56}
HP_TELEMETRY {'extension_signals': 74, 'rejected_signals': 56}
HP_TELEMETRY {'extension_signals': 69, 'rejected_signals': 38}
HP_TELEMETRY {'extension_signals': 69, 'rejected_signals': 48}
HP_TELEMETRY {'extension_signals': 77, 'rejected_signals': 24}
HP_TELEMETRY {'extension_signals': 84, 'rejected_signals': 17}
HP_TELEMETRY {'extension_signals': 82, 'rejected_signals': 25}
HP_TELEMETRY {'extension_signals': 80, 'rejected_signals': 29}
HP_TELEMETRY {'extension_signals': 72, 'rejected_signals': 63}
HP_TELEMETRY {'extension_signals': 72, 'rejected_signals': 63}
HP_TELEMETRY {'extension_signals': 73, 'rejected_signals': 25}
HP_TELEMETRY {'extension_signals': 73, 'rejected_signals': 25}
HP_TELEMETRY {'extension_signals': 83, 'rejected_signals': 39}
HP_TELEMETRY {'extension_signals': 83, 'rejected_signals': 39}
HP_TELEMETRY {'extension_signals': 64, 'rejected_signals': 34}
HP_TELEMETRY {'extension_signals': 64, 'rejected_signals': 34}
HP_TELEMETRY {'extension_signals': 79, 'rejected_signals': 21}
HP_TELEMETRY {'extension_signals': 74, 'rejected_signals': 30}
HP_TELEMETRY {'extension_signals': 60, 'rejected_signals': 68}
HP_TELEMETRY {'extension_signals': 60, 'rejected_signals': 68}
HP_TELEMETRY {'extension_signals': 74, 'rejected_signals': 60}
HP_TELEMETRY {'extension_signals': 74, 'rejected_signals': 60}
HP_TELEMETRY {'extension_signals': 81, 'rejected_signals': 57}
HP_TELEMETRY {'extension_signals': 79, 'rejected_signals': 59}
HP_TELEMETRY {'extension_signals': 74, 'rejected_signals': 56}
HP_TELEMETRY {'extension_signals': 74, 'rejected_signals': 56}
HP_TELEMETRY {'extension_signals': 69, 'rejected_signals': 48}
HP_TELEMETRY {'extension_signals': 69, 'rejected_signals': 38}
HP_TELEMETRY {'extension_signals': 84, 'rejected_signals': 17}
HP_TELEMETRY {'extension_signals': 77, 'rejected_signals': 24}
HP_TELEMETRY {'extension_signals': 80, 'rejected_signals': 29}
HP_TELEMETRY {'extension_signals': 82, 'rejected_signals': 25}
HP_TELEMETRY {'extension_signals': 72, 'rejected_signals': 63}
HP_TELEMETRY {'extension_signals': 72, 'rejected_signals': 63}
HP_TELEMETRY {'extension_signals': 73, 'rejected_signals': 25}
HP_TELEMETRY {'extension_signals': 73, 'rejected_signals': 25}
HP_TELEMETRY {'extension_signals': 83, 'rejected_signals': 39}
HP_TELEMETRY {'extension_signals': 83, 'rejected_signals': 39}
HP_TELEMETRY {'extension_signals': 64, 'rejected_signals': 34}
HP_TELEMETRY {'extension_signals': 64, 'rejected_signals': 34}
HP_TELEMETRY {'extension_signals': 74, 'rejected_signals': 30}
HP_TELEMETRY {'extension_signals': 79, 'rejected_signals': 21}
HP_TELEMETRY {'extension_signals': 60, 'rejected_signals': 68}
HP_TELEMETRY {'extension_signals': 60, 'rejected_signals': 68}
screen mwtrim1 h2h= 0.3333
HP_TELEMETRY {'extension_signals': 74, 'rejected_signals': 60}
HP_TELEMETRY {'extension_signals': 74, 'rejected_signals': 60}
HP_TELEMETRY {'extension_signals': 79, 'rejected_signals': 59}
HP_TELEMETRY {'extension_signals': 80, 'rejected_signals': 57}
HP_TELEMETRY {'extension_signals': 74, 'rejected_signals': 56}
HP_TELEMETRY {'extension_signals': 74, 'rejected_signals': 56}
HP_TELEMETRY {'extension_signals': 69, 'rejected_signals': 38}
HP_TELEMETRY {'extension_signals': 69, 'rejected_signals': 48}
HP_TELEMETRY {'extension_signals': 77, 'rejected_signals': 24}
HP_TELEMETRY {'extension_signals': 84, 'rejected_signals': 17}
HP_TELEMETRY {'extension_signals': 82, 'rejected_signals': 25}
HP_TELEMETRY {'extension_signals': 80, 'rejected_signals': 29}
HP_TELEMETRY {'extension_signals': 69, 'rejected_signals': 66}
HP_TELEMETRY {'extension_signals': 68, 'rejected_signals': 66}
HP_TELEMETRY {'extension_signals': 73, 'rejected_signals': 25}
HP_TELEMETRY {'extension_signals': 73, 'rejected_signals': 25}
HP_TELEMETRY {'extension_signals': 83, 'rejected_signals': 39}
HP_TELEMETRY {'extension_signals': 83, 'rejected_signals': 39}
HP_TELEMETRY {'extension_signals': 64, 'rejected_signals': 34}
HP_TELEMETRY {'extension_signals': 64, 'rejected_signals': 34}
HP_TELEMETRY {'extension_signals': 79, 'rejected_signals': 21}
HP_TELEMETRY {'extension_signals': 74, 'rejected_signals': 30}
HP_TELEMETRY {'extension_signals': 62, 'rejected_signals': 68}
HP_TELEMETRY {'extension_signals': 62, 'rejected_signals': 68}
HP_TELEMETRY {'extension_signals': 74, 'rejected_signals': 60}
HP_TELEMETRY {'extension_signals': 74, 'rejected_signals': 60}
HP_TELEMETRY {'extension_signals': 80, 'rejected_signals': 57}
HP_TELEMETRY {'extension_signals': 79, 'rejected_signals': 59}
HP_TELEMETRY {'extension_signals': 74, 'rejected_signals': 56}
HP_TELEMETRY {'extension_signals': 74, 'rejected_signals': 56}
HP_TELEMETRY {'extension_signals': 69, 'rejected_signals': 48}
HP_TELEMETRY {'extension_signals': 69, 'rejected_signals': 38}
HP_TELEMETRY {'extension_signals': 84, 'rejected_signals': 17}
HP_TELEMETRY {'extension_signals': 77, 'rejected_signals': 24}
HP_TELEMETRY {'extension_signals': 80, 'rejected_signals': 29}
HP_TELEMETRY {'extension_signals': 82, 'rejected_signals': 25}
HP_TELEMETRY {'extension_signals': 68, 'rejected_signals': 66}
HP_TELEMETRY {'extension_signals': 69, 'rejected_signals': 66}
HP_TELEMETRY {'extension_signals': 73, 'rejected_signals': 25}
HP_TELEMETRY {'extension_signals': 73, 'rejected_signals': 25}
HP_TELEMETRY {'extension_signals': 83, 'rejected_signals': 39}
HP_TELEMETRY {'extension_signals': 83, 'rejected_signals': 39}
HP_TELEMETRY {'extension_signals': 64, 'rejected_signals': 34}
HP_TELEMETRY {'extension_signals': 64, 'rejected_signals': 34}
HP_TELEMETRY {'extension_signals': 74, 'rejected_signals': 30}
HP_TELEMETRY {'extension_signals': 79, 'rejected_signals': 21}
HP_TELEMETRY {'extension_signals': 62, 'rejected_signals': 68}
HP_TELEMETRY {'extension_signals': 62, 'rejected_signals': 68}
screen mwtrim2 h2h= 0.25
HP_TELEMETRY {'extension_signals': 74, 'rejected_signals': 52}
HP_TELEMETRY {'extension_signals': 71, 'rejected_signals': 57}
HP_TELEMETRY {'extension_signals': 73, 'rejected_signals': 61}
HP_TELEMETRY {'extension_signals': 73, 'rejected_signals': 61}
HP_TELEMETRY {'extension_signals': 76, 'rejected_signals': 54}
HP_TELEMETRY {'extension_signals': 76, 'rejected_signals': 54}
HP_TELEMETRY {'extension_signals': 71, 'rejected_signals': 40}
HP_TELEMETRY {'extension_signals': 71, 'rejected_signals': 40}
HP_TELEMETRY {'extension_signals': 84, 'rejected_signals': 15}
HP_TELEMETRY {'extension_signals': 84, 'rejected_signals': 16}
HP_TELEMETRY {'extension_signals': 84, 'rejected_signals': 28}
HP_TELEMETRY {'extension_signals': 84, 'rejected_signals': 28}
HP_TELEMETRY {'extension_signals': 69, 'rejected_signals': 60}
HP_TELEMETRY {'extension_signals': 69, 'rejected_signals': 60}
HP_TELEMETRY {'extension_signals': 76, 'rejected_signals': 30}
HP_TELEMETRY {'extension_signals': 76, 'rejected_signals': 30}
HP_TELEMETRY {'extension_signals': 83, 'rejected_signals': 39}
HP_TELEMETRY {'extension_signals': 83, 'rejected_signals': 39}
HP_TELEMETRY {'extension_signals': 64, 'rejected_signals': 34}
HP_TELEMETRY {'extension_signals': 64, 'rejected_signals': 34}
HP_TELEMETRY {'extension_signals': 79, 'rejected_signals': 26}
HP_TELEMETRY {'extension_signals': 79, 'rejected_signals': 26}
HP_TELEMETRY {'extension_signals': 60, 'rejected_signals': 68}
HP_TELEMETRY {'extension_signals': 60, 'rejected_signals': 68}
HP_TELEMETRY {'extension_signals': 71, 'rejected_signals': 57}
HP_TELEMETRY {'extension_signals': 74, 'rejected_signals': 52}
HP_TELEMETRY {'extension_signals': 73, 'rejected_signals': 61}
HP_TELEMETRY {'extension_signals': 73, 'rejected_signals': 61}
HP_TELEMETRY {'extension_signals': 76, 'rejected_signals': 54}
HP_TELEMETRY {'extension_signals': 76, 'rejected_signals': 54}
HP_TELEMETRY {'extension_signals': 71, 'rejected_signals': 40}
HP_TELEMETRY {'extension_signals': 71, 'rejected_signals': 40}
HP_TELEMETRY {'extension_signals': 84, 'rejected_signals': 16}
HP_TELEMETRY {'extension_signals': 84, 'rejected_signals': 15}
HP_TELEMETRY {'extension_signals': 84, 'rejected_signals': 28}
HP_TELEMETRY {'extension_signals': 84, 'rejected_signals': 28}
HP_TELEMETRY {'extension_signals': 69, 'rejected_signals': 60}
HP_TELEMETRY {'extension_signals': 69, 'rejected_signals': 60}
HP_TELEMETRY {'extension_signals': 76, 'rejected_signals': 30}
HP_TELEMETRY {'extension_signals': 76, 'rejected_signals': 30}
HP_TELEMETRY {'extension_signals': 83, 'rejected_signals': 39}
HP_TELEMETRY {'extension_signals': 83, 'rejected_signals': 39}
HP_TELEMETRY {'extension_signals': 64, 'rejected_signals': 34}
HP_TELEMETRY {'extension_signals': 64, 'rejected_signals': 34}
HP_TELEMETRY {'extension_signals': 79, 'rejected_signals': 26}
HP_TELEMETRY {'extension_signals': 79, 'rejected_signals': 26}
HP_TELEMETRY {'extension_signals': 60, 'rejected_signals': 68}
HP_TELEMETRY {'extension_signals': 60, 'rejected_signals': 68}
panel fert46 vs mpx h2h= 0.4167
HP_TELEMETRY {'extension_signals': 74, 'rejected_signals': 60}
HP_TELEMETRY {'extension_signals': 74, 'rejected_signals': 60}
HP_TELEMETRY {'extension_signals': 81, 'rejected_signals': 57}
HP_TELEMETRY {'extension_signals': 81, 'rejected_signals': 57}
HP_TELEMETRY {'extension_signals': 74, 'rejected_signals': 56}
HP_TELEMETRY {'extension_signals': 74, 'rejected_signals': 56}
HP_TELEMETRY {'extension_signals': 71, 'rejected_signals': 46}
HP_TELEMETRY {'extension_signals': 71, 'rejected_signals': 46}
HP_TELEMETRY {'extension_signals': 84, 'rejected_signals': 15}
HP_TELEMETRY {'extension_signals': 84, 'rejected_signals': 15}
HP_TELEMETRY {'extension_signals': 82, 'rejected_signals': 27}
HP_TELEMETRY {'extension_signals': 82, 'rejected_signals': 27}
HP_TELEMETRY {'extension_signals': 72, 'rejected_signals': 63}
HP_TELEMETRY {'extension_signals': 72, 'rejected_signals': 63}
HP_TELEMETRY {'extension_signals': 73, 'rejected_signals': 28}
HP_TELEMETRY {'extension_signals': 73, 'rejected_signals': 28}
HP_TELEMETRY {'extension_signals': 83, 'rejected_signals': 39}
HP_TELEMETRY {'extension_signals': 83, 'rejected_signals': 39}
HP_TELEMETRY {'extension_signals': 64, 'rejected_signals': 34}
HP_TELEMETRY {'extension_signals': 64, 'rejected_signals': 34}
HP_TELEMETRY {'extension_signals': 81, 'rejected_signals': 21}
HP_TELEMETRY {'extension_signals': 81, 'rejected_signals': 21}
HP_TELEMETRY {'extension_signals': 60, 'rejected_signals': 64}
HP_TELEMETRY {'extension_signals': 60, 'rejected_signals': 64}
HP_TELEMETRY {'extension_signals': 74, 'rejected_signals': 60}
HP_TELEMETRY {'extension_signals': 74, 'rejected_signals': 60}
HP_TELEMETRY {'extension_signals': 81, 'rejected_signals': 57}
HP_TELEMETRY {'extension_signals': 81, 'rejected_signals': 57}
HP_TELEMETRY {'extension_signals': 74, 'rejected_signals': 56}
HP_TELEMETRY {'extension_signals': 74, 'rejected_signals': 56}
HP_TELEMETRY {'extension_signals': 71, 'rejected_signals': 46}
HP_TELEMETRY {'extension_signals': 71, 'rejected_signals': 46}
HP_TELEMETRY {'extension_signals': 84, 'rejected_signals': 15}
HP_TELEMETRY {'extension_signals': 84, 'rejected_signals': 15}
HP_TELEMETRY {'extension_signals': 82, 'rejected_signals': 27}
HP_TELEMETRY {'extension_signals': 82, 'rejected_signals': 27}
HP_TELEMETRY {'extension_signals': 72, 'rejected_signals': 63}
HP_TELEMETRY {'extension_signals': 72, 'rejected_signals': 63}
HP_TELEMETRY {'extension_signals': 73, 'rejected_signals': 28}
HP_TELEMETRY {'extension_signals': 73, 'rejected_signals': 28}
HP_TELEMETRY {'extension_signals': 83, 'rejected_signals': 39}
HP_TELEMETRY {'extension_signals': 83, 'rejected_signals': 39}
HP_TELEMETRY {'extension_signals': 64, 'rejected_signals': 34}
HP_TELEMETRY {'extension_signals': 64, 'rejected_signals': 34}
HP_TELEMETRY {'extension_signals': 81, 'rejected_signals': 21}
HP_TELEMETRY {'extension_signals': 81, 'rejected_signals': 21}
HP_TELEMETRY {'extension_signals': 60, 'rejected_signals': 64}
HP_TELEMETRY {'extension_signals': 60, 'rejected_signals': 64}
panel fert46 vs tetsutani h2h= 0.75
HP_TELEMETRY {'extension_signals': 74, 'rejected_signals': 60}
HP_TELEMETRY {'extension_signals': 74, 'rejected_signals': 60}
HP_TELEMETRY {'extension_signals': 81, 'rejected_signals': 57}
HP_TELEMETRY {'extension_signals': 81, 'rejected_signals': 57}
HP_TELEMETRY {'extension_signals': 74, 'rejected_signals': 56}
HP_TELEMETRY {'extension_signals': 74, 'rejected_signals': 56}
HP_TELEMETRY {'extension_signals': 71, 'rejected_signals': 46}
HP_TELEMETRY {'extension_signals': 71, 'rejected_signals': 46}
HP_TELEMETRY {'extension_signals': 84, 'rejected_signals': 15}
HP_TELEMETRY {'extension_signals': 84, 'rejected_signals': 15}
HP_TELEMETRY {'extension_signals': 82, 'rejected_signals': 27}
HP_TELEMETRY {'extension_signals': 82, 'rejected_signals': 27}
HP_TELEMETRY {'extension_signals': 72, 'rejected_signals': 63}
HP_TELEMETRY {'extension_signals': 72, 'rejected_signals': 63}
HP_TELEMETRY {'extension_signals': 73, 'rejected_signals': 28}
HP_TELEMETRY {'extension_signals': 73, 'rejected_signals': 28}
HP_TELEMETRY {'extension_signals': 83, 'rejected_signals': 39}
HP_TELEMETRY {'extension_signals': 83, 'rejected_signals': 39}
HP_TELEMETRY {'extension_signals': 64, 'rejected_signals': 34}
HP_TELEMETRY {'extension_signals': 64, 'rejected_signals': 34}
HP_TELEMETRY {'extension_signals': 81, 'rejected_signals': 21}
HP_TELEMETRY {'extension_signals': 81, 'rejected_signals': 21}
HP_TELEMETRY {'extension_signals': 60, 'rejected_signals': 64}
HP_TELEMETRY {'extension_signals': 60, 'rejected_signals': 64}
HP_TELEMETRY {'extension_signals': 74, 'rejected_signals': 60}
HP_TELEMETRY {'extension_signals': 74, 'rejected_signals': 60}
HP_TELEMETRY {'extension_signals': 81, 'rejected_signals': 57}
HP_TELEMETRY {'extension_signals': 81, 'rejected_signals': 57}
HP_TELEMETRY {'extension_signals': 74, 'rejected_signals': 56}
HP_TELEMETRY {'extension_signals': 74, 'rejected_signals': 56}
HP_TELEMETRY {'extension_signals': 71, 'rejected_signals': 46}
HP_TELEMETRY {'extension_signals': 71, 'rejected_signals': 46}
HP_TELEMETRY {'extension_signals': 84, 'rejected_signals': 15}
HP_TELEMETRY {'extension_signals': 84, 'rejected_signals': 15}
HP_TELEMETRY {'extension_signals': 82, 'rejected_signals': 27}
HP_TELEMETRY {'extension_signals': 82, 'rejected_signals': 27}
HP_TELEMETRY {'extension_signals': 72, 'rejected_signals': 63}
HP_TELEMETRY {'extension_signals': 72, 'rejected_signals': 63}
HP_TELEMETRY {'extension_signals': 73, 'rejected_signals': 28}
HP_TELEMETRY {'extension_signals': 73, 'rejected_signals': 28}
HP_TELEMETRY {'extension_signals': 83, 'rejected_signals': 39}
HP_TELEMETRY {'extension_signals': 83, 'rejected_signals': 39}
HP_TELEMETRY {'extension_signals': 64, 'rejected_signals': 34}
HP_TELEMETRY {'extension_signals': 64, 'rejected_signals': 34}
HP_TELEMETRY {'extension_signals': 81, 'rejected_signals': 21}
HP_TELEMETRY {'extension_signals': 81, 'rejected_signals': 21}
HP_TELEMETRY {'extension_signals': 60, 'rejected_signals': 64}
HP_TELEMETRY {'extension_signals': 60, 'rejected_signals': 64}
panel fert46 vs V89 h2h= 0.75
HP_TELEMETRY {'extension_signals': 74, 'rejected_signals': 58}
HP_TELEMETRY {'extension_signals': 90, 'rejected_signals': 43}
HP_TELEMETRY {'extension_signals': 77, 'rejected_signals': 46}
HP_TELEMETRY {'extension_signals': 69, 'rejected_signals': 41}
HP_TELEMETRY {'extension_signals': 79, 'rejected_signals': 37}
HP_TELEMETRY {'extension_signals': 82, 'rejected_signals': 27}
HP_TELEMETRY {'extension_signals': 70, 'rejected_signals': 65}
HP_TELEMETRY {'extension_signals': 82, 'rejected_signals': 30}
HP_TELEMETRY {'extension_signals': 75, 'rejected_signals': 36}
HP_TELEMETRY {'extension_signals': 61, 'rejected_signals': 36}
HP_TELEMETRY {'extension_signals': 75, 'rejected_signals': 34}
HP_TELEMETRY {'extension_signals': 60, 'rejected_signals': 66}
HP_TELEMETRY {'extension_signals': 74, 'rejected_signals': 58}
HP_TELEMETRY {'extension_signals': 90, 'rejected_signals': 43}
HP_TELEMETRY {'extension_signals': 77, 'rejected_signals': 46}
HP_TELEMETRY {'extension_signals': 69, 'rejected_signals': 41}
HP_TELEMETRY {'extension_signals': 79, 'rejected_signals': 37}
HP_TELEMETRY {'extension_signals': 82, 'rejected_signals': 27}
HP_TELEMETRY {'extension_signals': 70, 'rejected_signals': 65}
HP_TELEMETRY {'extension_signals': 82, 'rejected_signals': 30}
HP_TELEMETRY {'extension_signals': 75, 'rejected_signals': 36}
HP_TELEMETRY {'extension_signals': 61, 'rejected_signals': 36}
HP_TELEMETRY {'extension_signals': 75, 'rejected_signals': 34}
HP_TELEMETRY {'extension_signals': 60, 'rejected_signals': 66}
panel fert46 vs r40 h2h= 0.5833
HP_TELEMETRY {'extension_signals': 75, 'rejected_signals': 54}
HP_TELEMETRY {'extension_signals': 81, 'rejected_signals': 57}
HP_TELEMETRY {'extension_signals': 77, 'rejected_signals': 53}
HP_TELEMETRY {'extension_signals': 64, 'rejected_signals': 41}
HP_TELEMETRY {'extension_signals': 87, 'rejected_signals': 17}
HP_TELEMETRY {'extension_signals': 82, 'rejected_signals': 27}
HP_TELEMETRY {'extension_signals': 75, 'rejected_signals': 59}
HP_TELEMETRY {'extension_signals': 78, 'rejected_signals': 23}
HP_TELEMETRY {'extension_signals': 83, 'rejected_signals': 39}
HP_TELEMETRY {'extension_signals': 62, 'rejected_signals': 35}
HP_TELEMETRY {'extension_signals': 69, 'rejected_signals': 22}
HP_TELEMETRY {'extension_signals': 60, 'rejected_signals': 64}
HP_TELEMETRY {'extension_signals': 75, 'rejected_signals': 54}
HP_TELEMETRY {'extension_signals': 81, 'rejected_signals': 57}
HP_TELEMETRY {'extension_signals': 77, 'rejected_signals': 53}
HP_TELEMETRY {'extension_signals': 64, 'rejected_signals': 41}
HP_TELEMETRY {'extension_signals': 87, 'rejected_signals': 17}
HP_TELEMETRY {'extension_signals': 82, 'rejected_signals': 27}
HP_TELEMETRY {'extension_signals': 75, 'rejected_signals': 59}
HP_TELEMETRY {'extension_signals': 78, 'rejected_signals': 23}
HP_TELEMETRY {'extension_signals': 83, 'rejected_signals': 39}
HP_TELEMETRY {'extension_signals': 62, 'rejected_signals': 35}
HP_TELEMETRY {'extension_signals': 69, 'rejected_signals': 22}
HP_TELEMETRY {'extension_signals': 60, 'rejected_signals': 64}
panel fert46 vs A h2h= 0.9167
HP_TELEMETRY {'extension_signals': 67, 'rejected_signals': 61}
HP_TELEMETRY {'extension_signals': 74, 'rejected_signals': 52}
HP_TELEMETRY {'extension_signals': 73, 'rejected_signals': 61}
HP_TELEMETRY {'extension_signals': 73, 'rejected_signals': 61}
HP_TELEMETRY {'extension_signals': 76, 'rejected_signals': 50}
HP_TELEMETRY {'extension_signals': 76, 'rejected_signals': 54}
HP_TELEMETRY {'extension_signals': 71, 'rejected_signals': 40}
HP_TELEMETRY {'extension_signals': 71, 'rejected_signals': 40}
HP_TELEMETRY {'extension_signals': 84, 'rejected_signals': 16}
HP_TELEMETRY {'extension_signals': 84, 'rejected_signals': 15}
HP_TELEMETRY {'extension_signals': 84, 'rejected_signals': 28}
HP_TELEMETRY {'extension_signals': 84, 'rejected_signals': 28}
HP_TELEMETRY {'extension_signals': 69, 'rejected_signals': 60}
HP_TELEMETRY {'extension_signals': 69, 'rejected_signals': 60}
HP_TELEMETRY {'extension_signals': 76, 'rejected_signals': 30}
HP_TELEMETRY {'extension_signals': 76, 'rejected_signals': 30}
HP_TELEMETRY {'extension_signals': 77, 'rejected_signals': 45}
HP_TELEMETRY {'extension_signals': 83, 'rejected_signals': 39}
HP_TELEMETRY {'extension_signals': 64, 'rejected_signals': 34}
HP_TELEMETRY {'extension_signals': 64, 'rejected_signals': 34}
HP_TELEMETRY {'extension_signals': 79, 'rejected_signals': 26}
HP_TELEMETRY {'extension_signals': 79, 'rejected_signals': 26}
HP_TELEMETRY {'extension_signals': 62, 'rejected_signals': 68}
HP_TELEMETRY {'extension_signals': 60, 'rejected_signals': 68}
panel fert60 vs mpx h2h= 0.4167
HP_TELEMETRY {'extension_signals': 70, 'rejected_signals': 52}
HP_TELEMETRY {'extension_signals': 74, 'rejected_signals': 60}
HP_TELEMETRY {'extension_signals': 81, 'rejected_signals': 57}
HP_TELEMETRY {'extension_signals': 81, 'rejected_signals': 57}
HP_TELEMETRY {'extension_signals': 74, 'rejected_signals': 52}
HP_TELEMETRY {'extension_signals': 74, 'rejected_signals': 56}
HP_TELEMETRY {'extension_signals': 71, 'rejected_signals': 46}
HP_TELEMETRY {'extension_signals': 71, 'rejected_signals': 46}
HP_TELEMETRY {'extension_signals': 84, 'rejected_signals': 15}
HP_TELEMETRY {'extension_signals': 84, 'rejected_signals': 15}
HP_TELEMETRY {'extension_signals': 82, 'rejected_signals': 27}
HP_TELEMETRY {'extension_signals': 82, 'rejected_signals': 27}
HP_TELEMETRY {'extension_signals': 72, 'rejected_signals': 63}
HP_TELEMETRY {'extension_signals': 72, 'rejected_signals': 63}
HP_TELEMETRY {'extension_signals': 73, 'rejected_signals': 28}
HP_TELEMETRY {'extension_signals': 73, 'rejected_signals': 28}
HP_TELEMETRY {'extension_signals': 77, 'rejected_signals': 45}
HP_TELEMETRY {'extension_signals': 83, 'rejected_signals': 39}
HP_TELEMETRY {'extension_signals': 64, 'rejected_signals': 34}
HP_TELEMETRY {'extension_signals': 64, 'rejected_signals': 34}
HP_TELEMETRY {'extension_signals': 81, 'rejected_signals': 21}
HP_TELEMETRY {'extension_signals': 81, 'rejected_signals': 21}
HP_TELEMETRY {'extension_signals': 62, 'rejected_signals': 64}
HP_TELEMETRY {'extension_signals': 60, 'rejected_signals': 64}
HP_TELEMETRY {'extension_signals': 74, 'rejected_signals': 60}
HP_TELEMETRY {'extension_signals': 70, 'rejected_signals': 52}
HP_TELEMETRY {'extension_signals': 81, 'rejected_signals': 57}
HP_TELEMETRY {'extension_signals': 81, 'rejected_signals': 57}
HP_TELEMETRY {'extension_signals': 74, 'rejected_signals': 56}
HP_TELEMETRY {'extension_signals': 74, 'rejected_signals': 52}
HP_TELEMETRY {'extension_signals': 71, 'rejected_signals': 46}
HP_TELEMETRY {'extension_signals': 71, 'rejected_signals': 46}
HP_TELEMETRY {'extension_signals': 84, 'rejected_signals': 15}
HP_TELEMETRY {'extension_signals': 84, 'rejected_signals': 15}
HP_TELEMETRY {'extension_signals': 82, 'rejected_signals': 27}
HP_TELEMETRY {'extension_signals': 82, 'rejected_signals': 27}
HP_TELEMETRY {'extension_signals': 72, 'rejected_signals': 63}
HP_TELEMETRY {'extension_signals': 72, 'rejected_signals': 63}
HP_TELEMETRY {'extension_signals': 73, 'rejected_signals': 28}
HP_TELEMETRY {'extension_signals': 73, 'rejected_signals': 28}
HP_TELEMETRY {'extension_signals': 83, 'rejected_signals': 39}
HP_TELEMETRY {'extension_signals': 77, 'rejected_signals': 45}
HP_TELEMETRY {'extension_signals': 64, 'rejected_signals': 34}
HP_TELEMETRY {'extension_signals': 64, 'rejected_signals': 34}
HP_TELEMETRY {'extension_signals': 81, 'rejected_signals': 21}
HP_TELEMETRY {'extension_signals': 81, 'rejected_signals': 21}
HP_TELEMETRY {'extension_signals': 60, 'rejected_signals': 64}
HP_TELEMETRY {'extension_signals': 62, 'rejected_signals': 64}
panel fert60 vs tetsutani h2h= 0.75
HP_TELEMETRY {'extension_signals': 70, 'rejected_signals': 52}
HP_TELEMETRY {'extension_signals': 74, 'rejected_signals': 60}
HP_TELEMETRY {'extension_signals': 81, 'rejected_signals': 57}
HP_TELEMETRY {'extension_signals': 81, 'rejected_signals': 57}
HP_TELEMETRY {'extension_signals': 74, 'rejected_signals': 52}
HP_TELEMETRY {'extension_signals': 74, 'rejected_signals': 56}
HP_TELEMETRY {'extension_signals': 71, 'rejected_signals': 46}
HP_TELEMETRY {'extension_signals': 71, 'rejected_signals': 46}
HP_TELEMETRY {'extension_signals': 84, 'rejected_signals': 15}
HP_TELEMETRY {'extension_signals': 84, 'rejected_signals': 15}
HP_TELEMETRY {'extension_signals': 82, 'rejected_signals': 27}
HP_TELEMETRY {'extension_signals': 82, 'rejected_signals': 27}
HP_TELEMETRY {'extension_signals': 72, 'rejected_signals': 63}
HP_TELEMETRY {'extension_signals': 72, 'rejected_signals': 63}
HP_TELEMETRY {'extension_signals': 73, 'rejected_signals': 28}
HP_TELEMETRY {'extension_signals': 73, 'rejected_signals': 28}
HP_TELEMETRY {'extension_signals': 77, 'rejected_signals': 45}
HP_TELEMETRY {'extension_signals': 83, 'rejected_signals': 39}
HP_TELEMETRY {'extension_signals': 64, 'rejected_signals': 34}
HP_TELEMETRY {'extension_signals': 64, 'rejected_signals': 34}
HP_TELEMETRY {'extension_signals': 81, 'rejected_signals': 21}
HP_TELEMETRY {'extension_signals': 81, 'rejected_signals': 21}
HP_TELEMETRY {'extension_signals': 62, 'rejected_signals': 64}
HP_TELEMETRY {'extension_signals': 60, 'rejected_signals': 64}
panel fert60 vs V89 h2h= 0.75
HP_TELEMETRY {'extension_signals': 74, 'rejected_signals': 56}
HP_TELEMETRY {'extension_signals': 90, 'rejected_signals': 43}
HP_TELEMETRY {'extension_signals': 75, 'rejected_signals': 46}
HP_TELEMETRY {'extension_signals': 69, 'rejected_signals': 41}
HP_TELEMETRY {'extension_signals': 79, 'rejected_signals': 37}
HP_TELEMETRY {'extension_signals': 82, 'rejected_signals': 27}
HP_TELEMETRY {'extension_signals': 70, 'rejected_signals': 65}
HP_TELEMETRY {'extension_signals': 82, 'rejected_signals': 30}
HP_TELEMETRY {'extension_signals': 75, 'rejected_signals': 36}
HP_TELEMETRY {'extension_signals': 61, 'rejected_signals': 36}
HP_TELEMETRY {'extension_signals': 75, 'rejected_signals': 34}
HP_TELEMETRY {'extension_signals': 60, 'rejected_signals': 66}
HP_TELEMETRY {'extension_signals': 74, 'rejected_signals': 56}
HP_TELEMETRY {'extension_signals': 90, 'rejected_signals': 43}
HP_TELEMETRY {'extension_signals': 75, 'rejected_signals': 46}
HP_TELEMETRY {'extension_signals': 69, 'rejected_signals': 41}
HP_TELEMETRY {'extension_signals': 79, 'rejected_signals': 37}
HP_TELEMETRY {'extension_signals': 82, 'rejected_signals': 27}
HP_TELEMETRY {'extension_signals': 70, 'rejected_signals': 65}
HP_TELEMETRY {'extension_signals': 82, 'rejected_signals': 30}
HP_TELEMETRY {'extension_signals': 75, 'rejected_signals': 36}
HP_TELEMETRY {'extension_signals': 61, 'rejected_signals': 36}
HP_TELEMETRY {'extension_signals': 75, 'rejected_signals': 34}
HP_TELEMETRY {'extension_signals': 60, 'rejected_signals': 66}
panel fert60 vs r40 h2h= 0.75
HP_TELEMETRY {'extension_signals': 75, 'rejected_signals': 54}
HP_TELEMETRY {'extension_signals': 81, 'rejected_signals': 57}
HP_TELEMETRY {'extension_signals': 77, 'rejected_signals': 54}
HP_TELEMETRY {'extension_signals': 64, 'rejected_signals': 41}
HP_TELEMETRY {'extension_signals': 87, 'rejected_signals': 17}
HP_TELEMETRY {'extension_signals': 82, 'rejected_signals': 27}
HP_TELEMETRY {'extension_signals': 75, 'rejected_signals': 59}
HP_TELEMETRY {'extension_signals': 78, 'rejected_signals': 23}
HP_TELEMETRY {'extension_signals': 83, 'rejected_signals': 39}
HP_TELEMETRY {'extension_signals': 62, 'rejected_signals': 35}
HP_TELEMETRY {'extension_signals': 69, 'rejected_signals': 22}
HP_TELEMETRY {'extension_signals': 60, 'rejected_signals': 64}
HP_TELEMETRY {'extension_signals': 75, 'rejected_signals': 54}
HP_TELEMETRY {'extension_signals': 81, 'rejected_signals': 57}
HP_TELEMETRY {'extension_signals': 77, 'rejected_signals': 54}
HP_TELEMETRY {'extension_signals': 64, 'rejected_signals': 41}
HP_TELEMETRY {'extension_signals': 87, 'rejected_signals': 17}
HP_TELEMETRY {'extension_signals': 82, 'rejected_signals': 27}
HP_TELEMETRY {'extension_signals': 75, 'rejected_signals': 59}
HP_TELEMETRY {'extension_signals': 78, 'rejected_signals': 23}
HP_TELEMETRY {'extension_signals': 83, 'rejected_signals': 39}
HP_TELEMETRY {'extension_signals': 62, 'rejected_signals': 35}
HP_TELEMETRY {'extension_signals': 69, 'rejected_signals': 22}
HP_TELEMETRY {'extension_signals': 60, 'rejected_signals': 64}
panel fert60 vs A h2h= 0.875
HP_TELEMETRY {'extension_signals': 71, 'rejected_signals': 57}
HP_TELEMETRY {'extension_signals': 74, 'rejected_signals': 52}
HP_TELEMETRY {'extension_signals': 73, 'rejected_signals': 61}
HP_TELEMETRY {'extension_signals': 73, 'rejected_signals': 61}
HP_TELEMETRY {'extension_signals': 76, 'rejected_signals': 54}
HP_TELEMETRY {'extension_signals': 76, 'rejected_signals': 54}
HP_TELEMETRY {'extension_signals': 71, 'rejected_signals': 40}
HP_TELEMETRY {'extension_signals': 71, 'rejected_signals': 40}
HP_TELEMETRY {'extension_signals': 84, 'rejected_signals': 16}
HP_TELEMETRY {'extension_signals': 84, 'rejected_signals': 15}
HP_TELEMETRY {'extension_signals': 84, 'rejected_signals': 28}
HP_TELEMETRY {'extension_signals': 84, 'rejected_signals': 28}
HP_TELEMETRY {'extension_signals': 69, 'rejected_signals': 60}
HP_TELEMETRY {'extension_signals': 69, 'rejected_signals': 60}
HP_TELEMETRY {'extension_signals': 76, 'rejected_signals': 30}
HP_TELEMETRY {'extension_signals': 76, 'rejected_signals': 30}
HP_TELEMETRY {'extension_signals': 83, 'rejected_signals': 39}
HP_TELEMETRY {'extension_signals': 83, 'rejected_signals': 39}
HP_TELEMETRY {'extension_signals': 64, 'rejected_signals': 34}
HP_TELEMETRY {'extension_signals': 64, 'rejected_signals': 34}
HP_TELEMETRY {'extension_signals': 79, 'rejected_signals': 26}
HP_TELEMETRY {'extension_signals': 79, 'rejected_signals': 26}
HP_TELEMETRY {'extension_signals': 60, 'rejected_signals': 68}
HP_TELEMETRY {'extension_signals': 60, 'rejected_signals': 68}
HP_TELEMETRY {'extension_signals': 74, 'rejected_signals': 52}
HP_TELEMETRY {'extension_signals': 71, 'rejected_signals': 57}
HP_TELEMETRY {'extension_signals': 73, 'rejected_signals': 61}
HP_TELEMETRY {'extension_signals': 73, 'rejected_signals': 61}
HP_TELEMETRY {'extension_signals': 76, 'rejected_signals': 54}
HP_TELEMETRY {'extension_signals': 76, 'rejected_signals': 54}
HP_TELEMETRY {'extension_signals': 71, 'rejected_signals': 40}
HP_TELEMETRY {'extension_signals': 71, 'rejected_signals': 40}
HP_TELEMETRY {'extension_signals': 84, 'rejected_signals': 15}
HP_TELEMETRY {'extension_signals': 84, 'rejected_signals': 16}
HP_TELEMETRY {'extension_signals': 84, 'rejected_signals': 28}
HP_TELEMETRY {'extension_signals': 84, 'rejected_signals': 28}
HP_TELEMETRY {'extension_signals': 69, 'rejected_signals': 60}
HP_TELEMETRY {'extension_signals': 69, 'rejected_signals': 60}
HP_TELEMETRY {'extension_signals': 76, 'rejected_signals': 30}
HP_TELEMETRY {'extension_signals': 76, 'rejected_signals': 30}
HP_TELEMETRY {'extension_signals': 83, 'rejected_signals': 39}
HP_TELEMETRY {'extension_signals': 83, 'rejected_signals': 39}
HP_TELEMETRY {'extension_signals': 64, 'rejected_signals': 34}
HP_TELEMETRY {'extension_signals': 64, 'rejected_signals': 34}
HP_TELEMETRY {'extension_signals': 79, 'rejected_signals': 26}
HP_TELEMETRY {'extension_signals': 79, 'rejected_signals': 26}
HP_TELEMETRY {'extension_signals': 60, 'rejected_signals': 68}
HP_TELEMETRY {'extension_signals': 60, 'rejected_signals': 68}
panel fert23 vs mpx h2h= 0.4167
HP_TELEMETRY {'extension_signals': 74, 'rejected_signals': 60}
HP_TELEMETRY {'extension_signals': 74, 'rejected_signals': 60}
HP_TELEMETRY {'extension_signals': 81, 'rejected_signals': 57}
HP_TELEMETRY {'extension_signals': 81, 'rejected_signals': 57}
HP_TELEMETRY {'extension_signals': 74, 'rejected_signals': 56}
HP_TELEMETRY {'extension_signals': 74, 'rejected_signals': 56}
HP_TELEMETRY {'extension_signals': 71, 'rejected_signals': 46}
HP_TELEMETRY {'extension_signals': 71, 'rejected_signals': 46}
HP_TELEMETRY {'extension_signals': 84, 'rejected_signals': 15}
HP_TELEMETRY {'extension_signals': 84, 'rejected_signals': 15}
HP_TELEMETRY {'extension_signals': 82, 'rejected_signals': 27}
HP_TELEMETRY {'extension_signals': 82, 'rejected_signals': 27}
HP_TELEMETRY {'extension_signals': 72, 'rejected_signals': 63}
HP_TELEMETRY {'extension_signals': 72, 'rejected_signals': 63}
HP_TELEMETRY {'extension_signals': 73, 'rejected_signals': 28}
HP_TELEMETRY {'extension_signals': 73, 'rejected_signals': 28}
HP_TELEMETRY {'extension_signals': 83, 'rejected_signals': 39}
HP_TELEMETRY {'extension_signals': 83, 'rejected_signals': 39}
HP_TELEMETRY {'extension_signals': 64, 'rejected_signals': 34}
HP_TELEMETRY {'extension_signals': 64, 'rejected_signals': 34}
HP_TELEMETRY {'extension_signals': 81, 'rejected_signals': 21}
HP_TELEMETRY {'extension_signals': 81, 'rejected_signals': 21}
HP_TELEMETRY {'extension_signals': 60, 'rejected_signals': 68}
HP_TELEMETRY {'extension_signals': 60, 'rejected_signals': 68}
HP_TELEMETRY {'extension_signals': 74, 'rejected_signals': 60}
HP_TELEMETRY {'extension_signals': 74, 'rejected_signals': 60}
HP_TELEMETRY {'extension_signals': 81, 'rejected_signals': 57}
HP_TELEMETRY {'extension_signals': 81, 'rejected_signals': 57}
HP_TELEMETRY {'extension_signals': 74, 'rejected_signals': 56}
HP_TELEMETRY {'extension_signals': 74, 'rejected_signals': 56}
HP_TELEMETRY {'extension_signals': 71, 'rejected_signals': 46}
HP_TELEMETRY {'extension_signals': 71, 'rejected_signals': 46}
HP_TELEMETRY {'extension_signals': 84, 'rejected_signals': 15}
HP_TELEMETRY {'extension_signals': 84, 'rejected_signals': 15}
HP_TELEMETRY {'extension_signals': 82, 'rejected_signals': 27}
HP_TELEMETRY {'extension_signals': 82, 'rejected_signals': 27}
HP_TELEMETRY {'extension_signals': 72, 'rejected_signals': 63}
HP_TELEMETRY {'extension_signals': 72, 'rejected_signals': 63}
HP_TELEMETRY {'extension_signals': 73, 'rejected_signals': 28}
HP_TELEMETRY {'extension_signals': 73, 'rejected_signals': 28}
HP_TELEMETRY {'extension_signals': 83, 'rejected_signals': 39}
HP_TELEMETRY {'extension_signals': 83, 'rejected_signals': 39}
HP_TELEMETRY {'extension_signals': 64, 'rejected_signals': 34}
HP_TELEMETRY {'extension_signals': 64, 'rejected_signals': 34}
HP_TELEMETRY {'extension_signals': 81, 'rejected_signals': 21}
HP_TELEMETRY {'extension_signals': 81, 'rejected_signals': 21}
HP_TELEMETRY {'extension_signals': 60, 'rejected_signals': 68}
HP_TELEMETRY {'extension_signals': 60, 'rejected_signals': 68}
panel fert23 vs tetsutani h2h= 0.625
HP_TELEMETRY {'extension_signals': 74, 'rejected_signals': 60}
HP_TELEMETRY {'extension_signals': 74, 'rejected_signals': 60}
HP_TELEMETRY {'extension_signals': 81, 'rejected_signals': 57}
HP_TELEMETRY {'extension_signals': 81, 'rejected_signals': 57}
HP_TELEMETRY {'extension_signals': 74, 'rejected_signals': 56}
HP_TELEMETRY {'extension_signals': 74, 'rejected_signals': 56}
HP_TELEMETRY {'extension_signals': 71, 'rejected_signals': 46}
HP_TELEMETRY {'extension_signals': 71, 'rejected_signals': 46}
HP_TELEMETRY {'extension_signals': 84, 'rejected_signals': 15}
HP_TELEMETRY {'extension_signals': 84, 'rejected_signals': 15}
HP_TELEMETRY {'extension_signals': 82, 'rejected_signals': 27}
HP_TELEMETRY {'extension_signals': 82, 'rejected_signals': 27}
HP_TELEMETRY {'extension_signals': 72, 'rejected_signals': 63}
HP_TELEMETRY {'extension_signals': 72, 'rejected_signals': 63}
HP_TELEMETRY {'extension_signals': 73, 'rejected_signals': 28}
HP_TELEMETRY {'extension_signals': 73, 'rejected_signals': 28}
HP_TELEMETRY {'extension_signals': 83, 'rejected_signals': 39}
HP_TELEMETRY {'extension_signals': 83, 'rejected_signals': 39}
HP_TELEMETRY {'extension_signals': 64, 'rejected_signals': 34}
HP_TELEMETRY {'extension_signals': 64, 'rejected_signals': 34}
HP_TELEMETRY {'extension_signals': 81, 'rejected_signals': 21}
HP_TELEMETRY {'extension_signals': 81, 'rejected_signals': 21}
HP_TELEMETRY {'extension_signals': 60, 'rejected_signals': 68}
HP_TELEMETRY {'extension_signals': 60, 'rejected_signals': 68}
HP_TELEMETRY {'extension_signals': 74, 'rejected_signals': 60}
HP_TELEMETRY {'extension_signals': 74, 'rejected_signals': 60}
HP_TELEMETRY {'extension_signals': 81, 'rejected_signals': 57}
HP_TELEMETRY {'extension_signals': 81, 'rejected_signals': 57}
HP_TELEMETRY {'extension_signals': 74, 'rejected_signals': 56}
HP_TELEMETRY {'extension_signals': 74, 'rejected_signals': 56}
HP_TELEMETRY {'extension_signals': 71, 'rejected_signals': 46}
HP_TELEMETRY {'extension_signals': 71, 'rejected_signals': 46}
HP_TELEMETRY {'extension_signals': 84, 'rejected_signals': 15}
HP_TELEMETRY {'extension_signals': 84, 'rejected_signals': 15}
HP_TELEMETRY {'extension_signals': 82, 'rejected_signals': 27}
HP_TELEMETRY {'extension_signals': 82, 'rejected_signals': 27}
HP_TELEMETRY {'extension_signals': 72, 'rejected_signals': 63}
HP_TELEMETRY {'extension_signals': 72, 'rejected_signals': 63}
HP_TELEMETRY {'extension_signals': 73, 'rejected_signals': 28}
HP_TELEMETRY {'extension_signals': 73, 'rejected_signals': 28}
HP_TELEMETRY {'extension_signals': 83, 'rejected_signals': 39}
HP_TELEMETRY {'extension_signals': 83, 'rejected_signals': 39}
HP_TELEMETRY {'extension_signals': 64, 'rejected_signals': 34}
HP_TELEMETRY {'extension_signals': 64, 'rejected_signals': 34}
HP_TELEMETRY {'extension_signals': 81, 'rejected_signals': 21}
HP_TELEMETRY {'extension_signals': 81, 'rejected_signals': 21}
HP_TELEMETRY {'extension_signals': 60, 'rejected_signals': 68}
HP_TELEMETRY {'extension_signals': 60, 'rejected_signals': 68}
panel fert23 vs V89 h2h= 0.625
HP_TELEMETRY {'extension_signals': 74, 'rejected_signals': 58}
HP_TELEMETRY {'extension_signals': 90, 'rejected_signals': 43}
HP_TELEMETRY {'extension_signals': 77, 'rejected_signals': 46}
HP_TELEMETRY {'extension_signals': 69, 'rejected_signals': 41}
HP_TELEMETRY {'extension_signals': 79, 'rejected_signals': 37}
HP_TELEMETRY {'extension_signals': 82, 'rejected_signals': 27}
HP_TELEMETRY {'extension_signals': 70, 'rejected_signals': 65}
HP_TELEMETRY {'extension_signals': 82, 'rejected_signals': 30}
HP_TELEMETRY {'extension_signals': 75, 'rejected_signals': 36}
HP_TELEMETRY {'extension_signals': 61, 'rejected_signals': 36}
HP_TELEMETRY {'extension_signals': 75, 'rejected_signals': 34}
HP_TELEMETRY {'extension_signals': 60, 'rejected_signals': 66}
HP_TELEMETRY {'extension_signals': 74, 'rejected_signals': 58}
HP_TELEMETRY {'extension_signals': 90, 'rejected_signals': 43}
HP_TELEMETRY {'extension_signals': 77, 'rejected_signals': 46}
HP_TELEMETRY {'extension_signals': 69, 'rejected_signals': 41}
HP_TELEMETRY {'extension_signals': 79, 'rejected_signals': 37}
HP_TELEMETRY {'extension_signals': 82, 'rejected_signals': 27}
HP_TELEMETRY {'extension_signals': 70, 'rejected_signals': 65}
HP_TELEMETRY {'extension_signals': 82, 'rejected_signals': 30}
HP_TELEMETRY {'extension_signals': 75, 'rejected_signals': 36}
HP_TELEMETRY {'extension_signals': 61, 'rejected_signals': 36}
HP_TELEMETRY {'extension_signals': 75, 'rejected_signals': 34}
HP_TELEMETRY {'extension_signals': 60, 'rejected_signals': 66}
panel fert23 vs r40 h2h= 0.6667
HP_TELEMETRY {'extension_signals': 75, 'rejected_signals': 54}
HP_TELEMETRY {'extension_signals': 81, 'rejected_signals': 57}
HP_TELEMETRY {'extension_signals': 77, 'rejected_signals': 53}
HP_TELEMETRY {'extension_signals': 64, 'rejected_signals': 41}
HP_TELEMETRY {'extension_signals': 87, 'rejected_signals': 17}
HP_TELEMETRY {'extension_signals': 82, 'rejected_signals': 27}
HP_TELEMETRY {'extension_signals': 75, 'rejected_signals': 59}
HP_TELEMETRY {'extension_signals': 78, 'rejected_signals': 23}
HP_TELEMETRY {'extension_signals': 83, 'rejected_signals': 39}
HP_TELEMETRY {'extension_signals': 62, 'rejected_signals': 35}
HP_TELEMETRY {'extension_signals': 69, 'rejected_signals': 22}
HP_TELEMETRY {'extension_signals': 60, 'rejected_signals': 64}
HP_TELEMETRY {'extension_signals': 75, 'rejected_signals': 54}
HP_TELEMETRY {'extension_signals': 81, 'rejected_signals': 57}
HP_TELEMETRY {'extension_signals': 77, 'rejected_signals': 53}
HP_TELEMETRY {'extension_signals': 64, 'rejected_signals': 41}
HP_TELEMETRY {'extension_signals': 87, 'rejected_signals': 17}
HP_TELEMETRY {'extension_signals': 82, 'rejected_signals': 27}
HP_TELEMETRY {'extension_signals': 75, 'rejected_signals': 59}
HP_TELEMETRY {'extension_signals': 78, 'rejected_signals': 23}
HP_TELEMETRY {'extension_signals': 83, 'rejected_signals': 39}
HP_TELEMETRY {'extension_signals': 62, 'rejected_signals': 35}
HP_TELEMETRY {'extension_signals': 69, 'rejected_signals': 22}
HP_TELEMETRY {'extension_signals': 60, 'rejected_signals': 64}
panel fert23 vs A h2h= 0.9167
verdict: {'best_variant': 'fert46', 'best': {'strong_h2h': {'oc_c3': 0.6667, 'mpx': 0.4167, 'tetsutani': 0.75, 'V89': 0.75}, 'weak_h2h': {'r40': 0.5833, 'A': 0.9167}, 'vs_oc_c3_h2h': 0.6667, 'checks': {'c1_strong_all_ge_0.5': False, 'c2_weak_all_ge_0.8': False, 'c3_vs_oc_c3_ge_0.5': True, 'c4_margin_reference_only': True, 'c5_no_paired_margin_main': True}, 'stronger_than_champion': False, 'all_criteria': False, 'verdict': 'NO_POSITIVE_ARM'}, 'verdict': 'NO_POSITIVE_ARM', 'stronger_than_champion': False, 'budget_compliance': '局次 582/600（合规）'}
