$ python workspace/software/scripts/check_eval_contract.py --mode export
exit=0

Loading environment cabt failed: Could not find module 'C:\Users\OSS\AppData\Roaming\Python\Python314\site-packages\kaggle_environments\envs\cabt\cg\cg.dll' (or one of its dependencies). Try using the full path with constructor syntax.
Loading environment open_spiel_env failed: No module named 'pyspiel'
PASS rejects case alias to official export: development runs cannot target the formal eval export
PASS rejects schema failure: 'identity' is a required property

Failed validating 'required' in schema['allOf'][0]['then']:
    {'required': ['run_kind',
                  'seed_domain',
                  'identity',
                  'evaluation_input',
                  'abnormal_games',
                  'integrity',
                  'confirmatory',
                  'regression_gate'],
     'properties': {'config': {'required': ['rounds',
                                            'seeds',
                                            'contenders',
                                            'opponents',
                                            'matrix_order',
                                            'pairs',
                                            'seat_orders',
                                            'expected_games']},
                    'games': {'items': {'required': ['players',
                                                     'p0',
                                                     'p1',
                                                     'seed',
                                                     'seed_domain',
                                                     'seat',
                                                     'statuses',
                                                     'contract_ok',
                                                     'rewards',
                                                     'winner',
                                                     'winner_label',
                                                     'turns',
                                                     'elapsed_seconds']}},
                    'elo': {'required': ['k',
                                         'start',
                                         'table',
                                         'role',
                                         'order_sensitive']}}}

On instance:
    {'schema_version': '2.0',
     'generated_at': '2026-08-28T00:00:00+00:00',
     'run_kind': 'development',
     'seed_domain': 'development',
     'evaluation_input': {'pairs': [['submission', 'cow_baron']],
                          'seeds': [101],
                          'seed_domain': 'development',
                          'seat_orders': ['AB', 'BA'],
                          'episode_steps': 720,
                          'run_kind': 'development'},
     'engine': {'package': 'kaggle-environments',
                'version': 'test',
                'scenario': 'kaggriculture',
                'episode_steps': 720},
     'config': {'rounds': 1,
                'seeds': [101],
                'contenders': ['submission'],
                'opponents': ['cow_baron', 'dummy-a', 'dummy-b'],
                'matrix_order': ['submission', 'cow_baron'],
                'pairs': [['submission', 'cow_baron']],
                'seat_orders': ['AB', 'BA'],
                'expected_games': 2},
     'opponent_pool_names': ['cow_baron', 'dummy-a', 'dummy-b'],
     'pool_max_elo': None,
     'games': [{'players': ['submission', 'cow_baron'],
                'p0': 'submission',
                'p1': 'cow_baron',
                'seed': 101,
                'seed_domain': 'development',
                'seat': 'AB',
                'statuses': ['DONE', 'DONE'],
                'contract_ok': True,
                'rewards': [2.0, 1.0],
                'winner': 'submission',
                'winner_label': 'submission',
                'turns': 720,
                'elapsed_seconds': 0.0},
               {'players': ['cow_baron', 'submission'],
                'p0': 'cow_baron',
                'p1': 'submission',
                'seed': 101,
                'seed_domain': 'development',
                'seat': 'BA',
                'statuses': ['DONE', 'DONE'],
                'contract_ok': True,
                'rewards': [2.0, 1.0],
                'winner': 'cow_baron',
                'winner_label': 'cow_baron',
                'turns': 720,
                'elapsed_seconds': 0.0}],
     'abnormal_games': 0,
     'integrity': {'expected_games': 2,
                   'actual_games': 2,
                   'abnormal_games': 0},
     'head_to_head': [{'pair': 'submission vs cow_baron',
                       'games': 2,
                       'wins': 1,
                       'losses': 1,
                       'ties': 0,
                       'win_rate': 0.5,
                       'avg_turns': 720.0}],
     'matchup_win_rates': [{'a': 'submission',
                            'b': 'cow_baron',
                            'games': 2,
                            'wins_a': 1,
                            'losses_a': 1,
                            'ties': 0,
                            'win_rate_a': 0.5,
                            'avg_margin_a': 0.0}],
     'confirmatory': {'method': 'paired W/L/T',
                      'order_independent': True,
                      'standings': []},
     'elo': {'role': 'descriptive_only',
             'order_sensitive': True,
             'k': 32.0,
             'start': 1200.0,
             'table': []},
     'eval_variance_report': {'method': 'test',
                              'per_pair': [{'pair': 'submission vs '
                                                    'cow_baron',
                                            'games': 2,
                                            'seeds': [101, 101],
                                            'wins': 1,
                                            'losses': 1,
                                            'ties': 0,
                                            'win_rate': 0.5,
                                            'win_rate_ci95': [0.0945,
                                                              0.9055],
                                            'margin': {'n': 2,
                                                       'mean': 0.0,
                                                       'std': 1.4142,
                                                       'ci95_lo': -12.706,
                                                       'ci95_hi': 12.706,
                                                       'min': -1.0,
                                                       'max': 1.0},
                                            'outcome_flips_across_seeds': True}],
                              'most_volatile_pair': {'pair': 'submission '
                                                             'vs cow_baron',
                                                     'games': 2,
                                                     'seeds': [101, 101],
                                                     'wins': 1,
                                                     'losses': 1,
                                                     'ties': 0,
                                                     'win_rate': 0.5,
                                                     'win_rate_ci95': [0.0945,
                                                                       0.9055],
                                                     'margin': {'n': 2,
                                                                'mean': 0.0,
                                                                'std': 1.4142,
                                                                'ci95_lo': -12.706,
                                                                'ci95_hi': 12.706,
                                                                'min': -1.0,
                                                                'max': 1.0},
                                                     'outcome_flips_across_seeds': True}},
     'determinism_probes': None,
     'eval_audit_pass': {'ref': 'test',
                         'pass_count': None,
                         'warn_count': None,
                         'fail_count': None,
                         'all_critical_pass': None},
     'failure_modes': None,
     'm2': {'llm_ab_win_rate': None,
            'llm_ab_games': None,
            'llm_ab_budget_gate_hits': None,
            'llm_ab_fallback_count': None,
            'iteration_gate_log': None,
            'online_ladder_games': None,
            'online_skill_rating': None,
            'online_feedback_calibration': None,
            'final_submission_commits': None},
     'regression_gate': None,
     'runtime_seconds': 0.0}
PASS rejects replay failure: injected replay validation failure
PASS production schema, path, replay, and transaction safety

