HP_TELEMETRY {'extension_signals': 76, 'rejected_signals': 27}
HP_TELEMETRY {'extension_signals': 94, 'rejected_signals': 46}
HP_TELEMETRY {'extension_signals': 96, 'rejected_signals': 30}
HP_TELEMETRY {'extension_signals': 56, 'rejected_signals': 71}
HP_TELEMETRY {'extension_signals': 77, 'rejected_signals': 55}
HP_TELEMETRY {'extension_signals': 51, 'rejected_signals': 58}
HP_TELEMETRY {'extension_signals': 82, 'rejected_signals': 42}
HP_TELEMETRY {'extension_signals': 92, 'rejected_signals': 45}
HP_TELEMETRY {'extension_signals': 60, 'rejected_signals': 59}
HP_TELEMETRY {'extension_signals': 2, 'rejected_signals': 90}
HP_TELEMETRY {'extension_signals': 72, 'rejected_signals': 45}
HP_TELEMETRY {'extension_signals': 8, 'rejected_signals': 85}
HP_TELEMETRY {'extension_signals': 77, 'rejected_signals': 49}
HP_TELEMETRY {'extension_signals': 5, 'rejected_signals': 97}
HP_TELEMETRY {'extension_signals': 108, 'rejected_signals': 12}
HP_TELEMETRY {'extension_signals': 5, 'rejected_signals': 103}
HP_TELEMETRY {'extension_signals': 76, 'rejected_signals': 27}
HP_TELEMETRY {'extension_signals': 94, 'rejected_signals': 46}
HP_TELEMETRY {'extension_signals': 96, 'rejected_signals': 30}
HP_TELEMETRY {'extension_signals': 56, 'rejected_signals': 71}
HP_TELEMETRY {'extension_signals': 77, 'rejected_signals': 55}
HP_TELEMETRY {'extension_signals': 51, 'rejected_signals': 58}
HP_TELEMETRY {'extension_signals': 82, 'rejected_signals': 42}
HP_TELEMETRY {'extension_signals': 92, 'rejected_signals': 45}
HP_TELEMETRY {'extension_signals': 60, 'rejected_signals': 59}
HP_TELEMETRY {'extension_signals': 2, 'rejected_signals': 90}
HP_TELEMETRY {'extension_signals': 72, 'rejected_signals': 45}
HP_TELEMETRY {'extension_signals': 8, 'rejected_signals': 85}
HP_TELEMETRY {'extension_signals': 77, 'rejected_signals': 49}
HP_TELEMETRY {'extension_signals': 5, 'rejected_signals': 97}
HP_TELEMETRY {'extension_signals': 108, 'rejected_signals': 12}
HP_TELEMETRY {'extension_signals': 5, 'rejected_signals': 103}
HP_TELEMETRY {'extension_signals': 76, 'rejected_signals': 27}
play d2526_milkpass
HP_TELEMETRY {'extension_signals': 76, 'rejected_signals': 27}
HP_TELEMETRY {'extension_signals': 89, 'rejected_signals': 49}
HP_TELEMETRY {'extension_signals': 96, 'rejected_signals': 30}
HP_TELEMETRY {'extension_signals': 56, 'rejected_signals': 71}
HP_TELEMETRY {'extension_signals': 77, 'rejected_signals': 55}
HP_TELEMETRY {'extension_signals': 51, 'rejected_signals': 58}
HP_TELEMETRY {'extension_signals': 82, 'rejected_signals': 42}
HP_TELEMETRY {'extension_signals': 92, 'rejected_signals': 45}
HP_TELEMETRY {'extension_signals': 60, 'rejected_signals': 59}
HP_TELEMETRY {'extension_signals': 2, 'rejected_signals': 90}
HP_TELEMETRY {'extension_signals': 72, 'rejected_signals': 45}
HP_TELEMETRY {'extension_signals': 8, 'rejected_signals': 83}
HP_TELEMETRY {'extension_signals': 77, 'rejected_signals': 49}
HP_TELEMETRY {'extension_signals': 5, 'rejected_signals': 97}
HP_TELEMETRY {'extension_signals': 108, 'rejected_signals': 12}
HP_TELEMETRY {'extension_signals': 5, 'rejected_signals': 103}
HP_TELEMETRY {'extension_signals': 76, 'rejected_signals': 27}
HP_TELEMETRY {'extension_signals': 89, 'rejected_signals': 49}
HP_TELEMETRY {'extension_signals': 96, 'rejected_signals': 30}
HP_TELEMETRY {'extension_signals': 56, 'rejected_signals': 71}
HP_TELEMETRY {'extension_signals': 77, 'rejected_signals': 55}
HP_TELEMETRY {'extension_signals': 51, 'rejected_signals': 58}
HP_TELEMETRY {'extension_signals': 82, 'rejected_signals': 42}
HP_TELEMETRY {'extension_signals': 92, 'rejected_signals': 45}
HP_TELEMETRY {'extension_signals': 60, 'rejected_signals': 59}
HP_TELEMETRY {'extension_signals': 2, 'rejected_signals': 90}
HP_TELEMETRY {'extension_signals': 72, 'rejected_signals': 45}
HP_TELEMETRY {'extension_signals': 8, 'rejected_signals': 83}
HP_TELEMETRY {'extension_signals': 77, 'rejected_signals': 49}
HP_TELEMETRY {'extension_signals': 5, 'rejected_signals': 97}
HP_TELEMETRY {'extension_signals': 108, 'rejected_signals': 12}
HP_TELEMETRY {'extension_signals': 5, 'rejected_signals': 103}
d2526_milkpass crit {'净翻胜>0': False, 'flips_neg==0': False, 'd25/26 单日差转正': False, '实现价非负': False}
play d2526_h70
HP_TELEMETRY {'extension_signals': 76, 'rejected_signals': 27}
HP_TELEMETRY {'extension_signals': 89, 'rejected_signals': 49}
HP_TELEMETRY {'extension_signals': 105, 'rejected_signals': 24}
HP_TELEMETRY {'extension_signals': 56, 'rejected_signals': 71}
HP_TELEMETRY {'extension_signals': 77, 'rejected_signals': 55}
HP_TELEMETRY {'extension_signals': 51, 'rejected_signals': 58}
HP_TELEMETRY {'extension_signals': 82, 'rejected_signals': 42}
HP_TELEMETRY {'extension_signals': 92, 'rejected_signals': 45}
HP_TELEMETRY {'extension_signals': 60, 'rejected_signals': 59}
HP_TELEMETRY {'extension_signals': 2, 'rejected_signals': 90}
HP_TELEMETRY {'extension_signals': 72, 'rejected_signals': 45}
HP_TELEMETRY {'extension_signals': 8, 'rejected_signals': 85}
HP_TELEMETRY {'extension_signals': 77, 'rejected_signals': 52}
HP_TELEMETRY {'extension_signals': 5, 'rejected_signals': 97}
HP_TELEMETRY {'extension_signals': 108, 'rejected_signals': 12}
HP_TELEMETRY {'extension_signals': 5, 'rejected_signals': 103}
d2526_h70 crit {'净翻胜>0': False, 'flips_neg==0': False, 'd25/26 单日差转正': False, '实现价非负': False}
verdict: 无正臂（四判据未同过）；d25/26 修复维持观察，移交用户裁决
