sim auth: True {'n_checked': 30, 'n_match': 30, 'rate': 1.0}
HP_TELEMETRY {'extension_signals': 96, 'rejected_signals': 24}
smoke: 112.0 None
HP_TELEMETRY {'extension_signals': 77, 'rejected_signals': 25}
HP_TELEMETRY {'extension_signals': 81, 'rejected_signals': 46}
HP_TELEMETRY {'extension_signals': 99, 'rejected_signals': 28}
HP_TELEMETRY {'extension_signals': 53, 'rejected_signals': 75}
HP_TELEMETRY {'extension_signals': 36, 'rejected_signals': 102}
HP_TELEMETRY {'extension_signals': 71, 'rejected_signals': 52}
HP_TELEMETRY {'extension_signals': 93, 'rejected_signals': 34}
HP_TELEMETRY {'extension_signals': 85, 'rejected_signals': 36}
HP_TELEMETRY {'extension_signals': 61, 'rejected_signals': 57}
HP_TELEMETRY {'extension_signals': 2, 'rejected_signals': 91}
HP_TELEMETRY {'extension_signals': 77, 'rejected_signals': 39}
HP_TELEMETRY {'extension_signals': 11, 'rejected_signals': 79}
HP_TELEMETRY {'extension_signals': 61, 'rejected_signals': 63}
HP_TELEMETRY {'extension_signals': 0, 'rejected_signals': 118}
HP_TELEMETRY {'extension_signals': 80, 'rejected_signals': 28}
HP_TELEMETRY {'extension_signals': 2, 'rejected_signals': 46}
HP_TELEMETRY {'extension_signals': 77, 'rejected_signals': 25}
HP_TELEMETRY {'extension_signals': 81, 'rejected_signals': 46}
HP_TELEMETRY {'extension_signals': 99, 'rejected_signals': 28}
HP_TELEMETRY {'extension_signals': 53, 'rejected_signals': 75}
HP_TELEMETRY {'extension_signals': 36, 'rejected_signals': 102}
HP_TELEMETRY {'extension_signals': 71, 'rejected_signals': 52}
HP_TELEMETRY {'extension_signals': 93, 'rejected_signals': 34}
HP_TELEMETRY {'extension_signals': 85, 'rejected_signals': 36}
HP_TELEMETRY {'extension_signals': 61, 'rejected_signals': 57}
HP_TELEMETRY {'extension_signals': 2, 'rejected_signals': 91}
HP_TELEMETRY {'extension_signals': 77, 'rejected_signals': 39}
HP_TELEMETRY {'extension_signals': 11, 'rejected_signals': 79}
HP_TELEMETRY {'extension_signals': 61, 'rejected_signals': 63}
HP_TELEMETRY {'extension_signals': 0, 'rejected_signals': 118}
HP_TELEMETRY {'extension_signals': 80, 'rejected_signals': 28}
HP_TELEMETRY {'extension_signals': 2, 'rejected_signals': 46}
oc_c3 games 32 err 0 tm 89456.9 win_fill_total 37287.6 shadow_mism 0 86.0 s
mx_base games 32 err 0 tm 89456.9 win_fill_total 37287.6 shadow_mism 0 85.8 s
HP_TELEMETRY {'extension_signals': 77, 'rejected_signals': 25}
HP_TELEMETRY {'extension_signals': 86, 'rejected_signals': 45}
HP_TELEMETRY {'extension_signals': 99, 'rejected_signals': 28}
HP_TELEMETRY {'extension_signals': 53, 'rejected_signals': 75}
HP_TELEMETRY {'extension_signals': 36, 'rejected_signals': 102}
HP_TELEMETRY {'extension_signals': 76, 'rejected_signals': 48}
HP_TELEMETRY {'extension_signals': 95, 'rejected_signals': 34}
HP_TELEMETRY {'extension_signals': 85, 'rejected_signals': 36}
HP_TELEMETRY {'extension_signals': 61, 'rejected_signals': 57}
HP_TELEMETRY {'extension_signals': 2, 'rejected_signals': 91}
HP_TELEMETRY {'extension_signals': 77, 'rejected_signals': 39}
HP_TELEMETRY {'extension_signals': 12, 'rejected_signals': 79}
HP_TELEMETRY {'extension_signals': 61, 'rejected_signals': 63}
HP_TELEMETRY {'extension_signals': 0, 'rejected_signals': 118}
HP_TELEMETRY {'extension_signals': 78, 'rejected_signals': 30}
HP_TELEMETRY {'extension_signals': 2, 'rejected_signals': 46}
HP_TELEMETRY {'extension_signals': 77, 'rejected_signals': 25}
HP_TELEMETRY {'extension_signals': 86, 'rejected_signals': 45}
HP_TELEMETRY {'extension_signals': 99, 'rejected_signals': 28}
HP_TELEMETRY {'extension_signals': 53, 'rejected_signals': 75}
HP_TELEMETRY {'extension_signals': 36, 'rejected_signals': 102}
HP_TELEMETRY {'extension_signals': 76, 'rejected_signals': 48}
HP_TELEMETRY {'extension_signals': 95, 'rejected_signals': 34}
HP_TELEMETRY {'extension_signals': 85, 'rejected_signals': 36}
HP_TELEMETRY {'extension_signals': 61, 'rejected_signals': 57}
HP_TELEMETRY {'extension_signals': 2, 'rejected_signals': 91}
HP_TELEMETRY {'extension_signals': 77, 'rejected_signals': 39}
HP_TELEMETRY {'extension_signals': 12, 'rejected_signals': 79}
HP_TELEMETRY {'extensiomx_cap2 games 32 err 0 tm 89438.4 win_fill_total 37285.1 shadow_mism 0 85.5 s
HP_TELEMETRY {'extension_signals': 77, 'rejected_signals': 25}
HP_TELEMETRY {'extension_signals': 86, 'rejected_signals': 45}
HP_TELEMETRY {'extension_signals': 99, 'rejected_signals': 28}
HP_TELEMETRY {'extension_signals': 53, 'rejected_signals': 75}
HP_TELEMETRY {'extension_signals': 36, 'rejected_signals': 102}
HP_TELEMETRY {'extension_signals': 76, 'rejected_signals': 48}
HP_TELEMETRY {'extension_signals': 95, 'rejected_signals': 34}
HP_TELEMETRY {'extension_signals': 85, 'rejected_signals': 36}
HP_TELEMETRY {'extension_signals': 61, 'rejected_signals': 57}
HP_TELEMETRY {'extension_signals': 2, 'rejected_signals': 91}
HP_TELEMETRY {'extension_signals': 77, 'rejected_signals': 39}
HP_TELEMETRY {'extension_signals': 12, 'rejected_signals': 79}
HP_TELEMETRY {'extension_signals': 61, 'rejected_signals': 63}
HP_TELEMETRY {'extension_signals': 0, 'rejected_signals': 118}
HP_TELEMETRY {'extension_signals': 78, 'rejected_signals': 30}
HP_TELEMETRY {'extension_signals': 2, 'rejected_signals': 46}
HP_TELEMETRY {'extension_signals': 77, 'rejected_signals': 25}
HP_TELEMETRY {'extension_signals': 86, 'rejected_signals': 45}
HP_TELEMETRY {'extension_signals': 99, 'rejected_signals': 28}
HP_TELEMETRY {'extension_signals': 53, 'rejected_signals': 75}
HP_TELEMETRY {'extension_signals': 36, 'rejected_signals': 102}
HP_TELEMETRY {'extension_signals': 76, 'rejected_signals': 48}
HP_TELEMETRY {'extension_signals': 95, 'rejected_signals': 34}
HP_TELEMETRY {'extension_signals': 85, 'rejected_signals': 36}
HP_TELEMETRY {'extension_signals': 61, 'rejected_signals': 57}
HP_TELEMETRY {'extension_signals': 2, 'rejected_signals': 91}
HP_TELEMETRY {'extension_signals': 77, 'rejected_signals': 39}
HP_TELEMETRY {'extension_signals': 12, 'rejected_signals': 79}
HP_TELEMETRY {'extension_signals': 61, 'rejected_signals': 63}
HP_TELEMETRY {'extension_signals': 0, 'rejected_signals': 118}
HP_TELEMETRY {'extension_signals': 78, 'rejected_signals': 30}
HP_TELEMETRY {'extension_signals': 2, 'rejected_signals': 46}
mx_cap33 games 32 err 0 tm 89442.9 win_fill_total 37285.1 shadow_mism 0 85.8 s
HP_TELEMETRY {'extension_signals': 77, 'rejected_signals': 25}
HP_TELEMETRY {'extension_signals': 81, 'rejected_signals': 46}
HP_TELEMETRY {'extension_signals': 99, 'rejected_signals': 28}
HP_TELEMETRY {'extension_signals': 53, 'rejected_signals': 75}
HP_TELEMETRY {'extension_signals': 36, 'rejected_signals': 102}
HP_TELEMETRY {'extension_signals': 71, 'rejected_signals': 52}
HP_TELEMETRY {'extension_signals': 93, 'rejected_signals': 34}
HP_TELEMETRY {'extension_signals': 85, 'rejected_signals': 36}
HP_TELEMETRY {'extension_signals': 61, 'rejected_signals': 57}
HP_TELEMETRY {'extension_signals': 2, 'rejected_signals': 91}
HP_TELEMETRY {'extension_signals': 77, 'rejected_signals': 39}
HP_TELEMETRY {'extension_signals': 11, 'rejected_signals': 79}
HP_TELEMETRY {'extension_signals': 61, 'rejected_signals': 63}
HP_TELEMETRY {'extension_signals': 0, 'rejected_signals': 118}
HP_TELEMETRY {'extension_signals': 80, 'rejected_signals': 28}
HP_TELEMETRY {'extension_signals': 2, 'rejected_signals': 46}
HP_TELEMETRY {'extension_signals': 77, 'rejected_signals': 25}
HP_TELEMETRY {'extension_signals': 81, 'rejected_signals': 46}
HP_TELEMETRY {'extension_signals': 99, 'rejected_signals': 28}
HP_TELEMETRY {'extension_signals': 53, 'rejected_signals': 75}
HP_TELEMETRY {'extension_signals': 36, 'rejected_signals': 102}
HP_TELEMETRY {'extension_signals': 71, 'rejected_signals': 52}
HP_TELEMETRY {'extension_signals': 93, 'rejected_signals': 34}
HP_TELEMETRY {'extension_signals': 85, 'rejected_signals': 36}
HP_TELEMETRY {'extension_signals': 61, 'rejected_signals': 57}
HP_TELEMETRY {'extension_signals': 2, 'rejected_signals': 91}
HP_TELEMETRY {'extension_signals': 77, 'rejected_signals': 39}
HP_TELEMETRY {'extension_signals': 11, 'rejected_signals': 79}
HP_TELEMETRY {'extension_signals': 61, 'rejected_signals': 63}
HP_TELEMETRY {'extension_signals': 0, 'rejected_signals': 118}
HP_TELEMETRY {'extension_signals': 80, 'rejected_signals': 28}
HP_TELEMETRY {'extension_signals': 2, 'rejected_signals': 46}
mx_thr_m02 games 32 err 0 tm 89456.9 win_fill_total 37287.6 shadow_mism 0 84.9 s
HP_TELEMETRY {'extension_signals': 77, 'rejected_signals': 25}
HP_TELEMETRY {'extension_signals': 81, 'rejected_signals': 46}
HP_TELEMETRY {'extension_signals': 99, 'rejected_signals': 28}
HP_TELEMETRY {'extension_signals': 53, 'rejected_signals': 75}
HP_TELEMETRY {'extension_signals': 36, 'rejected_signals': 102}
HP_TELEMETRY {'extension_signals': 71, 'rejected_signals': 52}
HP_TELEMETRY {'extension_signals': 93, 'rejected_signals': 34}
HP_TELEMETRY {'extension_signals': 85, 'rejected_signals': 36}
HP_TELEMETRY {'extension_signals': 61, 'rejected_signals': 57}
HP_TELEMETRY {'extension_signals': 2, 'rejected_signals': 91}
HP_TELEMETRY {'extension_signals': 77, 'rejected_signals': 39}
HP_TELEMETRY {'extension_signals': 11, 'rejected_signals': 79}
HP_TELEMETRY {'extension_signals': 61, 'rejected_signals': 63}
HP_TELEMETRY {'extension_signals': 0, 'rejected_signals': 118}
HP_TELEMETRY {'extension_signals': 80, 'rejected_signals': 28}
HP_TELEMETRY {'extension_signals': 2, 'rejected_signals': 46}
mx_thr_m10 games 32 err 0 tm 89457.1 win_fill_total 37287.6 shadow_mism 0 82.8 s
seal: 32 / 32 money 32
mx_cap2 vs oc_c3: W2/L12/T18 dM -35.31 netflip 0 flips_neg 0 dWin -2.5 dWinMilk -2.5 px_nonneg False crit {'净翻胜>0': False, 'flips_neg==0': True, '实现价非负（Δratio_fill MILK∧全品均值≥0）': False, 'd14-20窗收入差转正（fill 总窗配对 mean Δ>0）': False}
mx_cap33 vs oc_c3: W2/L12/T18 dM -42.75 netflip 0 flips_neg 0 dWin -2.5 dWinMilk -2.5 px_nonneg False crit {'净翻胜>0': False, 'flips_neg==0': True, '实现价非负（Δratio_fill MILK∧全品均值≥0）': False, 'd14-20窗收入差转正（fill 总窗配对 mean Δ>0）': False}
mx_thr_m02 vs oc_c3: W0/L0/T32 dM 0.0 netflip 0 flips_neg 0 dWin 0.0 dWinMilk 0.0 px_nonneg True crit {'净翻胜>0': False, 'flips_neg==0': True, '实现价非负（Δratio_fill MILK∧全品均值≥0）': True, 'd14-20窗收入差转正（fill 总窗配对 mean Δ>0）': False}
mx_thr_m10 vs oc_c3: W2/L0/T30 dM 0.06 netflip 0 flips_neg 0 dWin 0.0 dWinMilk 0.0 px_nonneg True crit {'净翻胜>0': False, 'flips_neg==0': True, '实现价非负（Δratio_fill MILK∧全品均值≥0）': True, 'd14-20窗收入差转正（fill 总窗配对 mean Δ>0）': False}
DONE 557.6 s budget: {'cap_局次': 350, 'smoke_局次': 1, 'auth_局次': 60, 'judgment_局次': 192, 'carpet_局次': 0, 'total_局次': 253, 'within_cap': True}
VERDICT: 牛奶窗变现正臂：无（受测变体均未全过四判据）
