variant care2 twin PASS kept True inserted 8995
variant fert_on twin PASS kept True inserted 1431
sim auth: True {'n_checked': 30, 'n_match': 30, 'rate': 1.0}
HP_TELEMETRY {'extension_signals': 77, 'rejected_signals': 25}
HP_TELEMETRY {'extension_signals': 81, 'rejected_signals': 46}
HP_TELEMETRY {'extension_signals': 99, 'rejected_signals': 28}
HP_TELEMETRY {'extension_signals': 53, 'rejected_signals': 75}
HP_TELEMETRY {'extension_signals': 36, 'rejected_signals': 102}
HP_TELEMETRY {'extension_signals': 74, 'rejected_signals': 34}
HP_TELEMETRY {'extension_signals': 81, 'rejected_signals': 42}
HP_TELEMETRY {'extension_signals': 86, 'rejected_signals': 46}
HP_TELEMETRY {'extension_signals': 61, 'rejected_signals': 57}
HP_TELEMETRY {'extension_signals': 2, 'rejected_signals': 91}
HP_TELEMETRY {'extension_signals': 77, 'rejected_signals': 39}
HP_TELEMETRY {'extension_signals': 11, 'rejected_signals': 79}
HP_TELEMETRY {'extension_signals': 43, 'rejected_signals': 76}
HP_TELEMETRY {'extension_signals': 2, 'rejected_signals': 65}
HP_TELEMETRY {'extension_signals': 77, 'rejected_signals': 55}
HP_TELEMETRY {'extension_signals': 8, 'rejected_signals': 137}
HP_TELEMETRY {'extension_signals': 77, 'rejected_signals': 25}
HP_TELEMETRY {'extension_signals': 81, 'rejected_signals': 46}
HP_TELEMETRY {'extension_signals': 99, 'rejected_signals': 28}
HP_TELEMETRY {'extension_signals': 53, 'rejected_signals': 75}
HP_TELEMETRY {'extension_signals': 36, 'rejected_signals': 102}
HP_TELEMETRY {'extension_signals': 74, 'rejected_signals': 34}
HP_TELEMETRY {'extension_signals': 81, 'rejected_signals': 42}
HP_TELEMETRY {'extension_signals': 86, 'rejected_signals': 46}
HP_TELEMETRY {'extension_signals': 61, 'rejected_signals': 57}
HP_TELEMETRY {'extension_signals': 2, 'rejected_signals': 91}
HP_TELEMETRY {'extension_signals': 77, 'rejected_signals': 39}
HP_TELEMETRY {'extension_signals': 11, 'rejected_signals': 79}
HP_TELEMETRY {'extension_signals': 43, 'rejected_signals': 76}
HP_TELEMETRY {'extension_signals': 2, 'rejected_signals': 65}
HP_TELEMETRY {'extension_signals': 77, 'rejected_signals': 55}
HP_TELEMETRY {'extension_signals': 8, 'rejected_signals': 137}
control played 32 games; realized: {'ratio_fill_all': 0.7869, 'ratio_submit_all': 0.8026, 'n_games': 32}
dephase surface: appends=356 units=2734.0 -> built
HP_TELEMETRY {'extension_signals': 77, 'rejected_signals': 25}
HP_TELEMETRY {'extension_signals': 81, 'rejected_signals': 46}
HP_TELEMETRY {'extension_signals': 88, 'rejected_signals': 31}
HP_TELEMETRY {'extension_signals': 53, 'rejected_signals': 75}
HP_TELEMETRY {'extension_signals': 36, 'rejected_signals': 102}
HP_TELEMETRY {'extension_signals': 74, 'rejected_signals': 34}
HP_TELEMETRY {'extension_signals': 81, 'rejected_signals': 42}
HP_TELEMETRY {'extension_signals': 86, 'rejected_signals': 46}
HP_TELEMETRY {'extension_signals': 61, 'rejected_signals': 57}
HP_TELEMETRY {'extension_signals': 2, 'rejected_signals': 91}
HP_TELEMETRY {'extension_signals': 77, 'rejected_signals': 40}
HP_TELEMETRY {'extension_signals': 12, 'rejected_signals': 79}
HP_TELEMETRY {'extension_signals': 43, 'rejected_signals': 76}
HP_TELEMETRY {'extension_signals': 2, 'rejected_signals': 65}
HP_TELEMETRY {'extension_signals': 82, 'rejected_signals': 47}
HP_TELEMETRY {'extension_signals': 5, 'rejected_signals': 139}
HP_TELEMETRY {'extension_signals': 77, 'rejected_signals': 25}
HP_TELEMETRY {'extension_signals': 81, 'rejected_signals': 46}
HP_TELEMETRY {'extension_signals': 88, 'rejected_signals': 31}
HP_TELEMETRY {'extension_signals': 53, 'rejected_signals': 75}
HP_TELEMETRY {'extension_signals': 36, 'rejected_signals': 102}
HP_TELEMETRY {'extension_signals': 74, 'rejected_signals': 34}
HP_TELEMETRY {'extension_signals': 81, 'rejected_signals': 42}
HP_TELEMETRY {'extension_signals': 86, 'rejected_signals': 46}
HP_TELEMETRY {'extension_signals': 61, 'rejected_signals': 57}
HP_TELEMETRY {'extension_signals': 2, 'rejected_signals': 91}
HP_TELEMETRY {'extension_signals': 77, 'rejected_signals': 40}
HP_TELEMETRY {'extension_signals': 12, 'rejected_signals': 79}
HP_TELEMETRY {'extension_signals': 43, 'rejected_signals': 76}
HP_TELEMETRY {'extension_signals': 2, 'rejected_signals': 65}
HP_TELEMETRY {'extension_signals': 82, 'rejected_signals': 47}
HP_TELEMETRY {'extension_signals': 5, 'rejected_signals': 139}
pair care2 W-L-T 2 26 4 d -190.5 netflip -4 flips_neg 4 pos False
HP_TELEMETRY {'extension_signals': 79, 'rejected_signals': 21}
HP_TELEMETRY {'extension_signals': 81, 'rejected_signals': 46}
HP_TELEMETRY {'extension_signals': 99, 'rejected_signals': 28}
HP_TELEMETRY {'extension_signals': 53, 'rejected_signals': 75}
HP_TELEMETRY {'extension_signals': 36, 'rejected_signals': 102}
HP_TELEMETRY {'extension_signals': 74, 'rejected_signals': 34}
HP_TELEMETRY {'extension_signals': 81, 'rejected_signals': 42}
HP_TELEMETRY {'extension_signals': 85, 'rejected_signals': 46}
HP_TELEMETRY {'extension_signals': 61, 'rejected_signals': 57}
HP_TELEMETRY {'extension_signals': 2, 'rejected_signals': 91}
HP_TELEMETRY {'extension_signals': 77, 'rejected_signals': 39}
HP_TELEMETRY {'extension_signals': 11, 'rejected_signals': 79}
HP_TELEMETRY {'extension_signals': 43, 'rejected_signals': 76}
HP_TELEMETRY {'extension_signals': 2, 'rejected_signals': 65}
HP_TELEMETRY {'extension_signals': 77, 'rejected_signals': 55}
HP_TELEMETRY {'extension_signals': 8, 'rejected_signals': 137}
HP_TELEMETRY {'extension_signals': 79, 'rejected_signals': 21}
HP_TELEMETRY {'extension_signals': 81, 'rejected_signals': 46}
HP_TELEMETRY {'extension_signals': 99, 'rejected_signals': 28}
HP_TELEMETRY {'extension_signals': 53, 'rejected_signals': 75}
HP_TELEMETRY {'extension_signals': 36, 'rejected_signals': 102}
HP_TELEMETRY {'extension_signals': 74, 'rejected_signals': 34}
HP_TELEMETRY {'extension_signals': 81, 'rejected_signals': 42}
HP_TELEMETRY {'extension_signals': 85, 'rejected_signals': 46}
HP_TELEMETRY {'extension_signals': 61, 'rejected_signals': 57}
HP_TELEMETRY {'extension_signals': 2, 'rejected_signals': 91}
HP_TELEMETRY {'extension_signals': 77, 'rejected_signals': 39}
HP_TELEMETRY {'extension_signals': 11, 'rejected_signals': 79}
HP_TELEMETRY {'extension_signals': 43, 'rejected_signals': 76}
HP_TELEMETRY {'extension_signals': 2, 'rejected_signals': 65}
HP_TELEMETRY {'extension_signals': 77, 'rejected_signals': 55}
HP_TELEMETRY {'extension_signals': 8, 'rejected_signals': 137}
pair fertilize_on W-L-T 8 24 0 d -114.78 netflip 0 flips_neg 0 pos False
HP_TELEMETRY {'extension_signals': 60, 'rejected_signals': 42}
HP_TELEMETRY {'extension_signals': 85, 'rejected_signals': 42}
HP_TELEMETRY {'extension_signals': 103, 'rejected_signals': 27}
HP_TELEMETRY {'extension_signals': 53, 'rejected_signals': 75}
HP_TELEMETRY {'extension_signals': 37, 'rejected_signals': 93}
HP_TELEMETRY {'extension_signals': 75, 'rejected_signals': 36}
HP_TELEMETRY {'extension_signals': 81, 'rejected_signals': 42}
HP_TELEMETRY {'extension_signals': 77, 'rejected_signals': 54}
HP_TELEMETRY {'extension_signals': 61, 'rejected_signals': 57}
HP_TELEMETRY {'extension_signals': 2, 'rejected_signals': 89}
HP_TELEMETRY {'extension_signals': 72, 'rejected_signals': 45}
HP_TELEMETRY {'extension_signals': 12, 'rejected_signals': 80}
HP_TELEMETRY {'extension_signals': 41, 'rejected_signals': 79}
HP_TELEMETRY {'extension_signals': 0, 'rejected_signals': 67}
HP_TELEMETRY {'extension_signals': 77, 'rejected_signals': 52}
HP_TELEMETRY {'extension_signals': 8, 'rejected_signals': 135}
pair dephase W-L-T 14 18 0 d -0.31 netflip -2 flips_neg 2 pos False
DONE 324.6 s budget {'cap_局次': 350, 'auth_局次': 30, 'judgment_局次': 128, 'total_局次': 158, 'within_cap': True}
