Loading environment open_spiel_env failed: No module named 'pyspiel'
Loading environment cabt failed: /home/renyxin/.local/lib/python3.14/site-packages/kaggle_environments/envs/cabt/cg/libcg.so: cannot open shared object file: No such file or directory
  111286146 B: ours=47192 opp=52075 margin=-4883 {} (0.34s)
  111286146 PLACEBO: ours=47865 opp=52814 margin=-4949 {'PLACEBO_trim': 4} (0.42s)
  111286146 A1: ours=71672 opp=67777 margin=3895 {'A1_suppressed': 1, 'A1_injected': 1} (0.44s)
  111286146 A2: ours=47161 opp=51943 margin=-4782 {'A2_d10_uprate': 3, 'A2_d2829_clear': 143} (0.27s)
  111286146 A3: ours=74118 opp=71818 margin=2300 {'A3_trimmed': 29, 'A3_dropped': 4} (0.5s)
  111286146 A4: ours=47192 opp=52075 margin=-4883 {'A4_care_fill': 6} (0.43s)
  111286146 COMBO: ours=61150 opp=63484 margin=-2334 {'A3_trimmed': 29, 'A4_care_fill': 6, 'A1_suppressed': 1, 'A1_injected': 1, 'A3_dropped': 4, 'A2_d10_uprate': 3, 'A2_d2829_clear': 138} (0.46s)
111286146 kind=defeat valid_baseline=True
  111287283 B: ours=55032 opp=55336 margin=-304 {} (0.35s)
  111287283 PLACEBO: ours=56465 opp=57777 margin=-1312 {'PLACEBO_trim': 4} (0.53s)
  111287283 A1: ours=81856 opp=78075 margin=3781 {'A1_suppressed': 1, 'A1_injected': 1} (0.49s)
  111287283 A2: ours=53619 opp=55329 margin=-1710 {'A2_d10_uprate': 3, 'A2_d2829_clear': 141} (0.28s)
  111287283 A3: ours=99221 opp=92863 margin=6358 {'A3_trimmed': 29, 'A3_dropped': 4} (0.58s)
  111287283 A4: ours=55032 opp=55336 margin=-304 {'A4_care_fill': 6} (0.5s)
  111287283 COMBO: ours=94930 opp=94777 margin=153 {'A3_trimmed': 29, 'A4_care_fill': 6, 'A1_suppressed': 1, 'A1_injected': 1, 'A3_dropped': 4, 'A2_d10_uprate': 3, 'A2_d2829_clear': 125} (0.28s)
111287283 kind=defeat valid_baseline=True
  111289536 B: ours=83211 opp=84490 margin=-1279 {} (0.65s)
  111289536 PLACEBO: ours=83366 opp=84437 margin=-1071 {'PLACEBO_trim': 5} (0.5s)
  111289536 A1: ours=95314 opp=104639 margin=-9325 {'A1_suppressed': 1, 'A1_injected': 1} (0.29s)
  111289536 A2: ours=83264 opp=84326 margin=-1062 {'A2_d10_uprate': 18, 'A2_d2829_clear': 229} (0.6s)
  111289536 A3: ours=84740 opp=88170 margin=-3430 {'A3_trimmed': 39, 'A3_dropped': 1} (0.51s)
  111289536 A4: ours=83211 opp=84490 margin=-1279 {'A4_care_fill': 5} (0.28s)
  111289536 COMBO: ours=81623 opp=86913 margin=-5290 {'A3_trimmed': 39, 'A4_care_fill': 5, 'A1_suppressed': 1, 'A1_injected': 1, 'A3_dropped': 1, 'A2_d10_uprate': 18, 'A2_d2829_clear': 226} (0.63s)
111289536 kind=defeat valid_baseline=False
  111297358 B: ours=68954 opp=72240 margin=-3286 {} (0.63s)
  111297358 PLACEBO: ours=68982 opp=72240 margin=-3258 {'PLACEBO_trim': 4} (0.32s)
  111297358 A1: ours=83434 opp=67890 margin=15544 {'A1_suppressed': 1, 'A1_injected': 1} (0.6s)
  111297358 A2: ours=68068 opp=72344 margin=-4276 {'A2_d10_uprate': 3, 'A2_d2829_clear': 143} (0.53s)
  111297358 A3: ours=83173 opp=70329 margin=12844 {'A3_trimmed': 29, 'A3_dropped': 4} (0.32s)
  111297358 A4: ours=68954 opp=72240 margin=-3286 {'A4_care_fill': 6} (0.59s)
  111297358 COMBO: ours=80590 opp=70319 margin=10271 {'A3_trimmed': 29, 'A4_care_fill': 6, 'A1_suppressed': 1, 'A1_injected': 1, 'A3_dropped': 4, 'A2_d10_uprate': 3, 'A2_d2829_clear': 138} (0.52s)
111297358 kind=defeat valid_baseline=True
  111306349 B: ours=69854 opp=91150 margin=-21296 {} (0.37s)
  111306349 PLACEBO: ours=69291 opp=91438 margin=-22147 {'PLACEBO_trim': 4} (0.58s)
  111306349 A1: ours=101322 opp=72473 margin=28849 {'A1_suppressed': 1, 'A1_injected': 1} (0.51s)
  111306349 A2: ours=69097 opp=91114 margin=-22017 {'A2_d10_uprate': 3, 'A2_d2829_clear': 143} (0.28s)
  111306349 A3: ours=87188 opp=67418 margin=19770 {'A3_trimmed': 29, 'A3_dropped': 4} (0.59s)
  111306349 A4: ours=69854 opp=91150 margin=-21296 {'A4_care_fill': 6} (0.52s)
  111306349 COMBO: ours=86742 opp=67623 margin=19119 {'A3_trimmed': 29, 'A4_care_fill': 6, 'A1_suppressed': 1, 'A1_injected': 1, 'A3_dropped': 4, 'A2_d10_uprate': 3, 'A2_d2829_clear': 138} (0.54s)
111306349 kind=defeat valid_baseline=True
  111318595 B: ours=80832 opp=86070 margin=-5238 {} (0.36s)
  111318595 PLACEBO: ours=79605 opp=82217 margin=-2612 {'PLACEBO_trim': 5} (0.57s)
  111318595 A1: ours=63855 opp=69925 margin=-6070 {'A1_suppressed': 1, 'A1_injected': 1} (0.49s)
  111318595 A2: ours=80803 opp=86020 margin=-5217 {'A2_d10_uprate': 17, 'A2_d2829_clear': 231} (0.29s)
  111318595 A3: ours=62122 opp=90056 margin=-27934 {'A3_trimmed': 26} (0.6s)
  111318595 A4: ours=80832 opp=86070 margin=-5238 {'A4_care_fill': 5} (0.52s)
  111318595 COMBO: ours=61615 opp=90520 margin=-28905 {'A3_trimmed': 26, 'A4_care_fill': 6, 'A1_suppressed': 1, 'A1_injected': 1, 'A2_d10_uprate': 3, 'A2_d2829_clear': 138} (0.3s)
111318595 kind=defeat valid_baseline=True
  111320833 B: ours=77537 opp=83905 margin=-6368 {} (0.7s)
  111320833 PLACEBO: ours=67846 opp=68547 margin=-701 {'PLACEBO_trim': 4} (0.51s)
  111320833 A1: ours=82588 opp=66192 margin=16396 {'A1_suppressed': 1, 'A1_injected': 1} (0.3s)
  111320833 A2: ours=75328 opp=83327 margin=-7999 {'A2_d10_uprate': 3, 'A2_d2829_clear': 139} (0.6s)
  111320833 A3: ours=71696 opp=71583 margin=113 {'A3_trimmed': 29, 'A3_dropped': 4} (0.53s)
  111320833 A4: ours=77537 opp=83905 margin=-6368 {'A4_care_fill': 6} (0.3s)
  111320833 COMBO: ours=91838 opp=67229 margin=24609 {'A3_trimmed': 29, 'A4_care_fill': 6, 'A1_suppressed': 1, 'A1_injected': 1, 'A3_dropped': 4, 'A2_d10_uprate': 3, 'A2_d2829_clear': 125} (0.62s)
111320833 kind=defeat valid_baseline=True
  111323075 B: ours=88202 opp=108839 margin=-20637 {} (0.58s)
  111323075 PLACEBO: ours=93762 opp=105448 margin=-11686 {'PLACEBO_trim': 4} (0.29s)
  111323075 A1: ours=111169 opp=116442 margin=-5273 {'A1_suppressed': 1, 'A1_injected': 1} (0.57s)
  111323075 A2: ours=88585 opp=108803 margin=-20218 {'A2_d10_uprate': 3, 'A2_d2829_clear': 265} (0.51s)
  111323075 A3: ours=73428 opp=93791 margin=-20363 {'A3_trimmed': 23} (0.29s)
  111323075 A4: ours=88202 opp=108839 margin=-20637 {'A4_care_fill': 5} (0.61s)
  111323075 COMBO: ours=73158 opp=96756 margin=-23598 {'A3_trimmed': 23, 'A4_care_fill': 5, 'A1_suppressed': 1, 'A1_injected': 1, 'A2_d10_uprate': 6, 'A2_d2829_clear': 259} (0.52s)
111323075 kind=defeat valid_baseline=False
  111336733 B: ours=100136 opp=101875 margin=-1739 {} (0.36s)
  111336733 PLACEBO: ours=100132 opp=101878 margin=-1746 {'PLACEBO_trim': 4} (0.58s)
  111336733 A1: ours=109857 opp=104215 margin=5642 {'A1_suppressed': 1, 'A1_injected': 1} (0.53s)
  111336733 A2: ours=97515 opp=101878 margin=-4363 {'A2_d10_uprate': 3, 'A2_d2829_clear': 143} (0.28s)
  111336733 A3: ours=110102 opp=104503 margin=5599 {'A3_trimmed': 29, 'A3_dropped': 4} (0.6s)
  111336733 A4: ours=100136 opp=101875 margin=-1739 {'A4_care_fill': 6} (0.52s)
  111336733 COMBO: ours=108972 opp=106390 margin=2582 {'A3_trimmed': 29, 'A4_care_fill': 6, 'A1_suppressed': 1, 'A1_injected': 1, 'A3_dropped': 4, 'A2_d10_uprate': 3, 'A2_d2829_clear': 138} (0.29s)
111336733 kind=defeat valid_baseline=True
  111370910 B: ours=91443 opp=94598 margin=-3155 {} (0.65s)
  111370910 PLACEBO: ours=91612 opp=94572 margin=-2960 {'PLACEBO_trim': 5} (0.5s)
  111370910 A1: ours=70191 opp=80502 margin=-10311 {'A1_suppressed': 1, 'A1_injected': 1} (0.55s)
  111370910 A2: ours=91683 opp=94106 margin=-2423 {'A2_d10_uprate': 18, 'A2_d2829_clear': 229} (0.32s)
  111370910 A3: ours=73965 opp=75740 margin=-1775 {'A3_trimmed': 34, 'A3_dropped': 2} (0.6s)
  111370910 A4: ours=91443 opp=94598 margin=-3155 {'A4_care_fill': 5} (0.51s)
  111370910 COMBO: ours=81070 opp=73848 margin=7222 {'A3_trimmed': 34, 'A4_care_fill': 6, 'A3_dropped': 2, 'A1_suppressed': 1, 'A1_injected': 1, 'A2_d10_uprate': 3, 'A2_d2829_clear': 272} (0.28s)
111370910 kind=defeat valid_baseline=True
  111393589 B: ours=52448 opp=63569 margin=-11121 {} (0.68s)
  111393589 PLACEBO: ours=52511 opp=63558 margin=-11047 {'PLACEBO_trim': 4} (0.54s)
  111393589 A1: ours=68141 opp=66868 margin=1273 {'A1_suppressed': 1, 'A1_injected': 1} (0.31s)
  111393589 A2: ours=51798 opp=63804 margin=-12006 {'A2_d10_uprate': 3, 'A2_d2829_clear': 143} (0.65s)
  111393589 A3: ours=104203 opp=102017 margin=2186 {'A3_trimmed': 29, 'A3_dropped': 4} (0.54s)
  111393589 A4: ours=52448 opp=63569 margin=-11121 {'A4_care_fill': 6} (0.31s)
  111393589 COMBO: ours=101239 opp=102819 margin=-1580 {'A3_trimmed': 29, 'A4_care_fill': 6, 'A1_suppressed': 1, 'A1_injected': 1, 'A3_dropped': 4, 'A2_d10_uprate': 3, 'A2_d2829_clear': 138} (0.62s)
111393589 kind=defeat valid_baseline=True
  111405339 B: ours=92383 opp=93370 margin=-987 {} (0.6s)
  111405339 PLACEBO: ours=64361 opp=86904 margin=-22543 {'PLACEBO_trim': 4} (0.29s)
  111405339 A1: ours=63014 opp=87875 margin=-24861 {'A1_suppressed': 1, 'A1_injected': 1} (0.61s)
  111405339 A2: ours=91908 opp=93345 margin=-1437 {'A2_d10_uprate': 3, 'A2_d2829_clear': 135} (0.53s)
  111405339 A3: ours=48004 opp=62708 margin=-14704 {'A3_trimmed': 29, 'A3_dropped': 4} (0.29s)
  111405339 A4: ours=92383 opp=93370 margin=-987 {'A4_care_fill': 6} (0.6s)
  111405339 COMBO: ours=46876 opp=63858 margin=-16982 {'A3_trimmed': 29, 'A4_care_fill': 6, 'A1_suppressed': 1, 'A1_injected': 1, 'A3_dropped': 4, 'A2_d10_uprate': 3, 'A2_d2829_clear': 138} (0.51s)
111405339 kind=defeat valid_baseline=True
  111421048 B: ours=93597 opp=104888 margin=-11291 {} (0.35s)
  111421048 PLACEBO: ours=93467 opp=104898 margin=-11431 {'PLACEBO_trim': 4} (0.57s)
  111421048 A1: ours=85143 opp=99650 margin=-14507 {'A1_suppressed': 1, 'A1_injected': 1} (0.51s)
  111421048 A2: ours=93440 opp=104856 margin=-11416 {'A2_d10_uprate': 3, 'A2_d2829_clear': 279} (0.28s)
  111421048 A3: ours=100226 opp=144813 margin=-44587 {'A3_trimmed': 43, 'A3_dropped': 2} (0.62s)
  111421048 A4: ours=93597 opp=104888 margin=-11291 {'A4_care_fill': 6} (0.52s)
  111421048 COMBO: ours=103379 opp=130428 margin=-27049 {'A3_trimmed': 43, 'A4_care_fill': 5, 'A1_suppressed': 1, 'A1_injected': 1, 'A3_dropped': 2, 'A2_d10_uprate': 18, 'A2_d2829_clear': 223} (0.28s)
111421048 kind=defeat valid_baseline=True
  111653327 B: ours=113654 opp=149821 margin=-36167 {} (0.68s)
  111653327 PLACEBO: ours=113536 opp=149809 margin=-36273 {'PLACEBO_trim': 4} (0.52s)
  111653327 A1: ours=90972 opp=101213 margin=-10241 {'A1_suppressed': 1, 'A1_injected': 1} (0.28s)
  111653327 A2: ours=113658 opp=149680 margin=-36022 {'A2_d10_uprate': 3, 'A2_d2829_clear': 279} (0.61s)
  111653327 A3: ours=59561 opp=54729 margin=4832 {'A3_trimmed': 28} (0.51s)
  111653327 A4: ours=113654 opp=149821 margin=-36167 {'A4_care_fill': 6} (0.53s)
  111653327 COMBO: ours=58583 opp=56485 margin=2098 {'A3_trimmed': 28, 'A4_care_fill': 6, 'A1_suppressed': 1, 'A1_injected': 1, 'A2_d10_uprate': 3, 'A2_d2829_clear': 138} (0.3s)
111653327 kind=defeat valid_baseline=False
  111302976 B: ours=37380 opp=37337 margin=43 {} (0.69s)
  111302976 PLACEBO: ours=44607 opp=44953 margin=-346 {'PLACEBO_trim': 4} (0.54s)
  111302976 A1: ours=43457 opp=49106 margin=-5649 {'A1_suppressed': 1, 'A1_injected': 1} (0.32s)
  111302976 A2: ours=37267 opp=37326 margin=-59 {'A2_d10_uprate': 3, 'A2_d2829_clear': 123} (0.63s)
  111302976 A3: ours=49844 opp=48013 margin=1831 {'A3_trimmed': 29, 'A3_dropped': 4} (0.55s)
  111302976 A4: ours=37380 opp=37337 margin=43 {'A4_care_fill': 6} (0.32s)
  111302976 COMBO: ours=49085 opp=56131 margin=-7046 {'A3_trimmed': 29, 'A4_care_fill': 6, 'A1_suppressed': 1, 'A1_injected': 1, 'A3_dropped': 4, 'A2_d10_uprate': 3, 'A2_d2829_clear': 106} (0.64s)
111302976 kind=win valid_baseline=False
  111914756 B: ours=108618 opp=105055 margin=3563 {} (0.52s)
  111914756 PLACEBO: ours=108605 opp=105058 margin=3547 {'PLACEBO_trim': 4} (0.3s)
  111914756 A1: ours=137691 opp=140346 margin=-2655 {'A1_suppressed': 1, 'A1_injected': 1} (0.6s)
  111914756 A2: ours=107916 opp=104951 margin=2965 {'A2_d10_uprate': 3, 'A2_d2829_clear': 143} (0.57s)
  111914756 A3: ours=137613 opp=140746 margin=-3133 {'A3_trimmed': 29, 'A3_dropped': 4} (0.32s)
  111914756 A4: ours=108618 opp=105055 margin=3563 {'A4_care_fill': 6} (0.62s)
  111914756 COMBO: ours=131993 opp=141292 margin=-9299 {'A3_trimmed': 29, 'A4_care_fill': 6, 'A1_suppressed': 1, 'A1_injected': 1, 'A3_dropped': 4, 'A2_d10_uprate': 3, 'A2_d2829_clear': 133} (0.53s)
111914756 kind=win valid_baseline=True
  111501275 B: ours=78139 opp=70216 margin=7923 {} (0.38s)
  111501275 PLACEBO: ours=78500 opp=71287 margin=7213 {'PLACEBO_trim': 4} (0.61s)
  111501275 A1: ours=82809 opp=85633 margin=-2824 {'A1_suppressed': 1, 'A1_injected': 1} (0.53s)
  111501275 A2: ours=77365 opp=69900 margin=7465 {'A2_d10_uprate': 3, 'A2_d2829_clear': 135} (0.3s)
  111501275 A3: ours=75837 opp=72398 margin=3439 {'A3_trimmed': 29, 'A3_dropped': 4} (0.64s)
  111501275 A4: ours=78139 opp=70216 margin=7923 {'A4_care_fill': 6} (0.55s)
  111501275 COMBO: ours=74198 opp=75934 margin=-1736 {'A3_trimmed': 29, 'A4_care_fill': 6, 'A1_suppressed': 1, 'A1_injected': 1, 'A3_dropped': 4, 'A2_d10_uprate': 3, 'A2_d2829_clear': 132} (0.3s)
111501275 kind=win valid_baseline=True
  111965422 B: ours=79122 opp=69527 margin=9595 {} (0.7s)
  111965422 PLACEBO: ours=79144 opp=69455 margin=9689 {'PLACEBO_trim': 4} (0.52s)
  111965422 A1: ours=103520 opp=89912 margin=13608 {'A1_suppressed': 1, 'A1_injected': 1} (0.29s)
  111965422 A2: ours=76295 opp=69306 margin=6989 {'A2_d10_uprate': 3, 'A2_d2829_clear': 143} (0.6s)
  111965422 A3: ours=104047 opp=87176 margin=16871 {'A3_trimmed': 29, 'A3_dropped': 4} (0.52s)
  111965422 A4: ours=79122 opp=69527 margin=9595 {'A4_care_fill': 6} (0.53s)
  111965422 COMBO: ours=95984 opp=91090 margin=4894 {'A3_trimmed': 29, 'A4_care_fill': 6, 'A1_suppressed': 1, 'A1_injected': 1, 'A3_dropped': 4, 'A2_d10_uprate': 3, 'A2_d2829_clear': 128} (0.3s)
111965422 kind=win valid_baseline=False
  111295115 B: ours=134534 opp=123371 margin=11163 {} (0.67s)
  111295115 PLACEBO: ours=134661 opp=123363 margin=11298 {'PLACEBO_trim': 4} (0.51s)
  111295115 A1: ours=134354 opp=138716 margin=-4362 {'A1_suppressed': 1, 'A1_injected': 1} (0.29s)
  111295115 A2: ours=134383 opp=123388 margin=10995 {'A2_d10_uprate': 3, 'A2_d2829_clear': 279} (0.61s)
  111295115 A3: ours=129514 opp=147815 margin=-18301 {'A3_trimmed': 36, 'A3_dropped': 2} (0.52s)
  111295115 A4: ours=134534 opp=123371 margin=11163 {'A4_care_fill': 6} (0.29s)
  111295115 COMBO: ours=130806 opp=147858 margin=-17052 {'A3_trimmed': 36, 'A4_care_fill': 6, 'A3_dropped': 2, 'A1_suppressed': 1, 'A1_injected': 1, 'A2_d10_uprate': 3, 'A2_d2829_clear': 268} (0.62s)
111295115 kind=win valid_baseline=True
  111512019 B: ours=99417 opp=84056 margin=15361 {} (0.63s)
  111512019 PLACEBO: ours=99474 opp=84062 margin=15412 {'PLACEBO_trim': 4} (0.3s)
  111512019 A1: ours=93796 opp=71289 margin=22507 {'A1_suppressed': 1, 'A1_injected': 1} (0.59s)
  111512019 A2: ours=96695 opp=83929 margin=12766 {'A2_d10_uprate': 3, 'A2_d2829_clear': 143} (0.53s)
  111512019 A3: ours=92259 opp=71192 margin=21067 {'A3_trimmed': 29, 'A3_dropped': 4} (0.29s)
  111512019 A4: ours=99417 opp=84056 margin=15361 {'A4_care_fill': 6} (0.62s)
  111512019 COMBO: ours=90412 opp=71332 margin=19080 {'A3_trimmed': 29, 'A4_care_fill': 6, 'A1_suppressed': 1, 'A1_injected': 1, 'A3_dropped': 4, 'A2_d10_uprate': 3, 'A2_d2829_clear': 138} (0.53s)
111512019 kind=win valid_baseline=True
  111288393 B: ours=156214 opp=130681 margin=25533 {} (0.36s)
  111288393 PLACEBO: ours=156299 opp=130660 margin=25639 {'PLACEBO_trim': 4} (0.6s)
  111288393 A1: ours=137709 opp=124155 margin=13554 {'A1_suppressed': 1, 'A1_injected': 1} (0.51s)
  111288393 A2: ours=155329 opp=130648 margin=24681 {'A2_d10_uprate': 3, 'A2_d2829_clear': 143} (0.29s)
  111288393 A3: ours=103328 opp=102252 margin=1076 {'A3_trimmed': 29, 'A3_dropped': 4} (0.62s)
  111288393 A4: ours=156214 opp=130681 margin=25533 {'A4_care_fill': 6} (0.53s)
  111288393 COMBO: ours=101922 opp=101726 margin=196 {'A3_trimmed': 29, 'A4_care_fill': 6, 'A1_suppressed': 1, 'A1_injected': 1, 'A3_dropped': 4, 'A2_d10_uprate': 3, 'A2_d2829_clear': 138} (0.3s)
111288393 kind=win valid_baseline=True
  111350659 B: ours=155197 opp=64194 margin=91003 {} (0.7s)
  111350659 PLACEBO: ours=155368 opp=64192 margin=91176 {'PLACEBO_trim': 5} (0.52s)
  111350659 A1: ours=153768 opp=63633 margin=90135 {'A1_suppressed': 1, 'A1_injected': 1} (0.29s)
  111350659 A2: ours=154680 opp=64148 margin=90532 {'A2_d10_uprate': 18, 'A2_d2829_clear': 229} (0.61s)
  111350659 A3: ours=99104 opp=50080 margin=49024 {'A3_trimmed': 39, 'A3_dropped': 1} (0.52s)
  111350659 A4: ours=155197 opp=64194 margin=91003 {'A4_care_fill': 5} (0.29s)
  111350659 COMBO: ours=103415 opp=50621 margin=52794 {'A3_trimmed': 39, 'A4_care_fill': 5, 'A1_suppressed': 1, 'A1_injected': 1, 'A3_dropped': 1, 'A2_d10_uprate': 18, 'A2_d2829_clear': 226} (0.6s)
111350659 kind=win valid_baseline=True
