device: cuda
train eps=21206 val eps=2701 windows/ep=704
model params: 498249
epoch 00 train_loss=0.00039 val_nMAE=0.00736 val_MAE=0.886 (4s) *
epoch 01 train_loss=0.00018 val_nMAE=0.00659 val_MAE=0.804 (4s) *
epoch 02 train_loss=0.00017 val_nMAE=0.00684 val_MAE=0.825 (4s)
epoch 03 train_loss=0.00017 val_nMAE=0.00642 val_MAE=0.778 (4s) *
epoch 04 train_loss=0.00017 val_nMAE=0.00606 val_MAE=0.741 (4s) *
epoch 05 train_loss=0.00017 val_nMAE=0.00586 val_MAE=0.732 (5s) *
epoch 06 train_loss=0.00016 val_nMAE=0.00546 val_MAE=0.679 (4s) *
epoch 07 train_loss=0.00016 val_nMAE=0.00542 val_MAE=0.692 (4s) *
epoch 08 train_loss=0.00016 val_nMAE=0.00538 val_MAE=0.682 (4s) *
epoch 09 train_loss=0.00016 val_nMAE=0.00519 val_MAE=0.665 (4s) *
epoch 10 train_loss=0.00016 val_nMAE=0.00553 val_MAE=0.715 (4s)
epoch 11 train_loss=0.00016 val_nMAE=0.00539 val_MAE=0.687 (4s)
epoch 12 train_loss=0.00017 val_nMAE=0.00515 val_MAE=0.657 (4s) *
epoch 13 train_loss=0.00016 val_nMAE=0.00517 val_MAE=0.659 (4s)
epoch 14 train_loss=0.00016 val_nMAE=0.00520 val_MAE=0.669 (4s)
epoch 15 train_loss=0.00016 val_nMAE=0.00521 val_MAE=0.670 (4s)
epoch 16 train_loss=0.00016 val_nMAE=0.00529 val_MAE=0.677 (4s)
epoch 17 train_loss=0.00016 val_nMAE=0.00544 val_MAE=0.696 (4s)
epoch 18 train_loss=0.00016 val_nMAE=0.00507 val_MAE=0.638 (4s) *
epoch 19 train_loss=0.00016 val_nMAE=0.00570 val_MAE=0.742 (4s)
epoch 20 train_loss=0.00017 val_nMAE=0.00513 val_MAE=0.653 (4s)
epoch 21 train_loss=0.00017 val_nMAE=0.00538 val_MAE=0.697 (4s)
epoch 22 train_loss=0.00016 val_nMAE=0.00517 val_MAE=0.672 (5s)
epoch 23 train_loss=0.00016 val_nMAE=0.00552 val_MAE=0.703 (4s)
epoch 24 train_loss=0.00016 val_nMAE=0.00504 val_MAE=0.658 (4s) *
epoch 25 train_loss=0.00016 val_nMAE=0.00515 val_MAE=0.666 (4s)
epoch 26 train_loss=0.00016 val_nMAE=0.00520 val_MAE=0.671 (4s)
epoch 27 train_loss=0.00016 val_nMAE=0.00489 val_MAE=0.621 (4s) *
epoch 28 train_loss=0.00016 val_nMAE=0.00477 val_MAE=0.610 (4s) *
epoch 29 train_loss=0.00016 val_nMAE=0.00532 val_MAE=0.679 (4s)
epoch 30 train_loss=0.00016 val_nMAE=0.00519 val_MAE=0.660 (4s)
epoch 31 train_loss=0.00016 val_nMAE=0.00502 val_MAE=0.634 (4s)
epoch 32 train_loss=0.00015 val_nMAE=0.00521 val_MAE=0.666 (4s)
epoch 33 train_loss=0.00015 val_nMAE=0.00507 val_MAE=0.651 (4s)
epoch 34 train_loss=0.00015 val_nMAE=0.00487 val_MAE=0.613 (4s)
early stop (no val improvement for 6 epochs)
TRAIN DONE best_ep 28 val_nMAE 0.00477 minutes 2.36
