HP_TELEMETRY {'extension_signals': 77, 'rejected_signals': 25}
HP_TELEMETRY {'extension_signals': 81, 'rejected_signals': 46}
HP_TELEMETRY {'extension_signals': 107, 'rejected_signals': 21}
HP_TELEMETRY {'extension_signals': 53, 'rejected_signals': 75}
HP_TELEMETRY {'extension_signals': 74, 'rejected_signals': 56}
HP_TELEMETRY {'extension_signals': 83, 'rejected_signals': 42}
HP_TELEMETRY {'extension_signals': 89, 'rejected_signals': 38}
HP_TELEMETRY {'extension_signals': 86, 'rejected_signals': 57}
HP_TELEMETRY {'extension_signals': 62, 'rejected_signals': 56}
HP_TELEMETRY {'extension_signals': 2, 'rejected_signals': 91}
HP_TELEMETRY {'extension_signals': 77, 'rejected_signals': 39}
HP_TELEMETRY {'extension_signals': 11, 'rejected_signals': 79}
HP_TELEMETRY {'extension_signals': 86, 'rejected_signals': 36}
HP_TELEMETRY {'extension_signals': 3, 'rejected_signals': 84}
HP_TELEMETRY {'extension_signals': 92, 'rejected_signals': 22}
HP_TELEMETRY {'extension_signals': 18, 'rejected_signals': 94}
HP_TELEMETRY {'extension_signals': 77, 'rejected_signals': 25}
HP_TELEMETRY {'extension_signals': 81, 'rejected_signals': 46}
HP_TELEMETRY {'extension_signals': 107, 'rejected_signals': 21}
HP_TELEMETRY {'extension_signals': 53, 'rejected_signals': 75}
HP_TELEMETRY {'extension_signals': 74, 'rejected_signals': 56}
HP_TELEMETRY {'extension_signals': 83, 'rejected_signals': 42}
HP_TELEMETRY {'extension_signals': 89, 'rejected_signals': 38}
HP_TELEMETRY {'extension_signals': 86, 'rejected_signals': 57}
HP_TELEMETRY {'extension_signals': 62, 'rejected_signals': 56}
HP_TELEMETRY {'extension_signals': 2, 'rejected_signals': 91}
HP_TELEMETRY {'extension_signals': 77, 'rejected_signals': 39}
HP_TELEMETRY {'extension_signals': 11, 'rejected_signals': 79}
HP_TELEMETRY {'extension_signals': 86, 'rejected_signals': 36}
HP_TELEMETRY {'extension_signals': 3, 'rejected_signals': 84}
HP_TELEMETRY {'extension_signals': 92, 'rejected_signals': 22}
HP_TELEMETRY {'extension_signals': 15, 'rejected_signals': 92}
HP_TELEMETRY {'extension_signals': 77, 'rejected_signals': 25}
HP_TELEMETRY {'extension_signals': 81, 'rejected_signals': 46}
HP_TELEMETRY {'extension_signals': 107, 'rejected_signals': 21}
HP_TELEMETRY {'extension_signals': 53, 'rejected_signals': 75}
HP_TELEMETRY {'extension_signals': 74, 'rejected_signals': 56}
HP_TELEMETRY {'extension_signals': 83, 'rejected_signals': 42}
HP_TELEMETRY {'extension_signals': 89, 'rejected_signals': 38}
HP_TELEMETRY {'extension_signals': 86, 'rejected_signals': 57}
HP_TELEMETRY {'extension_signals': 62, 'rejected_signals': 56}
HP_TELEMETRY {'extension_signals': 2, 'rejected_signals': 91}
HP_TELEMETRY {'extension_signals': 77, 'rejected_signals': 39}
HP_TELEMETRY {'extension_signals': 11, 'rejected_signals': 79}
HP_TELEMETRY {'extension_signals': 86, 'rejected_signals': 36}
HP_TELEMETRY {'extension_signals': 3, 'rejected_signals': 84}
HP_TELEMETRY {'extension_signals': 92, 'rejected_signals': 22}
HP_TELEMETRY {'extension_signals': 18, 'rejected_signals': 94}
HP_TELEMETRY {'extension_signals': 77, 'rejected_signals': 25}
HP_TELEMETRY {'extension_signals': 81, 'rejected_signals': 46}
HP_TELEMETRY {'extension_signals': 107, 'rejected_signals': 21}
HP_TELEMETRY {'extension_signals': 53, 'rejected_signals': 75}
HP_TELEMETRY {'extension_signals': 74, 'rejected_signals': 56}
HP_TELEMETRY {'extension_signals': 83, 'rejected_signals': 42}
HP_TELEMETRY {'extension_signals': 89, 'rejected_signals': 38}
HP_TELEMETRY {'extension_signals': 86, 'rejected_signals': 57}
HP_TELEMETRY {'extension_signals': 62, 'rejected_signals': 56}
HP_TELEMETRY {'extension_signals': 2, 'rejected_signals': 91}
HP_TELEMETRY {'extension_signals': 77, 'rejected_signals': 39}
HP_TELEMETRY {'extension_signals': 11, 'rejected_signals': 79}
HP_TELEMETRY {'extension_signals': 86, 'rejected_signals': 36}
HP_TELEMETRY {'extension_signals': 3, 'rejected_signals': 84}
HP_TELEMETRY {'extension_signals': 92, 'rejected_signals': 22}
HP_TELEMETRY {'extension_signals': 15, 'rejected_signals': 92}
HP_TELEMETRY {'extension_signals': 74, 'rejected_signals': 52}
HP_TELEMETRY {'extension_signals': 67, 'rejected_signals': 61}
HP_TELEMETRY {'extension_signals': 79, 'rejected_signals': 54}
HP_TELEMETRY {'extension_signals': 79, 'rejected_signals': 54}
HP_TELEMETRY {'extension_signals': 83, 'rejected_signals': 45}
HP_TELEMETRY {'extension_signals': 84, 'rejected_signals': 38}
HP_TELEMETRY {'extension_signals': 87, 'rejected_signals': 46}
HP_TELEMETRY {'extension_signals': 87, 'rejected_signals': 46}
HP_TELEMETRY {'extension_signals': 60, 'rejected_signals': 50}
HP_TELEMETRY {'extension_signals': 60, 'rejected_signals': 50}
HP_TELEMETRY {'extension_signals': 63, 'rejected_signals': 57}
HP_TELEMETRY {'extension_signals': 59, 'rejected_signals': 61}
HP_TELEMETRY {'extension_signals': 87, 'rejected_signals': 47}
HP_TELEMETRY {'extension_signals': 88, 'rejected_signals': 36}
HP_TELEMETRY {'extension_signals': 72, 'rejected_signals': 18}
HP_TELEMETRY {'extension_signals': 72, 'rejected_signals': 18}
HP_TELEMETRY {'extension_signals': 89, 'rejected_signals': 27}
HP_TELEMETRY {'extension_signals': 89, 'rejected_signals': 27}
HP_TELEMETRY {'extension_signals': 77, 'rejected_signals': 24}
HP_TELEMETRY {'extension_signals': 77, 'rejected_signals': 24}
HP_TELEMETRY {'extension_signals': 84, 'rejected_signals': 32}
HP_TELEMETRY {'extension_signals': 84, 'rejected_signals': 32}
HP_TELEMETRY {'extension_signals': 69, 'rejected_signals': 30}
HP_TELEMETRY {'extension_signals': 71, 'rejected_signals': 30}
HP_TELEMETRY {'extension_signals': 60, 'rejected_signals': 69}
HP_TELEMETRY {'extension_signals': 60, 'rejected_signals': 69}
HP_TELEMETRY {'extension_signals': 103, 'rejected_signals': 19}
HP_TELEMETRY {'extension_signals': 94, 'rejected_signals': 27}
HP_TELEMETRY {'extension_signals': 82, 'rejected_signals': 26}
HP_TELEMETRY {'extension_signals': 82, 'rejected_signals': 26}
HP_TELEMETRY {'extension_signals': 83, 'rejected_signals': 33}
HP_TELEMETRY {'extension_signals': 83, 'rejected_signals': 33}
HP_TELEMETRY {'extension_signals': 70, 'rejected_signals': 52}
HP_TELEMETRY {'extension_signals': 74, 'rejected_signals': 60}
HP_TELEMETRY {'extension_signals': 79, 'rejected_signals': 47}
HP_TELEMETRY {'extension_signals': 79, 'rejected_signals': 47}
HP_TELEMETRY {'extension_signals': 80, 'rejected_signals': 42}
HP_TELEMETRY {'extension_signals': 79, 'rejected_signals': 49}
HP_TELEMETRY {'extension_signals': 87, 'rejected_signals': 46}
HP_TELEMETRY {'extension_signals': 87, 'rejected_signals': 46}
HP_TELEMETRY {'extension_signals': 60, 'rejected_signals': 46}
HP_TELEMETRY {'extension_signals': 60, 'rejected_signals': 46}
HP_TELEMETRY {'extension_signals': 59, 'rejected_signals': 61}
HP_TELEMETRY {'extension_signals': 63, 'rejected_signals': 57}
HP_TELEMETRY {'extension_signals': 88, 'rejected_signals': 36}
HP_TELEMETRY {'extension_signals': 86, 'rejected_signals': 47}
HP_TELEMETRY {'extension_signals': 72, 'rejected_signals': 18}
HP_TELEMETRY {'extension_signals': 72, 'rejected_signals': 18}
HP_TELEMETRY {'extension_signals': 96, 'rejected_signals': 31}
HP_TELEMETRY {'extension_signals': 96, 'rejected_signals': 31}
HP_TELEMETRY {'extension_signals': 77, 'rejected_signals': 24}
HP_TELEMETRY {'extension_signals': 77, 'rejected_signals': 24}
HP_TELEMETRY {'extension_signals': 82, 'rejected_signals': 33}
HP_TELEMETRY {'extension_signals': 82, 'rejected_signals': 33}
HP_TELEMETRY {'extension_signals': 70, 'rejected_signals': 25}
HP_TELEMETRY {'extension_signals': 70, 'rejected_signals': 25}
HP_TELEMETRY {'extension_signals': 59, 'rejected_signals': 73}
HP_TELEMETRY {'extension_signals': 59, 'rejected_signals': 73}
HP_TELEMETRY {'extension_signals': 94, 'rejected_signals': 27}
HP_TELEMETRY {'extension_signals': 103, 'rejected_signals': 19}
HP_TELEMETRY {'extension_signals': 82, 'rejected_signals': 26}
HP_TELEMETRY {'extension_signals': 82, 'rejected_signals': 26}
HP_TELEMETRY {'extension_signals': 83, 'rejected_signals': 37}
HP_TELEMETRY {'extension_signals': 83, 'rejected_signals': 37}
HP_TELEMETRY {'extension_signals': 74, 'rejected_signals': 60}
HP_TELEMETRY {'extension_signals': 70, 'rejected_signals': 52}
HP_THP_TELEMETRY {'extension_signals': 70, 'rejected_signals': 52}
HP_TELEMETRY {'extension_signals': 74, 'rejected_signals': 60}
HP_TELEMETRY {'extension_signals': 79, 'rejected_signals': 47}
HP_TELEMETRY {'extension_signals': 79, 'rejected_signals': 47}
HP_TELEMETRY {'extension_signals': 80, 'rejected_signals': 42}
HP_TELEMETRY {'extension_signals': 79, 'rejected_signals': 49}
HP_TELEMETRY {'extension_signals': 87, 'rejected_signals': 46}
HP_TELEMETRY {'extension_signals': 87, 'rejected_signals': 46}
HP_TELEMETRY {'extension_signals': 60, 'rejected_signals': 46}
HP_TELEMETRY {'extension_signals': 60, 'rejected_signals': 46}
HP_TELEMETRY {'extension_signals': 59, 'rejected_signals': 61}
HP_TELEMETRY {'extension_signals': 63, 'rejected_signals': 57}
HP_TELEMETRY {'extension_signals': 88, 'rejected_signals': 36}
HP_TELEMETRY {'extension_signals': 86, 'rejected_signals': 47}
HP_TELEMETRY {'extension_signals': 72, 'rejected_signals': 18}
HP_TELEMETRY {'extension_signals': 72, 'rejected_signals': 18}
HP_TELEMETRY {'extension_signals': 96, 'rejected_signals': 31}
HP_TELEMETRY {'extension_signals': 96, 'rejected_signals': 31}
HP_TELEMETRY {'extension_signals': 77, 'rejected_signals': 24}
HP_TELEMETRY {'extension_signals': 77, 'rejected_signals': 24}
HP_TELEMETRY {'extension_signals': 82, 'rejected_signals': 33}
HP_TELEMETRY {'extension_signals': 82, 'rejected_signals': 33}
HP_TELEMETRY {'extension_signals': 70, 'rejected_signals': 25}
HP_TELEMETRY {'extension_signals': 70, 'rejected_signals': 25}
HP_TELEMETRY {'extension_signals': 59, 'rejected_signals': 73}
HP_TELEMETRY {'extension_signals': 59, 'rejected_signals': 73}
HP_TELEMETRY {'extension_signals': 103, 'rejected_signals': 19}
HP_TELEMETRY {'extension_signals': 94, 'rejected_signals': 27}
HP_TELEMETRY {'extension_signals': 82, 'rejected_signals': 26}
HP_TELEMETRY {'extension_signals': 82, 'rejected_signals': 26}
HP_TELEMETRY {'extension_signals': 83, 'rejected_signals': 37}
HP_TELEMETRY {'extension_signals': 83, 'rejected_signals': 37}
HP_TELEMETRY {'extension_signals': 74, 'rejected_signals': 56}
HP_TELEMETRY {'extension_signals': 83, 'rejected_signals': 42}
HP_TELEMETRY {'extension_signals': 89, 'rejected_signals': 38}
HP_TELEMETRY {'extension_signals': 86, 'rejected_signals': 57}
HP_TELEMETRY {'extension_signals': 56, 'rejected_signals': 65}
HP_TELEMETRY {'extension_signals': 67, 'rejected_signals': 53}
HP_TELEMETRY {'extension_signals': 76, 'rejected_signals': 55}
HP_TELEMETRY {'extension_signals': 87, 'rejected_signals': 26}
HP_TELEMETRY {'extension_signals': 86, 'rejected_signals': 36}
HP_TELEMETRY {'extension_signals': 84, 'rejected_signals': 30}
HP_TELEMETRY {'extension_signals': 92, 'rejected_signals': 22}
HP_TELEMETRY {'extension_signals': 71, 'rejected_signals': 40}
HP_TELEMETRY {'extension_signals': 61, 'rejected_signals': 75}
HP_TELEMETRY {'extension_signals': 103, 'rejected_signals': 19}
HP_TELEMETRY {'extension_signals': 103, 'rejected_signals': 25}
HP_TELEMETRY {'extension_signals': 96, 'rejected_signals': 27}
HP_TELEMETRY {'extension_signals': 75, 'rejected_signals': 54}
HP_TELEMETRY {'extension_signals': 85, 'rejected_signals': 40}
HP_TELEMETRY {'extension_signals': 80, 'rejected_signals': 49}
HP_TELEMETRY {'extension_signals': 83, 'rejected_signals': 59}
HP_TELEMETRY {'extension_signals': 62, 'rejected_signals': 46}
HP_TELEMETRY {'extension_signals': 67, 'rejected_signals': 53}
HP_TELEMETRY {'extension_signals': 80, 'rejected_signals': 49}
HP_TELEMETRY {'extension_signals': 74, 'rejected_signals': 18}
HP_TELEMETRY {'extension_signals': 86, 'rejected_signals': 31}
HP_TELEMETRY {'extension_signals': 77, 'rejected_signals': 24}
HP_TELEMETRY {'extension_signals': 79, 'rejected_signals': 29}
HP_TELEMETRY {'extension_signals': 68, 'rejected_signals': 36}
HP_TELEMETRY {'extension_signals': 62, 'rejected_signals': 74}
HP_TELEMETRY {'extension_signals': 103, 'rejected_signals': 19}
HP_TELEMETRY {'extension_signals': 95, 'rejected_signals': 21}
HP_TELEMETRY {'extension_signals': 83, 'rejected_signals': 35}
panel s2 vs oc_c3 h2h= 0.5417
panel s2 vs mpx h2h= 0.4688
panel s2 vs tetsutani h2h= 0.625
panel s2 vs V89 h2h= 0.625
panel s2 vs r40 h2h= 0.5625
panel s2 vs A h2h= 0.9375
HP_TELEMETRY {'extension_signals': 74, 'rejected_signals': 60}
HP_TELEMETRY {'extension_signals': 70, 'rejected_signals': 52}
HP_TELEMETRY {'extension_signals': 70, 'rejected_signals': 52}
HP_TELEMETRY {'extension_signals': 74, 'rejected_signals': 60}
HP_TELEMETRY {'extension_signals': 70, 'rejected_signals': 52}
HP_TELEMETRY {'extension_signals': 74, 'rejected_signals': 60}
HP_TELEMETRY {'extension_signals': 74, 'rejected_signals': 60}
HP_TELEMETRY {'extension_signals': 70, 'rejected_signals': 52}
HP_TELEMETRY {'extension_signals': 74, 'rejected_signals': 56}
HP_TELEMETRY {'extension_signals': 74, 'rejected_signals': 56}
HP_TELEMETRY {'extension_signals': 74, 'rejected_signals': 56}
HP_TELEMETRY {'extension_signals': 74, 'rejected_signals': 56}
HP_TELEMETRY {'extension_signals': 94, 'rejected_signals': 32}
HP_TELEMETRY {'extension_signals': 86, 'rejected_signals': 46}
HP_TELEMETRY {'extension_signals': 86, 'rejected_signals': 46}
HP_TELEMETRY {'extension_signals': 94, 'rejected_signals': 32}
HP_TELEMETRY {'extension_signals': 94, 'rejected_signals': 32}
HP_TELEMETRY {'extension_signals': 86, 'rejected_signals': 46}
HP_TELEMETRY {'extension_signals': 86, 'rejected_signals': 46}
HP_TELEMETRY {'extension_signals': 94, 'rejected_signals': 32}
HP_TELEMETRY {'extension_signals': 92, 'rejected_signals': 39}
HP_TELEMETRY {'extension_signals': 92, 'rejected_signals': 39}
HP_TELEMETRY {'extension_signals': 92, 'rejected_signals': 39}
HP_TELEMETRY {'extension_signals': 92, 'rejected_signals': 39}
HP_TELEMETRY {'extension_signals': 92, 'rejected_signals': 16}
HP_TELEMETRY {'extension_signals': 92, 'rejected_signals': 16}
HP_TELEMETRY {'extension_signals': 92, 'rejected_signals': 16}
HP_TELEMETRY {'extension_signals': 92, 'rejected_signals': 16}
HP_TELEMETRY {'extension_signals': 92, 'rejected_signals': 16}
HP_TELEMETRY {'extension_signals': 92, 'rejected_signals': 16}
HP_TELEMETRY {'extension_signals': 92, 'rejected_signals': 16}
HP_TELEMETRY {'extension_signals': 92, 'rejected_signals': 16}
HP_TELEMETRY {'extension_signals': 91, 'rejected_signals': 16}
HP_TELEMETRY {'extension_signals': 91, 'rejected_signals': 16}
HP_TELEMETRY {'extension_signals': 91, 'rejected_signals': 16}
HP_TELEMETRY {'extension_signals': 91, 'rejected_signals': 16}
HP_TELEMETRY {'extension_signals': 63, 'rejected_signals': 64}
HP_TELEMETRY {'extension_signals': 69, 'rejected_signals': 57}
HP_TELEMETRY {'extension_signals': 69, 'rejected_signals': 57}
HP_TELEMETRY {'extension_signals': 63, 'rejected_signals': 64}
HP_TELEMETRY {'extension_signals': 69, 'rejected_signals': 57}
HP_TELEMETRY {'extension_signals': 63, 'rejected_signals': 64}
HP_TELEMETRY {'extension_signals': 63, 'rejected_signals': 64}
HP_TELEMETRY {'extension_signals': 69, 'rejected_signals': 57}
HP_TELEMETRY {'extension_signals': 64, 'rejected_signals': 66}
HP_TELEMETRY {'extension_signals': 64, 'rejected_signals': 66}
HP_TELEMETRY {'extension_signals': 64, 'rejected_signals': 66}
HP_TELEMETRY {'extension_signals': 64, 'rejected_signals': 66}
HP_TELEMETRY {'extension_signals': 98, 'rejected_signals': 33}
HP_TELEMETRY {'extension_signals': 101, 'rejected_signals': 31}
HP_TELEMETRY {'extension_signals': 101, 'rejected_signals': 31}
HP_TELEMETRY {'extension_signals': 98, 'rejected_signals': 33}
HP_TELEMETRY {'extension_signals': 98, 'rejected_signals': 33}
HP_TELEMETRY {'extension_signals': 101, 'rejected_signals': 31}
HP_TELEMETRY {'extension_signals': 101, 'rejected_signals': 31}
HP_TELEMETRY {'extension_signals': 98, 'rejected_signals': 33}
HP_TELEMETRY {'extension_signals': 107, 'rejected_signals': 33}
HP_TELEMETRY {'extension_signals': 107, 'rejected_signals': 33}
HP_TELEMETRY {'extension_signals': 107, 'rejected_signals': 33}
HP_TELEMETRY {'extension_signals': 107, 'rejected_signals': 33}
VERDICT: {"s2_sha256": "ca3e0b3781cf7fe7310095ca0c63db626dfbd2065d49733ee9c8d50b097bd94f", "vs_champion_anchor": {"h2h": 0.5417, "grade": "更强"}, "strong_panel_h2h": {"mpx": 0.4688, "tetsutani": 0.625, "V89": 0.625}, "weak_anchor_h2h": {"r40": 0.5625, "A": 0.9375}, "ab_paired": {"net_flip_wins": 0, "flips_pos": 0, "flips_neg": 0, "mean_delta": 0.0, "loss_recovery": "0/16 败局 delta>0"}, "poison_flips_pos": {"674000": "0/4", "674141": "0/4", "674705": "0/4", "674987": "0/4", "675410": "0/4"}, "full_standard_pass": false, "verdict": "S2_STRONGER_THAN_CHAMPION_BUT_PANEL_BLEED", "summary": "s2=ca3e0b37：对冠军锚 o
DONE 989.8 s budget: {'cap_局次': 450, 'caliber': '局次=game（双席各计 1 局）', 'auth': 30, 'ab': 64, 'panel': 208, 'poison': 40, 'total_局次': 342, 'within_cap': True}
