P0 RED/GREEN TRACE AUDIT
--- explicit markers ---
workspace/software/tests/test_market_budget.py:1:"""P0-C market queue budget regressions."""
workspace/software/tests/test_market_budget.py:26:def installed_engine_must_be_the_vendored_reference():
workspace/software/tests/test_market_budget.py:34:        "installed kaggriculture engine differs from the vendored 1.32.7 reference"
workspace/software/tests/test_market_budget.py:38:    """Run one queue through the VENDORED official engine and report state."""
workspace/software/tests/test_market_budget.py:97:def test_mixed_queue_dry_run_matches_vendored_engine_final_state():
workspace/software/tests/test_activity_gate.py:1:"""P0-D activity diagnostics and release-gate regressions."""
workspace/software/tests/test_activity_gate.py:103:def test_configured_tail_gate_fails_low_reward_delta():
workspace/software/tests/test_activity_gate.py:113:    assert "below_configured_reward_delta" in \
workspace/software/tests/test_candidate_identity.py:1:"""Active-candidate identity contract regressions."""
workspace/software/tests/test_candidate_identity.py:81:    assert len(payload["engine"]["vendored_wheel_sha256"]) == 64
workspace/software/tests/test_candidate_identity.py:85:    corrupted["engine"]["vendored_wheel_sha256"] = "0" * 64
workspace/software/tests/test_candidate_identity.py:137:def test_tampered_snapshot_bytes_fail_validation(tmp_path):
workspace/software/tests/test_candidate_identity.py:212:    tampered = readme.replace("attempt-5（v7.2 候选", "attempt-3（v7.2 候选")
workspace/software/tests/test_candidate_identity.py:213:    assert tampered != readme
workspace/software/tests/test_candidate_identity.py:216:                                  readme_text=tampered)
workspace/software/tests/test_candidate_identity.py:231:def test_tampered_readme_narrative_fails_validation():
workspace/software/tests/test_candidate_identity.py:234:    tampered = readme.replace("published_holdout_attempt_index=5",
workspace/software/tests/test_candidate_identity.py:236:    assert tampered != readme
workspace/software/tests/test_candidate_identity.py:239:                                  readme_text=tampered)
workspace/software/tests/test_p0_wave.py:1:"""P0 shed-access and market-order regressions."""
--- current green test names ---
workspace/software/tests/test_market_budget.py:97:def test_mixed_queue_dry_run_matches_vendored_engine_final_state():
workspace/software/tests/test_market_budget.py:118:def test_planner_matches_official_engine_buy20_with_balance_500():
workspace/software/tests/test_market_budget.py:129:def test_planner_matches_official_engine_sell30_per_unit_state():
workspace/software/tests/test_market_budget.py:141:def test_planner_reprices_buy_product_units_like_engine():
workspace/software/tests/test_market_budget.py:152:def test_budget_planner_accounts_for_hires_land_rotation_feed_and_animals():
workspace/software/tests/test_market_budget.py:163:def test_budget_planner_accounts_for_five_hires_land_rotation_feed_and_animals():
workspace/software/tests/test_market_budget.py:173:def test_budget_planner_day0_opening_herd_is_not_displaced_by_seed_or_feed():
workspace/software/tests/test_market_budget.py:182:def test_budget_planner_stops_current_order_on_first_unit_insufficient():
workspace/software/tests/test_market_budget.py:195:def test_budget_planner_capacity_rejects_buy_product_without_spending():
workspace/software/tests/test_market_budget.py:204:def test_budget_planner_max_ten_keeps_feed_and_day29_recovery_in_order():
workspace/software/tests/test_market_budget.py:217:def test_agent_market_contract_stays_positive_and_at_most_ten():
workspace/software/tests/test_p0_wave.py:47:def test_shed_access_always_contains_all_official_center_tiles():
workspace/software/tests/test_p0_wave.py:55:def test_last_day_return_may_use_locked_official_shed_access():
workspace/software/tests/test_p0_wave.py:63:def test_locked_shed_pickup_and_drop_remain_executable():
workspace/software/tests/test_p0_wave.py:76:def test_official_engine_pickup_works_from_every_locked_center_access():
workspace/software/tests/test_p0_wave.py:95:def test_official_engine_nw_only_pickup_is_a_real_state_change():
workspace/software/tests/test_p0_wave.py:117:def test_market_planner_exposes_single_budgeted_queue():
workspace/software/tests/test_activity_gate.py:35:def test_done_done_3000_pass_only_is_rejected():
workspace/software/tests/test_activity_gate.py:41:def test_state_and_decision_boundaries_fail_closed():
workspace/software/tests/test_activity_gate.py:47:def test_activity_policy_exposes_configurable_coverage_streak_and_tail():
workspace/software/tests/test_activity_gate.py:57:def test_one_effective_action_then_all_pass_fails_on_coverage_and_streak():
workspace/software/tests/test_activity_gate.py:73:def test_sustained_active_play_with_zero_reward_delta_is_not_a_failure():
workspace/software/tests/test_activity_gate.py:87:def test_pass_only_with_zero_delta_still_hard_fails():
workspace/software/tests/test_activity_gate.py:103:def test_configured_tail_gate_fails_low_reward_delta():
workspace/software/tests/test_activity_gate.py:118:def test_real_engine_one_action_then_passes_fails_activity_gate():
workspace/software/tests/test_activity_gate.py:138:def test_real_engine_sustained_commands_with_zero_delta_are_not_rejected():
workspace/software/tests/test_activity_gate.py:156:def test_normal_agent_full_game_passes_activity_gate_both_seats():
workspace/software/tests/test_activity_gate.py:170:def test_activity_diagnostics_separates_completion_from_liveness():
workspace/software/tests/test_candidate_identity.py:25:def test_repository_manifest_distinguishes_working_frozen_and_published_identity():
workspace/software/tests/test_candidate_identity.py:36:def test_validator_rejects_working_main_sha_drift(tmp_path):
workspace/software/tests/test_candidate_identity.py:59:def test_validator_rejects_contradictory_candidate_roles(mutate, match):
workspace/software/tests/test_candidate_identity.py:66:def test_validator_rejects_stale_readme_machine_projection():
workspace/software/tests/test_candidate_identity.py:76:def test_runtime_identity_is_pinned_and_machine_verified():
workspace/software/tests/test_candidate_identity.py:137:def test_tampered_snapshot_bytes_fail_validation(tmp_path):
workspace/software/tests/test_candidate_identity.py:143:def test_manifest_snapshot_file_hash_is_recomputed_not_trusted(tmp_path):
workspace/software/tests/test_candidate_identity.py:152:def test_snapshot_decode_is_verified_against_frozen_sha(tmp_path):
workspace/software/tests/test_candidate_identity.py:161:def test_missing_snapshot_file_fails_closed(tmp_path):
workspace/software/tests/test_candidate_identity.py:167:def test_frozen_git_ref_must_match_frozen_manifest(tmp_path):
workspace/software/tests/test_candidate_identity.py:173:def test_published_git_ref_must_agree_with_frozen_manifest(tmp_path):
workspace/software/tests/test_candidate_identity.py:183:def test_published_attempt_index_must_match_seed_manifest():
workspace/software/tests/test_candidate_identity.py:190:def test_validator_rejects_unverifiable_or_zero_git_refs(tmp_path):
workspace/software/tests/test_candidate_identity.py:202:def test_validator_rejects_published_attempt_not_matching_authoritative_export(tmp_path):
workspace/software/tests/test_candidate_identity.py:209:def test_validator_rejects_authoritative_readme_narrative_tamper():
workspace/software/tests/test_candidate_identity.py:219:def test_repo_root_identity_command_runs_and_checks_readme():
workspace/software/tests/test_candidate_identity.py:231:def test_tampered_readme_narrative_fails_validation():
workspace/software/tests/test_candidate_identity.py:242:def test_readme_does_not_conflict_on_published_attempt():
