P0 RED REPLAY
baseline_ref=d88ae6f994b0a1b008acc57fb0d1109dbf974ae1
fixture=external temporary copy; current regression tests + HEAD tracked implementation
$ python -m pytest <external>/software/tests/test_p0_wave.py <external>/software/tests/test_market_budget.py <external>/software/tests/test_activity_gate.py -q

=================================== ERRORS ====================================
_ ERROR collecting AppData/Local/Temp/autoc-p0r2-red.TjO3pQ/software/tests/test_activity_gate.py _
ImportError while importing test module 'C:\Users\OSS\AppData\Local\Temp\autoc-p0r2-red.TjO3pQ\software\tests\test_activity_gate.py'.
Hint: make sure your test modules/packages have valid Python names.
Traceback:
C:\Python314\Lib\importlib\__init__.py:88: in import_module
    return _bootstrap._gcd_import(name[level:], package, level)
           ^^^^^^^^^^^^^^^^^^^^^^^^^^^^^^^^^^^^^^^^^^^^^^^^^^^^
..\..\AppData\Local\Temp\autoc-p0r2-red.TjO3pQ\software\tests\test_activity_gate.py:6: in <module>
    from kgenv.engine import (
E   ImportError: cannot import name 'ActivityPolicy' from 'kgenv.engine' (C:\Users\OSS\AppData\Local\Temp\autoc-p0r2-red.TjO3pQ\software\kgenv\engine.py)
=========================== short test summary info ===========================
ERROR ..\..\AppData\Local\Temp\autoc-p0r2-red.TjO3pQ\software\tests\test_activity_gate.py
!!!!!!!!!!!!!!!!!!! Interrupted: 1 error during collection !!!!!!!!!!!!!!!!!!!!
1 error in 1.23s
expected_red_exit=2
RED_REPLAY_PASS: pre-fix baseline rejected by current regression suite
