 M workspace/software/README.md
 M workspace/software/kaggle_simulations/opponents/PROVENANCE.md
 M workspace/software/metrics.json
 M workspace/software/scripts/h2h_external_probe.py
?? .tmp-corpus/download-plan.json
?? .tmp-corpus/local-sources.json
?? .tmp-corpus/manifest.csv
?? .tmp-corpus/manifest.json
?? .tmp-corpus/plan-dry.json
?? .tmp-corpus/raw/episode-101270384-replay.json
?? .tmp-corpus/raw/episode-101270420-replay.json
?? .tmp-corpus/raw/episode-101279218-replay.json
?? .tmp-corpus/raw/episode-101370699-replay.json
?? .tmp-corpus/raw/episode-101375177-replay.json
?? .tmp-corpus/raw/episode-101379664-replay.json
?? .tmp-corpus/raw/episode-101381902-replay.json
?? .tmp-corpus/raw/episode-101388620-replay.json
?? .tmp-corpus/raw/episode-101393096-replay.json
?? .tmp-corpus/raw/episode-101397577-replay.json
?? .tmp-corpus/raw/episode-101399763-replay.json
?? .tmp-corpus/raw/episode-101404290-replay.json
?? .tmp-corpus/raw/episode-101408728-replay.json
?? .tmp-corpus/raw/episode-101408778-replay.json
?? .tmp-corpus/raw/episode-101422155-replay.json
?? .tmp-corpus/raw/episode-101437813-replay.json
?? .tmp-corpus/raw/episode-101442296-replay.json
?? .tmp-corpus/raw/episode-101444520-replay.json
?? .tmp-corpus/raw/episode-101451108-replay.json
?? .tmp-corpus/raw/episode-101451232-replay.json
?? .tmp-corpus/raw/episode-101453343-replay.json
?? .tmp-corpus/raw/episode-101455712-replay.json
?? .tmp-corpus/raw/episode-101462488-replay.json
?? .tmp-corpus/raw/episode-101495789-replay.json
?? .tmp-corpus/raw/episode-101509355-replay.json
?? .tmp-corpus/raw/episode-101554023-replay.json
?? .tmp-corpus/raw/episode-101643308-replay.json
?? .tmp-corpus/raw/episode-101678908-replay.json
?? .tmp-corpus/raw/episode-101699069-replay.json
?? .tmp-corpus/raw/episode-101739329-replay.json
?? .tmp-corpus/raw/episode-101755017-replay.json
?? .tmp-corpus/raw/episode-101802072-replay.json
?? .tmp-corpus/raw/episode-101828833-replay.json
?? .tmp-corpus/raw/episode-101868917-replay.json
?? .tmp-corpus/raw/episode-101877880-replay.json
?? .tmp-corpus/raw/episode-101882239-replay.json
?? .tmp-corpus/raw/episode-101891217-replay.json
?? .tmp-corpus/raw/episode-101904732-replay.json
?? .tmp-corpus/raw/episode-101922573-replay.json
?? .tmp-corpus/raw/episode-101929191-replay.json
?? .tmp-corpus/raw/episode-101960524-replay.json
?? .tmp-corpus/raw/episode-101985109-replay.json
?? .tmp-corpus/raw/episode-102000368-replay.json
?? .tmp-corpus/raw/episode-102002591-replay.json
?? .tmp-corpus/raw/episode-102002699-replay.json
?? .tmp-corpus/raw/episode-102007056-replay.json
?? .tmp-corpus/raw/episode-102007181-replay.json
?? .tmp-corpus/raw/episode-102009286-replay.json
?? .tmp-corpus/raw/episode-102009550-replay.json
?? .tmp-corpus/raw/episode-102015992-replay.json
?? .tmp-corpus/raw/episode-102020456-replay.json
?? .tmp-corpus/raw/episode-102031639-replay.json
?? .tmp-corpus/raw/episode-102033869-replay.json
?? .tmp-corpus/raw/episode-102040799-replay.json
?? .tmp-corpus/raw/episode-102045018-replay.json
?? .tmp-corpus/raw/episode-102054076-replay.json
?? .tmp-corpus/raw/episode-102060588-replay.json
?? .tmp-corpus/raw/episode-102194478-replay.json
?? .tmp-corpus/raw/episode-102196708-replay.json
?? .tmp-corpus/raw/episode-102201446-replay.json
?? .tmp-corpus/shard-2026-08-27-filelist.json
?? .tmp-corpus/shard-2026-08-28-filelist.json
?? .tmp-corpus/shard-2026-08-28-teams.json
?? .tmp-corpus/shard-manifests/shard-2026-08-27-manifest.csv/manifest.csv
?? .tmp-corpus/shard-manifests/shard-2026-08-28-manifest.csv/manifest.csv
?? .tmp-dna/a-dna-test-for-agents.ipynb
?? .tmp-dna/barcodes.csv
?? .tmp-dna/consensus.csv
?? .tmp-dna/field_validation.json
?? .tmp-dna/matchups.csv
?? .tmp-dna/reference_barcodes.csv
?? .tmp-dna/streams.parquet
?? .tmp-dna/xray_stripes.json
?? .tmp-intel/40-40-early-floor-39-46-top-10-v48-fast-routes.ipynb
?? .tmp-intel/err1.txt
?? .tmp-intel/h2h_v48.json
?? .tmp-intel/kaggriculture-2900.ipynb
?? .tmp-intel/kaggriculture-findings-from-zero-to-top-meta.ipynb
?? .tmp-intel/kaggriculture-getting-started.ipynb
?? .tmp-intel/kaggriculture-rank-your-agent.ipynb
?? .tmp-intel/kaggriculture-what-the-top-farms-do-a-live-meta.ipynb
?? .tmp-intel/loss_weihan.json
?? .tmp-intel/milk_replication.json
?? .tmp-intel/profile_s101.json
?? .tmp-intel/profile_s102.json
?? .tmp-intel/submit/main.py
?? .tmp-intel/submit/submission.tar.gz
?? .tmp-intel/submit/submission101.tar.gz
?? .tmp-intel/submit/submission102.tar.gz
?? .tmp-intel/v101_episodes.json
?? .tmp-intel/v101_sha.txt
?? .tmp-intel/v10_episodes.json
?? .tmp-intel/v16-rc5-high-score-8c-4s-premium-market-lead.ipynb
?? .tmp-intel/v48_main.py
?? .tmp-intel/v48_pool.txt
?? .tmp-intel/v48build/cell8.py
?? .tmp-intel/v48build/main.py
?? .tmp-intel/v48build/submission.tar.gz
?? .tmp-intel/v92_episodes2.json
?? .tmp-intel/warn.txt
?? .tmp-r5/defensive_only.py
?? .tmp-r5/p4_head.py
?? .tmp-r5/v6_a_crew.py
?? .tmp-r5/v6_b_wheat.py
?? .tmp-r5/v6_d_wheatlast.py
?? .tmp-r5/v6_f2.py
?? .tmp-r5/v6_f_straw.py
?? .tmp-r5/v6_fd.py
?? .tmp-r5/v6_g1.py
?? .tmp-r5/v6_g3.py
?? .tmp-r5/v6_g4.py
?? .tmp-v7/v7-c1.py
?? .tmp-v7/v7-c1h.py
?? .tmp-v7/v7-c2.py
?? .tmp-v7/v7-c2r.py
?? .tmp-v7/v7-c2rh.py
?? .tmp-v7/v7-c3.py
?? .tmp-v7/v7-h.py
?? .tmp-v7/v7-r.py
?? .tmp-v7/v72-v1-frozen.py
?? .tmp-v7/v72-v1.py
?? .tmp-v7/v72-v2.py
?? .tmp-v9/routing_baseline.json
?? .tmp-v9/routing_sweep_0.json
?? .tmp-v9/routing_sweep_10.json
?? .tmp-v9/routing_sweep_25.json
?? .tmp-v9/routing_sweep_45.json
?? .tmp-v9/routing_tour.json
?? .tmp-v9/routing_tour_dist.json
?? .tmp-v9/wheat_farm_smoke.json
?? .tmp-v9/wheat_farm_smoke_final.json
?? .tmp-v9/wheat_farm_smoke_final2.json
?? .tmp-v9/wheat_farm_smoke_final3.json
?? bing1.html
?? bing2.html
?? bing3.html
?? bing4.html
?? workspace/acceptance/evidence/p1-acceptance-runner-02.log
?? workspace/acceptance/evidence/p1-acceptance-runner-tests-01.log
?? workspace/acceptance/evidence/p1-acceptance-schema-01.log
?? workspace/acceptance/evidence/p1-acceptance-schema-tests-01.log
?? workspace/acceptance/evidence/p1-bt-behavior-01.log
?? workspace/acceptance/evidence/p1-bt-cli-01.log
?? workspace/acceptance/evidence/p1-bt-cli-atomic-01.log
?? workspace/acceptance/evidence/p1-bt-fixture-assert-01.log
?? workspace/acceptance/evidence/p1-bt-fixture-report.json
?? workspace/acceptance/evidence/p1-bt-real-fixture-01.log
?? workspace/acceptance/evidence/p1-bt-real-fixture-report.json
?? workspace/acceptance/evidence/p1-candidate-identity-01.log
?? workspace/acceptance/evidence/p1-candidate-identity-r2.log
?? workspace/acceptance/evidence/p1-canonical-fixture-01.log
?? workspace/acceptance/evidence/p1-claims-audit-01.log
?? workspace/acceptance/evidence/p1-current-status-baseline.log
?? workspace/acceptance/evidence/p1-diff-check-01.log
?? workspace/acceptance/evidence/p1-directed-31-01.log
?? workspace/acceptance/evidence/p1-export-inventory-01.log
?? workspace/acceptance/evidence/p1-external-contract-01.log
?? workspace/acceptance/evidence/p1-final-diff-r2.log
?? workspace/acceptance/evidence/p1-final-integrity-r2.log
?? workspace/acceptance/evidence/p1-final-phase-01.log
?? workspace/acceptance/evidence/p1-final-phase-r2.log
?? workspace/acceptance/evidence/p1-final-protected-check-01.log
?? workspace/acceptance/evidence/p1-final-scope-01.log
?? workspace/acceptance/evidence/p1-final-sha-01.log
?? workspace/acceptance/evidence/p1-final-status-01.log
?? workspace/acceptance/evidence/p1-final-status-r2.log
?? workspace/acceptance/evidence/p1-fixture-policy-01.log
?? workspace/acceptance/evidence/p1-fixture-verify-01.log
?? workspace/acceptance/evidence/p1-full-pytest-01.log
?? workspace/acceptance/evidence/p1-full-pytest-r2.log
?? workspace/acceptance/evidence/p1-git-diff-check-r2.log
?? workspace/acceptance/evidence/p1-json-schema-r2.log
?? workspace/acceptance/evidence/p1-metrics-labels-01.log
?? workspace/acceptance/evidence/p1-no-new-holdout-01.log
?? workspace/acceptance/evidence/p1-no-new-holdout-r2.log
?? workspace/acceptance/evidence/p1-official-contract-r2.log
?? workspace/acceptance/evidence/p1-path-boundary-01.log
?? workspace/acceptance/evidence/p1-protected-baseline-01.log
?? workspace/acceptance/evidence/p1-protected-compare-01.log
?? workspace/acceptance/evidence/p1-run-27-contract-r2.log
?? workspace/acceptance/evidence/p1-run-27-schema.log
?? workspace/acceptance/evidence/p1-run-schema-01.log
?? workspace/acceptance/evidence/p1-runner-dry-run-01.log
?? workspace/acceptance/evidence/p1-schema-negative-01.log
?? workspace/acceptance/evidence/p1-semantic-negative-01.log
?? workspace/acceptance/evidence/p1-smoke-01.log
?? workspace/acceptance/evidence/p1-smoke-label-audit-01.log
?? workspace/acceptance/evidence/p1-smoke-r2.log
?? workspace/acceptance/evidence/p1-working-tree-boundary-r2.log
?? workspace/acceptance/run-26.json
?? workspace/acceptance/run-27.json
?? workspace/software/exports/external/v48-seed101-ratings.json
?? workspace/software/exports/external/v48-seed101-smoke.json
?? workspace/software/exports/external_h2h_schema.json
?? workspace/software/kgenv/bradley_terry.py
?? workspace/software/kgenv/external_h2h_contract.py
?? workspace/software/scripts/check_external_h2h.py
?? workspace/software/scripts/fit_bradley_terry.py
?? workspace/software/tests/test_bradley_terry.py
?? workspace/software/tests/test_external_h2h_contract.py
