{
  ".tmp-intel/h2h_v48.json": {
    "exists": true,
    "sha256": "5899681029ae97afc3865eac05a293f9ac039917389a50d19b27c6dd06ac68b8",
    "size": 9511
  },
  "workspace/software/exports/eval_results.json": {
    "exists": true,
    "sha256": "b89c3b9e857602958ab3296ed295cdbcc71bcdbfc160e92584d7d3eb6fa330bf",
    "size": 642618
  },
  "workspace/software/exports/holdout/published/eval_results.json": {
    "exists": true,
    "sha256": "b89c3b9e857602958ab3296ed295cdbcc71bcdbfc160e92584d7d3eb6fa330bf",
    "size": 642618
  },
  "workspace/software/exports/holdout/published/replay_log.jsonl": {
    "exists": true,
    "sha256": "4fd9548ab6f4026f3ef6760e21a8d0ba415e85ed2d06e1bb6b670947f9bc5b6a",
    "size": 273521
  },
  "workspace/software/exports/holdout/published/seed_manifest.json": {
    "exists": true,
    "sha256": "61c33a0b7359385eed936ef803e7fb5764256f3bc9ac64e60d1fd7280c21c7f8",
    "size": 551
  },
  "workspace/software/exports/holdout/published/software_metrics.json": {
    "exists": true,
    "sha256": "4d8f9bcc8514b2b9dccc516fc345c7cb4d370972e1999132e5d7c7925a89ccdb",
    "size": 175921
  }
}
