C:/Users/OSS/Desktop/autoC/workspace/software/README.md-28-python workspace/software/scripts/check_external_h2h.py \
C:/Users/OSS/Desktop/autoC/workspace/software/README.md-29-  --input workspace/software/exports/external/v48-smoke.json
C:/Users/OSS/Desktop/autoC/workspace/software/README.md-30-
C:/Users/OSS/Desktop/autoC/workspace/software/README.md:31:# 3c) 顺序无关 BT/Davidson 描述性评级（不证明 holdout 泛化；Elo 仍为历史附录）
C:/Users/OSS/Desktop/autoC/workspace/software/README.md-32-python workspace/software/scripts/fit_bradley_terry.py \
C:/Users/OSS/Desktop/autoC/workspace/software/README.md-33-  --input workspace/software/exports/eval_results.dev.json \
C:/Users/OSS/Desktop/autoC/workspace/software/README.md-34-  --output workspace/software/exports/external/ratings.dev.json \
--
C:/Users/OSS/Desktop/autoC/workspace/software/README.md-97-
C:/Users/OSS/Desktop/autoC/workspace/software/README.md-98-## External H2H 与评级限制
C:/Users/OSS/Desktop/autoC/workspace/software/README.md-99-
C:/Users/OSS/Desktop/autoC/workspace/software/README.md:100:`h2h_external_probe.py` 生成 `external-h2h/2.0`。每局包含唯一 `game_id`、显式 seed/AB-BA 座位、720-state completion、activity diagnostics、异常原因与 rewards/margin；验证器重算赛程和 W/L/T/margin 汇总，复核候选/对手/引擎 SHA、active candidate 身份、输入闭包和 canonical digest。v48 在 `opponents/PROVENANCE.md` 中没有可验证的复用许可，因此只能作为只读黑盒压力对手，不能进入 submission 或被描述为正式胜率证据。
C:/Users/OSS/Desktop/autoC/workspace/software/README.md-101-
C:/Users/OSS/Desktop/autoC/workspace/software/README.md:102:`fit_bradley_terry.py` 使用全批次 Bradley-Terry（无和局）或 Davidson（含和局）模型；固定 zero-sum identifiability，断连图 fail-closed，完全分离时使用已披露的 Gaussian MAP 正则。置信区间按 seed clustered bootstrap，固定 `--bootstrap-seed` 且与输入行顺序无关。BT/Davidson 评级是描述性排名，不是 holdout 泛化证明；只有 CI 完全跨越预注册 margin 才给出 tier，否则为 `same`/`uncertain`。
C:/Users/OSS/Desktop/autoC/workspace/software/README.md-103-
C:/Users/OSS/Desktop/autoC/workspace/software/README.md-104-## Active Candidate Identity
C:/Users/OSS/Desktop/autoC/workspace/software/README.md-105-
--
C:/Users/OSS/Desktop/autoC/workspace/software/README.md-139-│                                       exports 产出（schema v1.1）+ 回归门旗标
C:/Users/OSS/Desktop/autoC/workspace/software/README.md-140-├── scripts/h2h_external_probe.py      外部黑盒 H2H 正式契约生成（development-only）
C:/Users/OSS/Desktop/autoC/workspace/software/README.md-141-├── scripts/check_external_h2h.py      外部 H2H verify-only 结构/语义/SHA/闭包校验
C:/Users/OSS/Desktop/autoC/workspace/software/README.md:142:├── scripts/fit_bradley_terry.py      BT/Davidson 描述性评级与 clustered bootstrap CI
C:/Users/OSS/Desktop/autoC/workspace/software/README.md-143-├── scripts/check_opponent_strength.py 强度门：新对手对冻结弱池 >=50% 胜率断言
C:/Users/OSS/Desktop/autoC/workspace/software/README.md-144-├── scripts/analyze_failure_modes.py   失败模式探针（多种子深记录 + 证据报告生成）
C:/Users/OSS/Desktop/autoC/workspace/software/README.md-145-├── scripts/corpus_fetch.py            回放语料抓取通道（HTTP range 探针/日分片选局/下载/
--
C:/Users/OSS/Desktop/autoC/workspace/software/README.md-270-  crop_rotator 12-4、template_wheat 10-6、self_feed_ranch 14-2、near_band_diversified 8-8
C:/Users/OSS/Desktop/autoC/workspace/software/README.md-271-  ——20 负全部来自 m2 线上风格对手，旧池零负；与开发门 57-7-0 的偏差集中在波 3 遗留风险
C:/Users/OSS/Desktop/autoC/workspace/software/README.md-272-  （near_band 8 负 / template_wheat 6 负 / crop_rotator 4 负），self_feed 反而由 5-3 改善到 14-2
C:/Users/OSS/Desktop/autoC/workspace/software/README.md:273:- 座位分层：AB 55-9 / BA 53-11（两层 score_rate 0.859/0.828）；Elo 附录（描述性、顺序敏感）：
C:/Users/OSS/Desktop/autoC/workspace/software/README.md-274-  template_wheat 1535.1 全池第一，submission 1349.0 第五
C:/Users/OSS/Desktop/autoC/workspace/software/README.md-275-- 数字全部来自 metrics 键 `m4_*`（16 键，见 `workspace/metrics.json`）；战役 II attempt-1 的
C:/Users/OSS/Desktop/autoC/workspace/software/README.md-276-  92.9% 结论保留在历史键 `holdout_*`/`confirmatory_*` 与 `exports/holdout/attempt-1/` 冻结档案，
--
C:/Users/OSS/Desktop/autoC/workspace/software/README.md-288-- 逐对：melon_hoarder / expansionist / baseline_wheat / crop_rotator / template_wheat /
C:/Users/OSS/Desktop/autoC/workspace/software/README.md-289-  self_feed_ranch / **scale_ranch（新增）** 各 **16-0**；cow_baron 15-1、
C:/Users/OSS/Desktop/autoC/workspace/software/README.md-290-  near_band_diversified 15-1 ——2 负均为 AB 座（候选先手），分差悬殊（-24494 / -45813）
C:/Users/OSS/Desktop/autoC/workspace/software/README.md:291:- 座位分层：AB 70-2（0.9722）/ BA 72-0（1.0）；Elo 附录（描述性、顺序敏感）：
C:/Users/OSS/Desktop/autoC/workspace/software/README.md-292-  submission 1701.6 全池第一，near_band_diversified 1506.7 第二
C:/Users/OSS/Desktop/autoC/workspace/software/README.md-293-- attempt-2（m4，84.4%）权威代已字节不变归档于 `exports/holdout/attempt-2/`；
C:/Users/OSS/Desktop/autoC/workspace/software/README.md-294-  数字全部来自 metrics 键 `r4_holdout_*`/`r4_confirmatory_*`（16 键）；三代证据
--
C:/Users/OSS/Desktop/autoC/workspace/software/exports/external/v48-seed101-ratings.json-34-  "game_count": 2,
C:/Users/OSS/Desktop/autoC/workspace/software/exports/external/v48-seed101-ratings.json-35-  "holdout_generalization_claim": false,
C:/Users/OSS/Desktop/autoC/workspace/software/exports/external/v48-seed101-ratings.json-36-  "identifiability": "zero_sum",
C:/Users/OSS/Desktop/autoC/workspace/software/exports/external/v48-seed101-ratings.json:37:  "input_path": "C:\\Users\\OSS\\Desktop\\autoC\\workspace\\software\\exports\\external\\v48-seed101-smoke.json",
C:/Users/OSS/Desktop/autoC/workspace/software/exports/external/v48-seed101-ratings.json-38-  "iterations": 12,
C:/Users/OSS/Desktop/autoC/workspace/software/exports/external/v48-seed101-ratings.json-39-  "log_likelihood": -0.0022127890820451994,
C:/Users/OSS/Desktop/autoC/workspace/software/exports/external/v48-seed101-ratings.json-40-  "method_note": "batch order-independent BT/Davidson; bootstrap clusters by seed",
--
C:/Users/OSS/Desktop/autoC/workspace/software/metrics.json-5489-      "unit": "identity-contract",
C:/Users/OSS/Desktop/autoC/workspace/software/metrics.json-5490-      "method": "2026-08-31 actual sha256sum of workspace/software/kaggle_simulations/agent/main.py and active_candidate.json status; no holdout seed generated or consumed"
C:/Users/OSS/Desktop/autoC/workspace/software/metrics.json-5491-    },
C:/Users/OSS/Desktop/autoC/workspace/software/metrics.json:5492:    "p1_real_external_h2h_smoke": {
C:/Users/OSS/Desktop/autoC/workspace/software/metrics.json-5493-      "value": {
C:/Users/OSS/Desktop/autoC/workspace/software/metrics.json-5494-        "games": 2,
C:/Users/OSS/Desktop/autoC/workspace/software/metrics.json-5495-        "seeds": [101],
--
C:/Users/OSS/Desktop/autoC/workspace/software/metrics.json-5498-        "ba_games": 1,
C:/Users/OSS/Desktop/autoC/workspace/software/metrics.json-5499-        "abnormal_games": 0,
C:/Users/OSS/Desktop/autoC/workspace/software/metrics.json-5500-        "verify_pass": true,
C:/Users/OSS/Desktop/autoC/workspace/software/metrics.json:5501:        "output": "workspace/software/exports/external/v48-seed101-smoke.json"
C:/Users/OSS/Desktop/autoC/workspace/software/metrics.json-5502-      },
C:/Users/OSS/Desktop/autoC/workspace/software/metrics.json-5503-      "unit": "external-evidence-smoke",
C:/Users/OSS/Desktop/autoC/workspace/software/metrics.json:5504:      "method": "2026-08-31 actual run of h2h_external_probe.py on vendored kaggle-environments 1.32.7+nodeps; one development seed, both seats, 720-state completion; followed by check_external_h2h.py verify-only; not a complete panel or performance claim"
C:/Users/OSS/Desktop/autoC/workspace/software/metrics.json-5505-    },
C:/Users/OSS/Desktop/autoC/workspace/software/metrics.json:5506:    "p1_bt_cli_smoke": {
C:/Users/OSS/Desktop/autoC/workspace/software/metrics.json-5507-      "value": {
C:/Users/OSS/Desktop/autoC/workspace/software/metrics.json-5508-        "model": "bradley-terry",
C:/Users/OSS/Desktop/autoC/workspace/software/metrics.json-5509-        "games": 2,
C:/Users/OSS/Desktop/autoC/workspace/software/metrics.json-5510-        "converged": true,
C:/Users/OSS/Desktop/autoC/workspace/software/metrics.json-5511-        "bootstrap_requested": 20,
C:/Users/OSS/Desktop/autoC/workspace/software/metrics.json-5512-        "bootstrap_seed": 20260831,
C:/Users/OSS/Desktop/autoC/workspace/software/metrics.json:5513:        "output": "workspace/software/exports/external/v48-seed101-ratings.json"
C:/Users/OSS/Desktop/autoC/workspace/software/metrics.json-5514-      },
C:/Users/OSS/Desktop/autoC/workspace/software/metrics.json-5515-      "unit": "rating-tool-smoke",
C:/Users/OSS/Desktop/autoC/workspace/software/metrics.json:5516:      "method": "2026-08-31 actual fit_bradley_terry.py run on the validated 2-game external smoke artifact; descriptive-only tool path, too few seed clusters for performance inference"
C:/Users/OSS/Desktop/autoC/workspace/software/metrics.json-5517-    },
C:/Users/OSS/Desktop/autoC/workspace/software/metrics.json-5518-    "p1_full_pytest": {
C:/Users/OSS/Desktop/autoC/workspace/software/metrics.json-5519-      "value": {
