workspace/software/README.md
workspace/software/kaggle_simulations/opponents/PROVENANCE.md
workspace/software/metrics.json
workspace/software/scripts/h2h_external_probe.py
.tmp-corpus/
.tmp-dna/
.tmp-intel/
.tmp-r5/
.tmp-v7/
.tmp-v9/
bing1.html
bing2.html
bing3.html
bing4.html
workspace/acceptance/evidence/p1-acceptance-runner-02.log
workspace/acceptance/evidence/p1-acceptance-runner-tests-01.log
workspace/acceptance/evidence/p1-acceptance-schema-01.log
workspace/acceptance/evidence/p1-acceptance-schema-tests-01.log
workspace/acceptance/evidence/p1-bt-behavior-01.log
workspace/acceptance/evidence/p1-bt-cli-01.log
workspace/acceptance/evidence/p1-bt-cli-atomic-01.log
workspace/acceptance/evidence/p1-bt-fixture-assert-01.log
workspace/acceptance/evidence/p1-bt-fixture-report.json
workspace/acceptance/evidence/p1-bt-real-fixture-01.log
workspace/acceptance/evidence/p1-bt-real-fixture-report.json
workspace/acceptance/evidence/p1-candidate-identity-01.log
workspace/acceptance/evidence/p1-candidate-identity-r2.log
workspace/acceptance/evidence/p1-canonical-fixture-01.log
workspace/acceptance/evidence/p1-claims-audit-01.log
workspace/acceptance/evidence/p1-diff-check-01.log
workspace/acceptance/evidence/p1-directed-31-01.log
workspace/acceptance/evidence/p1-export-inventory-01.log
workspace/acceptance/evidence/p1-external-contract-01.log
workspace/acceptance/evidence/p1-final-integrity-r2.log
workspace/acceptance/evidence/p1-final-phase-01.log
workspace/acceptance/evidence/p1-final-protected-check-01.log
workspace/acceptance/evidence/p1-final-scope-01.log
workspace/acceptance/evidence/p1-final-sha-01.log
workspace/acceptance/evidence/p1-final-status-01.log
workspace/acceptance/evidence/p1-fixture-policy-01.log
workspace/acceptance/evidence/p1-fixture-verify-01.log
workspace/acceptance/evidence/p1-full-pytest-01.log
workspace/acceptance/evidence/p1-full-pytest-r2.log
workspace/acceptance/evidence/p1-git-diff-check-r2.log
workspace/acceptance/evidence/p1-json-schema-r2.log
workspace/acceptance/evidence/p1-metrics-labels-01.log
workspace/acceptance/evidence/p1-no-new-holdout-01.log
workspace/acceptance/evidence/p1-no-new-holdout-r2.log
workspace/acceptance/evidence/p1-official-contract-r2.log
workspace/acceptance/evidence/p1-path-boundary-01.log
workspace/acceptance/evidence/p1-protected-baseline-01.log
workspace/acceptance/evidence/p1-protected-compare-01.log
workspace/acceptance/evidence/p1-run-schema-01.log
workspace/acceptance/evidence/p1-runner-dry-run-01.log
workspace/acceptance/evidence/p1-schema-negative-01.log
workspace/acceptance/evidence/p1-semantic-negative-01.log
workspace/acceptance/evidence/p1-smoke-01.log
workspace/acceptance/evidence/p1-smoke-label-audit-01.log
workspace/acceptance/evidence/p1-smoke-r2.log
workspace/acceptance/evidence/p1-working-tree-boundary-r2.log
workspace/acceptance/run-26.json
workspace/software/exports/external/
workspace/software/exports/external_h2h_schema.json
workspace/software/kgenv/bradley_terry.py
workspace/software/kgenv/external_h2h_contract.py
workspace/software/scripts/check_external_h2h.py
workspace/software/scripts/fit_bradley_terry.py
workspace/software/tests/test_bradley_terry.py
workspace/software/tests/test_external_h2h_contract.py
software_boundary_bad= []
acceptance_evidence_only_changes are permitted
working-tree P1 boundary: PASS

exit=0
