== bridge cert ==
bridge loaded=True cons=1.0 (57s)
== judge_r25 real run ==
{
 "h2h_vs_r40": 0.0,
 "league_win_rate": 0.0,
 "pass": false,
 "criteria": {
  "p1": {
   "realized_px_delta_pct": 0.0,
   "d21_28_seg_delta_median": -59142.0,
   "verdict": "FAIL"
  },
  "p2": {
   "d29_margin_median": 5064.0,
   "stranding_mean": 0.57,
   "base_d29_median": 5064.0,
   "base_stranding_mean": 0.57,
   "flips": 0,
   "verdict": "PASS"
  },
  "p3": {
   "n": 240,
   "win_rate": 0.0,
   "net_add_sell": 0.0,
   "verdict": "FAIL"
  }
 },
 "n_h2h": 240,
 "n_league": 90,
 "n_errors": 0
}
elapsed: 194.33
total 251s
