sim auth: True {'n_checked': 30, 'n_match': 30, 'rate': 1.0}
HP_TELEMETRY {'extension_signals': 83, 'rejected_signals': 46}
HP_TELEMETRY {'extension_signals': 83, 'rejected_signals': 46}
HP_TELEMETRY {'extension_signals': 76, 'rejected_signals': 21}
HP_TELEMETRY {'extension_signals': 76, 'rejected_signals': 21}
HP_TELEMETRY {'extension_signals': 83, 'rejected_signals': 46}
HP_TELEMETRY {'extension_signals': 83, 'rejected_signals': 46}
HP_TELEMETRY {'extension_signals': 83, 'rejected_signals': 46}
HP_TELEMETRY {'extension_signals': 83, 'rejected_signals': 46}
gates: {'load': True, 'health': True, 'determinism': True, 'identity': True} 27.5 s
HP_TELEMETRY {'extension_signals': 91, 'rejected_signals': 23}
smoke: 758.0 None u1: {'fires': 1, 'units': 15, 'errors': 0, 'window_suppressed': 43}
HP_TELEMETRY {'extension_signals': 77, 'rejected_signals': 25}
HP_TELEMETRY {'extension_signals': 81, 'rejected_signals': 46}
HP_TELEMETRY {'extension_signals': 99, 'rejected_signals': 28}
HP_TELEMETRY {'extension_signals': 53, 'rejected_signals': 75}
HP_TELEMETRY {'extension_signals': 52, 'rejected_signals': 73}
HP_TELEMETRY {'extension_signals': 81, 'rejected_signals': 28}
HP_TELEMETRY {'extension_signals': 84, 'rejected_signals': 19}
HP_TELEMETRY {'extension_signals': 64, 'rejected_signals': 80}
HP_TELEMETRY {'extension_signals': 61, 'rejected_signals': 57}
HP_TELEMETRY {'extension_signals': 2, 'rejected_signals': 91}
HP_TELEMETRY {'extension_signals': 77, 'rejected_signals': 39}
HP_TELEMETRY {'extension_signals': 11, 'rejected_signals': 79}
HP_TELEMETRY {'extension_signals': 45, 'rejected_signals': 51}
HP_TELEMETRY {'extension_signals': 8, 'rejected_signals': 102}
HP_TELEMETRY {'extension_signals': 90, 'rejected_signals': 54}
HP_TELEMETRY {'extension_signals': 15, 'rejected_signals': 74}
HP_TELEMETRY {'extension_signals': 77, 'rejected_signals': 25}
HP_TELEMETRY {'extension_signals': 81, 'rejected_signals': 46}
HP_TELEMETRY {'extension_signals': 99, 'rejected_signals': 28}
HP_TELEMETRY {'extension_signals': 53, 'rejected_signals': 75}
HP_TELEMETRY {'extension_signals': 52, 'rejected_signals': 73}
HP_TELEMETRY {'extension_signals': 81, 'rejected_signals': 28}
HP_TELEMETRY {'extension_signals': 84, 'rejected_signals': 19}
HP_TELEMETRY {'extension_signals': 64, 'rejected_signals': 80}
HP_TELEMETRY {'extension_signals': 61, 'rejected_signals': 57}
HP_TELEMETRY {'extension_signals': 2, 'rejected_signals': 91}
HP_TELEMETRY {'extension_signals': 77, 'rejected_signals': 39}
HP_TELEMETRY {'extension_signals': 11, 'rejected_signals': 79}
HP_TELEMETRY {'extension_signals': 45, 'rejected_signals': 63}
HP_TELEMETRY {'extension_signals': 8, 'rejected_signals': 102}
HP_TELEMETRY {'extension_signals': 90, 'rejected_signals': 54}
HP_TELEMETRY {'extension_signals': 15, 'rejected_signals': 74}
oc_c3 games 32 err 0 tm 96604.7 76.8 s
HP_TELEMETRY {'extension_signals': 72, 'rejected_signals': 41}
HP_TELEMETRY {'extension_signals': 88, 'rejected_signals': 45}
HP_TELEMETRY {'extension_signals': 107, 'rejected_signals': 19}
HP_TELEMETRY {'extension_signals': 56, 'rejected_signals': 71}
HP_TELEMETRY {'extension_signals': 52, 'rejected_signals': 73}
HP_TELEMETRY {'extension_signals': 84, 'rejected_signals': 28}
HP_TELEMETRY {'extension_signals': 83, 'rejected_signals': 23}
HP_TELEMETRY {'extension_signals': 57, 'rejected_signals': 87}
HP_TELEMETRY {'extension_signals': 60, 'rejected_signals': 59}
HP_TELEMETRY {'extension_signals': 2, 'rejected_signals': 92}
HP_TELEMETRY {'extension_signals': 77, 'rejected_signals': 35}
HP_TELEMETRY {'extension_signals': 8, 'rejected_signals': 85}
HP_TELEMETRY {'extension_signals': 45, 'rejected_signals': 63}
HP_TELEMETRY {'extension_signals': 8, 'rejected_signals': 98}
HP_TELEMETRY {'extension_signals': 93, 'rejected_signals': 54}
HP_TELEMETRY {'extension_signals': 17, 'rejected_signals': 77}
mpx_w24_p2_3_h14 games 32 err 0 tm 96710.3 76.9 s
HP_TELEMETRY {'extension_signals': 73, 'rejected_signals': 16}
HP_TELEMETRY {'extension_signals': 80, 'rejected_signals': 61}
HP_TELEMETRY {'extension_signals': 96, 'rejected_signals': 27}
HP_TELEMETRY {'extension_signals': 56, 'rejected_signals': 71}
HP_TELEMETRY {'extension_signals': 50, 'rejected_signals': 79}
HP_TELEMETRY {'extension_signals': 87, 'rejected_signals': 29}
HP_TELEMETRY {'extension_signals': 84, 'rejected_signals': 23}
HP_TELEMETRY {'extension_signals': 56, 'rejected_signals': 85}
HP_TELEMETRY {'extension_signals': 53, 'rejected_signals': 70}
HP_TELEMETRY {'extension_signals': 2, 'rejected_signals': 88}
HP_TELEMETRY {'extension_signals': 81, 'rejected_signals': 36}
HP_TELEMETRY {'extension_signals': 8, 'rejected_signals': 83}
HP_TELEMETRY {'extension_signals': 56, 'rejected_signals': 56}
HP_TELEMETRY {'extension_signals': 8, 'rejected_signals': 98}
HP_TELEMETRY {'extension_signals': 86, 'rejected_signals': 35}
HP_TELEMETRY {'extension_signals': 17, 'rejected_signals': 77}
u1 games 32 err 0 tm 96713.8 75.6 s
HP_TELEMETRY {'extension_signals': 78, 'rejected_signals': 20}
HP_TELEMETRY {'extension_signals': 77, 'rejected_signals': 19}
HP_TELEMETRY {'extension_signals': 78, 'rejected_signals': 53}
HP_TELEMETRY {'extension_signals': 72, 'rejected_signals': 59}
HP_TELEMETRY {'extension_signals': 109, 'rejected_signals': 12}
HP_TELEMETRY {'extension_signals': 109, 'rejected_signals': 12}
HP_TELEMETRY {'extension_signals': 52, 'rejected_signals': 73}
HP_TELEMETRY {'extension_signals': 52, 'rejected_signals': 73}
HP_TELEMETRY {'extension_signals': 69, 'rejected_signals': 59}
HP_TELEMETRY {'extension_signals': 73, 'rejected_signals': 49}
HP_TELEMETRY {'extension_signals': 88, 'rejected_signals': 19}
HP_TELEMETRY {'extension_signals': 88, 'rejected_signals': 19}
HP_TELEMETRY {'extension_signals': 88, 'rejected_signals': 18}
HP_TELEMETRY {'extension_signals': 88, 'rejected_signals': 18}
HP_TELEMETRY {'extension_signals': 54, 'rejected_signals': 83}
HP_TELEMETRY {'extension_signals': 56, 'rejected_signals': 86}
HP_TELEMETRY {'extension_signals': 51, 'rejected_signals': 68}
HP_TELEMETRY {'extension_signals': 51, 'rejected_signals': 68}
HP_TELEMETRY {'extension_signals': 86, 'rejected_signals': 40}
HP_TELEMETRY {'extension_signals': 86, 'rejected_signals': 40}
HP_TELEMETRY {'extension_signals': 68, 'rejected_signals': 36}
HP_TELEMETRY {'extension_signals': 68, 'rejected_signals': 38}
HP_TELEMETRY {'extension_signals': 88, 'rejected_signals': 42}
HP_TELEMETRY {'extension_signals': 87, 'rejected_signals': 39}
HP_TELEMETRY {'extension_signals': 51, 'rejected_signals': 61}
HP_TELEMETRY {'extension_signals': 56, 'rejected_signals': 63}
HP_TELEMETRY {'extension_signals': 91, 'rejected_signals': 27}
HP_TELEMETRY {'extension_signals': 91, 'rejected_signals': 27}
HP_TELEMETRY {'extension_signals': 85, 'rejected_signals': 27}
HP_TELEMETRY {'extension_signals': 89, 'rejected_signals': 28}
HP_TELEMETRY {'extension_signals': 68, 'rejected_signals': 58}
HP_TELEMETRY {'extension_signals': 68, 'rejected_signals': 56}
HP_TELEMETRY {'extension_signals': 77, 'rejected_signals': 19}
HP_TELEMETRY {'extension_signals': 78, 'rejected_signals': 20}
HP_TELEMETRY {'extension_signals': 72, 'rejected_signals': 59}
HP_TELEMETRY {'extension_signals': 78, 'rejected_signals': 53}
HP_TELEMETRY {'extension_signals': 109, 'rejected_signals': 12}
HP_TELEMETRY {'extension_signals': 109, 'rejected_signals': 12}
HP_TELEMETRY {'extension_signals': 52, 'rejected_signals': 73}
HP_TELEMETRY {'extension_signals': 52, 'rejected_signals': 73}
HP_TELEMETRY {'extension_signals': 73, 'rejected_signals': 49}
HP_TELEMETRY {'extension_signals': 69, 'rejected_signals': 59}
HP_TELEMETRY {'extension_signals': 88, 'rejected_signals': 19}
HP_TELEMETRY {'extension_signals': 88, 'rejected_signals': 19}
HP_TELEMETRY {'extension_signals': 88, 'rejected_signals': 18}
HP_TELEMETRY {'extension_signals': 88, 'rejected_signals': 18}
HP_TELEMETRY {'extension_signals': 56, 'rejected_signals': 86}
HP_TELEMETRY {'extension_signals': 54, 'rejected_signals': 83}
HP_TELEMETRY {'extension_signals': 51, 'rejected_signals': 68}
HP_TELEMETRY {'extension_signals': 51, 'rejected_signals': 68}
HP_TELEMETRY {'extension_signals': 86, 'rejected_signals': 40}
HP_TELEMETRY {'extension_sih2h u1 vs mpx: W5/L27/T0 rate 0.1562
footprint: 32 / 32
u1 vs mpx: W12/L20/T0 dM -44.19 flips_neg 0 win_u1 31.88 win_mpx 27.47 crit {'h2h_vs_mpx>=0.55': False, 'flips_neg==0': True, '实现价非负（Δratio_fill 三品∧全品均值≥0）': False, '窗差>=mpx（d14-27 fill 总窗配对 Δ u1 vs oc_c3 ≥ mpx vs oc_c3）': True}
DONE 388.2 s budget: {'cap_局次': 300, 'auth_局次': 60, 'gate_局次': 4, 'smoke_局次': 1, 'judgment_局次': 128, 'total_局次': 193, 'within_cap': True}
VERDICT: NOT_CONFIRMED（详见 criteria）
