HP_TELEMETRY {'extension_signals': 74, 'rejected_signals': 56}
HP_TELEMETRY {'extension_signals': 74, 'rejected_signals': 56}
smoke done
HP_TELEMETRY {'extension_signals': 74, 'rejected_signals': 54}
HP_TELEMETRY {'extension_signals': 74, 'rejected_signals': 54}
HP_TELEMETRY {'extension_signals': 74, 'rejected_signals': 54}
HP_TELEMETRY {'extension_signals': 74, 'rejected_signals': 54}
HP_TELEMETRY {'extension_signals': 74, 'rejected_signals': 56}
HP_TELEMETRY {'extension_signals': 74, 'rejected_signals': 56}
HP_TELEMETRY {'extension_signals': 95, 'rejected_signals': 20}
HP_TELEMETRY {'extension_signals': 95, 'rejected_signals': 20}
HP_TELEMETRY {'extension_signals': 95, 'rejected_signals': 20}
HP_TELEMETRY {'extension_signals': 95, 'rejected_signals': 20}
HP_TELEMETRY {'extension_signals': 84, 'rejected_signals': 38}
HP_TELEMETRY {'extension_signals': 84, 'rejected_signals': 38}
HP_TELEMETRY {'extension_signals': 43, 'rejected_signals': 78}
HP_TELEMETRY {'extension_signals': 43, 'rejected_signals': 78}
HP_TELEMETRY {'extension_signals': 43, 'rejected_signals': 78}
HP_TELEMETRY {'extension_signals': 43, 'rejected_signals': 78}
HP_TELEMETRY {'extension_signals': 60, 'rejected_signals': 68}
HP_TELEMETRY {'extension_signals': 60, 'rejected_signals': 68}
HP_TELEMETRY {'extension_signals': 101, 'rejected_signals': 16}
HP_TELEMETRY {'extension_signals': 101, 'rejected_signals': 16}
HP_TELEMETRY {'extension_signals': 82, 'rejected_signals': 13}
HP_TELEMETRY {'extension_signals': 82, 'rejected_signals': 13}
HP_TELEMETRY {'extension_signals': 82, 'rejected_signals': 13}
HP_TELEMETRY {'extension_signals': 82, 'rejected_signals': 13}
HP_TELEMETRY {'extension_signals': 67, 'rejected_signals': 55}
HP_TELEMETRY {'extension_signals': 67, 'rejected_signals': 55}
HP_TELEMETRY {'extension_signals': 67, 'rejected_signals': 55}
HP_TELEMETRY {'extension_signals': 67, 'rejected_signals': 55}
HP_TELEMETRY {'extension_signals': 84, 'rejected_signals': 38}
HP_TELEMETRY {'extension_signals': 84, 'rejected_signals': 38}
HP_TELEMETRY {'extension_signals': 60, 'rejected_signals': 68}
HP_TELEMETRY {'extension_signals': 60, 'rejected_signals': 68}
HP_TELEMETRY {'extension_signals': 64, 'rejected_signals': 28}
HP_TELEMETRY {'extension_signals': 64, 'rejected_signals': 28}
HP_TELEMETRY {'extension_signals': 64, 'rejected_signals': 28}
HP_TELEMETRY {'extension_signals': 64, 'rejected_signals': 28}
HP_TELEMETRY {'extension_signals': 101, 'rejected_signals': 16}
HP_TELEMETRY {'extension_signals': 101, 'rejected_signals': 16}
HP_TELEMETRY {'extension_signals': 87, 'rejected_signals': 35}
HP_TELEMETRY {'extension_signals': 87, 'rejected_signals': 35}
HP_TELEMETRY {'extension_signals': 87, 'rejected_signals': 35}
HP_TELEMETRY {'extension_signals': 87, 'rejected_signals': 35}
HP_TELEMETRY {'extension_signals': 91, 'rejected_signals': 32}
HP_TELEMETRY {'extension_signals': 91, 'rejected_signals': 32}
HP_TELEMETRY {'extension_signals': 91, 'rejected_signals': 32}
HP_TELEMETRY {'extension_signals': 91, 'rejected_signals': 32}
panel h1x0 0.4583
HP_TELEMETRY {'extension_signals': 74, 'rejected_signals': 54}
HP_TELEMETRY {'extension_signals': 74, 'rejected_signals': 54}
HP_TELEMETRY {'extension_signals': 74, 'rejected_signals': 56}
HP_TELEMETRY {'extension_signals': 74, 'rejected_signals': 56}
HP_TELEMETRY {'extension_signals': 74, 'rejected_signals': 56}
HP_TELEMETRY {'extension_signals': 74, 'rejected_signals': 56}
HP_TELEMETRY {'extension_signals': 96, 'rejected_signals': 21}
HP_TELEMETRY {'extension_signals': 95, 'rejected_signals': 20}
HP_TELEMETRY {'extension_signals': 84, 'rejected_signals': 38}
HP_TELEMETRY {'extension_signals': 84, 'rejected_signals': 38}
HP_TELEMETRY {'extension_signals': 84, 'rejected_signals': 38}
HP_TELEMETRY {'extension_signals': 84, 'rejected_signals': 38}
HP_TELEMETRY {'extension_signals': 59, 'rejected_signals': 68}
HP_TELEMETRY {'extension_signals': 61, 'rejected_signals': 68}
HP_TELEMETRY {'extension_signals': 43, 'rejected_signals': 78}
HP_TELEMETRY {'extension_signals': 43, 'rejected_signals': 78}
HP_TELEMETRY {'extension_signals': 61, 'rejected_signals': 68}
HP_TELEMETRY {'extension_signals': 59, 'rejected_signals': 68}
HP_TELEMETRY {'extension_signals': 102, 'rejected_signals': 16}
HP_TELEMETRY {'extension_signals': 102, 'rejected_signals': 16}
HP_TELEMETRY {'extension_signals': 102, 'rejected_signals': 16}
HP_TELEMETRY {'extension_signals': 102, 'rejected_signals': 16}
HP_TELEMETRY {'extension_signals': 82, 'rejected_signals': 13}
HP_TELEMETRY {'extension_signals': 82, 'rejected_signals': 13}
HP_TELEMETRY {'extension_signals': 74, 'rejected_signals': 54}
HP_TELEMETRY {'extension_signals': 74, 'rejected_signals': 54}
HP_TELEMETRY {'extension_signals': 67, 'rejected_signals': 56}
HP_TELEMETRY {'extension_signals': 67, 'rejected_signals': 55}
HP_TELEMETRY {'extension_signals': 67, 'rejected_signals': 55}
HP_TELEMETRY {'extension_signals': 67, 'rejected_signals': 56}
HP_TELEMETRY {'extension_signals': 95, 'rejected_signals': 20}
HP_TELEMETRY {'extension_signals': 96, 'rejected_signals': 21}
HP_TELEMETRY {'extension_signals': 64, 'rejected_signals': 28}
HP_TELEMETRY {'extension_signals': 64, 'rejected_signals': 28}
HP_TELEMETRY {'extension_signals': 64, 'rejected_signals': 28}
HP_TELEMETRY {'extension_signals': 64, 'rejected_signals': 28}
HP_TELEMETRY {'extension_signals': 43, 'rejected_signals': 78}
HP_TELEMETRY {'extension_signals': 43, 'rejected_signals': 78}
HP_TELEMETRY {'extension_signals': 85, 'rejected_signals': 39}
HP_TELEMETRY {'extension_signals': 85, 'rejected_signals': 39}
HP_TELEMETRY {'extension_signals': 85, 'rejected_signals': 39}
HP_TELEMETRY {'extension_signals': 85, 'rejected_signals': 39}
HP_TELEMETRY {'extension_signals': 82, 'rejected_signals': 13}
HP_TELEMETRY {'extension_signals': 82, 'rejected_signals': 13}
HP_TELEMETRY {'extension_signals': 91, 'rejected_signals': 32}
HP_TELEMETRY {'extension_signals': 91, 'rejected_signals': 34}
HP_TELEMETRY {'extension_signals': 91, 'rejected_signals': 34}
HP_TELEMETRY {'extension_signals': 91, 'rejected_signals': 32}
panel H1 0.625
HP_TELEMETRY {'extension_signals': 74, 'rejected_signals': 56}
HP_TELEMETRY {'extension_signals': 71, 'rejected_signals': 65}
HP_TELEMETRY {'extension_signals': 71, 'rejected_signals': 65}
HP_TELEMETRY {'extension_signals': 95, 'rejected_signals': 13}
HP_TELEMETRY {'extension_signals': 83, 'rejected_signals': 44}
HP_TELEMETRY {'extension_signals': 83, 'rejected_signals': 44}
HP_TELEMETRY {'extension_signals': 63, 'rejected_signals': 60}
HP_TELEMETRY {'extension_signals': 63, 'rejected_signals': 60}
HP_TELEMETRY {'extension_signals': 36, 'rejected_signals': 81}
HP_TELEMETRY {'extension_signals': 91, 'rejected_signals': 40}
HP_TELEMETRY {'extension_signals': 91, 'rejected_signals': 40}
HP_TELEMETRY {'extension_signals': 74, 'rejected_signals': 40}
HP_TELEMETRY {'extension_signals': 74, 'rejected_signals': 56}
HP_TELEMETRY {'extension_signals': 71, 'rejected_signals': 48}
HP_TELEMETRY {'extension_signals': 71, 'rejected_signals': 48}
HP_TELEMETRY {'extension_signals': 95, 'rejected_signals': 13}
HP_TELEMETRY {'extension_signals': 62, 'rejected_signals': 69}
HP_TELEMETRY {'extension_signals': 62, 'rejected_signals': 69}
HP_TELEMETRY {'extension_signals': 96, 'rejected_signals': 30}
HP_TELEMETRY {'extension_signals': 36, 'rejected_signals': 81}
HP_TELEMETRY {'extension_signals': 96, 'rejected_signals': 30}
HP_TELEMETRY {'extension_signals': 88, 'rejected_signals': 35}
HP_TELEMETRY {'extension_signals': 74, 'rejected_signals': 40}
HP_TELEMETRY {'extension_signals': 88, 'rejected_signals': 35}
panel r40 0.7917
HP_TELEMETRY {'extension_signals': 74, 'rejected_signals': 54}
HP_TELEMETRY {'extension_signals': 74, 'rejected_signals': 58}
HP_TELEMETRY {'extension_signals': 74, 'rejected_signals': 58}
HP_TELEMETRY {'extension_signals': 96, 'rejected_signals': 15}
HP_TELEMETRY {'extension_signals': 85, 'rejected_signals': 45}
HP_TELEMETRY {'extension_signals': 85, 'rejected_signals': 45}
HP_TELEMETRY {'extension_signals': 61, 'rejected_signals': 68}
HP_TELEMETRY {'extension_signals': 61, 'rejected_signals': 68}
HP_TELEMETRY {'extension_signals': 44, 'rejected_signals': 72}
HP_TELEMETRY {'extension_signals': 111, 'rejected_signals': 18}
HP_TELEMETRY {'extension_signals': 111, 'rejected_signals': 18}
HP_TELEMETRY {'extension_signals': 72, 'rejected_signals': 19}
HP_TELEMETRY {'extension_signals': 74, 'rejected_signals': 54}
HP_TELEMETRY {'extension_signals': 67, 'rejected_signals': 54}
HP_TELEMETRY {'extension_signals': 67, 'rejected_signals': 54}
HP_TELEMETRY {'extension_signals': 96, 'rejected_signals': 15}
HP_TELEMETRY {'extension_signals': 59, 'rejected_signals': 32}
HP_TELEMETRY {'extension_signals': 59, 'rejected_signals': 32}
HP_TELEMETRY {'extension_signals': 44, 'rejected_signals': 72}
HP_TELEMETRY {'extension_signals': 89, 'rejected_signals': 37}
HP_TELEMETRY {'extension_signals': 89, 'rejected_signals': 37}
HP_TELEMETRY {'extension_signals': 88, 'rejected_signals': 33}
HP_TELEMETRY {'extension_signals': 72, 'rejected_signals': 19}
HP_TELEMETRY {'extension_signals': 88, 'rejected_signals': 33}
panel A 0.9167
HP_TELEMETRY {'extension_signals': 74, 'rejected_signals': 54}
HP_TELEMETRY {'extension_signals': 74, 'rejected_signals': 54}
HP_TELEMETRY {'extension_signals': 74, 'rejected_signals': 56}
HP_TELEMETRY {'extension_signals': 74, 'rejected_signals': 56}
HP_TELEMETRY {'extension_signals': 74, 'rejected_signals': 56}
HP_TELEMETRY {'extension_signals': 74, 'rejected_signals': 56}
HP_TELEMETRY {'extension_signals': 96, 'rejected_signals': 21}
HP_TELEMETRY {'extension_signals': 95, 'rejected_signals': 20}
HP_TELEMETRY {'extension_signals': 84, 'rejected_signals': 38}
HP_TELEMETRY {'extension_signals': 84, 'rejected_signals': 38}
HP_TELEMETRY {'extension_signals': 84, 'rejected_signals': 38}
HP_TELEMETRY {'extension_signals': 84, 'rejected_signals': 38}
HP_TELEMETRY {'extension_signals': 61, 'rejected_signals': 68}
HP_TELEMETRY {'extension_signals': 59, 'rejected_signals': 68}
HP_TELEMETRY {'extension_signals': 59, 'rejected_signals': 68}
HP_TELEMETRY {'extension_signals': 61, 'rejected_signals': 68}
HP_TELEMETRY {'extension_signals': 43, 'rejected_signals': 78}
HP_TELEMETRY {'extension_signals': 43, 'rejected_signals': 78}
HP_TELEMETRY {'extension_signals': 102, 'rejected_signals': 16}
HP_TELEMETRY {'extension_signals': 102, 'rejected_signals': 16}
HP_TELEMETRY {'extension_signals': 102, 'rejected_signals': 16}
HP_TELEMETRY {'extension_signals': 102, 'rejected_signals': 16}
HP_TELEMETRY {'extension_signals': 82, 'rejected_signals': 13}
HP_TELEMETRY {'extension_signals': 82, 'rejected_signals': 13}
HP_TELEMETRY {'extension_signals': 74, 'rejected_signals': 54}
HP_TELEMETRY {'extension_signals': 74, 'rejected_signals': 54}
HP_TELEMETRY {'extension_signals': 67, 'rejected_signals': 56}
HP_TELEMETRY {'extension_signals': 67, 'rejected_signals': 55}
HP_TELEMETRY {'extension_signals': 67, 'rejected_signals': 55}
HP_TELEMETRY {'extension_signals': 67, 'rejected_signals': 56}
HP_TELEMETRY {'extension_signals': 95, 'rejected_signals': 20}
HP_TELEMETRY {'extension_signals': 96, 'rejected_signals': 21}
HP_TELEMETRY {'extension_signals': 64, 'rejected_signals': 28}
HP_TELEMETRY {'extension_signals': 64, 'rejected_signals': 28}
HP_TELEMETRY {'extension_signals': 64, 'rejected_signals': 28}
HP_TELEMETRY {'extension_signals': 64, 'rejected_signals': 28}
HP_TELEMETRY {'extension_signals': 43, 'rejected_signals': 78}
HP_TELEMETRY {'extension_signals': 43, 'rejected_signals': 78}
HP_TELEMETRY {'extension_signals': 85, 'rejected_signals': 39}
HP_TELEMETRY {'extension_signals': 85, 'rejected_signals': 39}
HP_TELEMETRY {'extension_signals': 85, 'rejected_signals': 39}
HP_TELEMETRY {'extension_signals': 85, 'rejected_signals': 39}
HP_TELEMETRY {'extension_signals': 91, 'rejected_signals': 34}
HP_TELEMETRY {'extension_signals': 91, 'rejected_signals': 32}
HP_TELEMETRY {'extension_signals': 82, 'rejected_signals': 13}
HP_TELEMETRY {'extension_signals': 82, 'rejected_signals': 13}
HP_TELEMETRY {'extension_signals': 91, 'rejected_signals': 32}
HP_TELEMETRY {'extension_signals': 91, 'rejected_signals': 34}
HP_TELEMETRY {'extension_signals': 71, 'rejected_signals': 65}
HP_TELEMETRY {'extension_signals': 74, 'rejected_signals': 56}
HP_TELEMETRY {'extension_signals': 71, 'rejected_signals': 65}
HP_TELEMETRY {'extension_signals': 95, 'rejected_signals': 13}
HP_TELEMETRY {'extension_signals': 83, 'rejected_signals': 44}
HP_TELEMETRY {'extension_signals': 83, 'rejected_signals': 44}
HP_TELEMETRY {'extension_signals': 63, 'rejected_signals': 60}
HP_TELEMETRY {'extension_signals': 63, 'rejected_signals': 60}
HP_TELEMETRY {'extension_signals': 36, 'rejected_signals': 81}
HP_TELEMETRY {'extension_signals': 91, 'rejected_signals': 40}
HP_TELEMETRY {'extension_signals': 91, 'rejected_signals': 40}
HP_TELEMETRY {'extension_signals': 74, 'rejected_signals': 40}
HP_TELEMETRY {'extension_signals': 74, 'rejected_signals': 56}
HP_TELEMETRY {'extension_signals': 71, 'rejected_signals': 48}
HP_TELEMETRY {'extension_signals': 71, 'rejected_signals': 48}
HP_TELEMETRY {'extension_signals': 95, 'rejected_signals': 13}
HP_TELEMETRY {'extension_signals': 62, 'rejected_signals': 69}
HP_TELEMETRY {'extension_signals': 62, 'rejected_signals': 69}
HP_TELEMETRY {'extension_signals': 96, 'rejected_signals': 30}
HP_TELEMETRY {'extension_signals': 36, 'rejected_signals': 81}
HP_TELEMETRY {'extension_signals': 96, 'rejected_signals': 30}
HP_TELEMETRY {'extension_signals': 88, 'rejected_signals': 35}
HP_TELEMETRY {'extension_signals': 88, 'rejected_signals': 35}
HP_TELEMETRY {'extension_signals': 74, 'rejected_signals': 40}
HP_TELEMETRY {'extension_signals': 74, 'rejected_signals': 54}
HP_TELEMETRY {'extension_signals': 74, 'rejected_signals': 58}
HP_TELEMETRY {'extension_signals': 74, 'rejected_signals': 58}
HP_TELEMETRY {'extension_signals': 96, 'rejected_signals': 15}
HP_TELEMETRY {'extension_signals': 85, 'rejected_signals': 45}
HP_TELEMETRY {'extension_signals': 85, 'rejected_signals': 45}
HP_TELEMETRY {'extension_signals': 61, 'rejected_signals': 68}
HP_TELEMETRY {'extension_signals': 61, 'rejected_signals': 68}
HP_TELEMETRY {'extension_signals': 44, 'rejected_signals': 72}
HP_TELEMETRY {'extension_signals': 111, 'rejected_signals': 18}
HP_TELEMETRY {'extension_signals': 111, 'rejected_signals': 18}
HP_TELEMETRY {'extension_signals': 72, 'rejected_signals': 19}
HP_TELEMETRY {'extension_signals': 74, 'rejected_signals': 54}
HP_TELEMETRY {'extension_signals': 67, 'rejected_signals': 54}
HP_TELEMETRY {'extension_signals': 67, 'rejected_signals': 54}
HP_TELEMETRY {'extension_signals': 96, 'rejected_signals': 15}
HP_TELEMETRY {'extension_signals': 59, 'rejected_signals': 32}
HP_TELEMETRY {'extension_signals': 59, 'rejected_signals': 32}
HP_TELEMETRY {'extension_signals': 44, 'rejected_signals': 72}
HP_TELEMETRY {'extension_signals': 89, 'rejected_signals': 37}
HP_TELEMETRY {'extension_signals': 89, 'rejected_signals': 37}
HP_TELEMETRY {'extension_signals': 88, 'rejected_signals': 33}
HP_TELEMETRY {'extension_signals': 72, 'rejected_signals': 19}
HP_TELEMETRY {'extension_signals': 88, 'rejected_signals': 33}
paired H1 -254.83
paired r40 -222.0
paired A -239.92
HP_TELEMETRY {'extension_signals': 74, 'rejected_signals': 56}
HP_TELEMETRY {'extension_signals': 74, 'rejected_signals': 54}
HP_TELEMETRY {'extension_signals': 74, 'rejected_signals': 56}
HP_TELEMETRY {'extension_signals': 74, 'rejected_signals': 54}
HP_TELEMETRY {'extension_signals': 74, 'rejected_signals': 56}
HP_TELEMETRY {'extension_signals': 74, 'rejected_signals': 56}
HP_TELEMETRY {'extension_signals': 96, 'rejected_signals': 21}
HP_TELEMETRY {'extension_signals': 95, 'rejected_signals': 20}
HP_TELEMETRY {'extension_signals': 84, 'rejected_signals': 38}
HP_TELEMETRY {'extension_signals': 84, 'rejected_signals': 38}
HP_TELEMETRY {'extension_signals': 84, 'rejected_signals': 38}
HP_TELEMETRY {'extension_signals': 84, 'rejected_signals': 38}
HP_TELEMETRY {'extension_signals': 59, 'rejected_signals': 68}
HP_TELEMETRY {'extension_signals': 61, 'rejected_signals': 68}
HP_TELEMETRY {'extension_signals': 61, 'rejected_signals': 68}
HP_TELEMETRY {'extension_signals': 59, 'rejected_signals': 68}
HP_TELEMETRY {'extension_signals': 43, 'rejected_signals': 78}
HP_TELEMETRY {'extension_signals': 43, 'rejected_signals': 78}
HP_TELEMETRY {'extension_signals': 74, 'rejected_signals': 54}
HP_TELEMETRY {'extension_signals': 74, 'rejected_signals': 54}
HP_TELEMETRY {'extension_signals': 67, 'rejected_signals': 55}
HP_TELEMETRY {'extension_signals': 67, 'rejected_signals': 56}
HP_TELEMETRY {'extension_signals': 67, 'rejected_signals': 56}
HP_TELEMETRY {'extension_signals': 67, 'rejected_signals': 55}
HP_TELEMETRY {'extension_signals': 95, 'rejected_signals': 20}
HP_TELEMETRY {'extension_signals': 96, 'rejected_signals': 21}
HP_TELEMETRY {'extension_signals': 64, 'rejected_signals': 28}
HP_TELEMETRY {'extension_signals': 64, 'rejected_signals': 28}
HP_TELEMETRY {'extension_signals': 64, 'rejected_signals': 28}
HP_TELEMETRY {'extension_signals': 64, 'rejected_signals': 28}
HP_TELEMETRY {'extension_signals': 43, 'rejected_signals': 78}
HP_TELEMETRY {'extension_signals': 43, 'rejected_signals': 78}
HP_TELEMETRY {'extension_signals': 74, 'rejected_signals': 56}
HP_TELEMETRY {'extension_signals': 74, 'rejected_signals': 56}
HP_TELEMETRY {'extension_signals': 74, 'rejected_signals': 54}
HP_TELEMETRY {'extension_signals': 74, 'rejected_signals': 54}
HP_TELEMETRY {'extension_signals': 74, 'rejected_signals': 56}
HP_TELEMETRY {'extension_signals': 74, 'rejected_signals': 56}
HP_TELEMETRY {'extension_signals': 96, 'rejected_signals': 21}
HP_TELEMETRY {'extension_signals': 95, 'rejected_signals': 20}
HP_TELEMETRY {'extension_signals': 84, 'rejected_signals': 38}
HP_TELEMETRY {'extension_signals': 84, 'rejected_signals': 38}
HP_TELEMETRY {'extension_signals': 84, 'rejected_signals': 38}
HP_TELEMETRY {'extension_signals': 84, 'rejected_signals': 38}
HP_TELEMETRY {'extension_signals': 59, 'rejected_signals': 68}
HP_TELEMETRY {'extension_signals': 61, 'rejected_signals': 68}
HP_TELEMETRY {'extension_signals': 61, 'rejected_signals': 68}
HP_TELEMETRY {'extension_signals': 59, 'rejected_signals': 68}
HP_TELEMETRY {'extension_signals': 43, 'rejected_signals': 78}
HP_TELEMETRY {'extension_signals': 43, 'rejected_signals': 78}
HP_TELEMETRY {'extension_signals': 67, 'rejected_signals': 56}
HP_TELEMETRY {'extension_signals': 67, 'rejected_signals': 55}
HP_TELEMETRY {'extension_signals': 74, 'rejected_signals': 54}
HP_TELEMETRY {'extension_signals': 74, 'rejected_signals': 54}
HP_TELEMETRY {'extension_signals': 67, 'rejected_signals': 55}
HP_TELEMETRY {'extension_signals': 67, 'rejected_signals': 56}
HP_TELEMETRY {'extension_signals': 95, 'rejected_signals': 20}
HP_TELEMETRY {'extension_signals': 96, 'rejected_signals': 21}
HP_TELEMETRY {'extension_signals': 64, 'rejected_signals': 28}
HP_TELEMETRY {'extension_signals': 64, 'rejected_signals': 28}
HP_TELEMETRY {'extension_signals': 64, 'rejected_signals': 28}
HP_TELEMETRY {'extension_signals': 64, 'rejected_signals': 28}
HP_TELEMETRY {'extension_signals': 43, 'rejected_signals': 78}
HP_TELEMETRY {'extension_signals': 43, 'rejected_signals': 78}
steady tetsutani 0.75
VERDICT: T2[73915539]：面板 h2h {"h1x0": 0.4583, "H1": 0.625, "r40": 0.7917, "A": 0.9167}；配对 W/L/T 0/6/66 mean -238.92（flips +0/-6）；tomato 实现价 t2 144.21 vs 本体 146.19（机制验证：drip 144.21 vs 本体 146.19）；对 H1 0.625；弱锚 {'r40': 0.7917, 'A': 0.9167}；稳节奏 0.75（delta 0.0）；判据 False
DONE 395.4 s budget: {'cap_局次': 400, 'auth': 30, 'smoke': 2, 'panel_规格': 96, 'control_规格': 72, 'steady_规格': 32, 'unique_games_run': 200, 'total_局次': 230, 'within_cap': True}
