Loading environment cabt failed: Could not find module 'C:\Users\OSS\AppData\Roaming\Python\Python314\site-packages\kaggle_environments\envs\cabt\cg\cg.dll' (or one of its dependencies). Try using the full path with constructor syntax.
Loading environment open_spiel_env failed: No module named 'pyspiel'
[001] cand     vs cow_baron            seed=101 seat=AB margin=34063.0
[002] champion vs cow_baron            seed=101 seat=AB margin=34063.0
[003] cand     vs cow_baron            seed=101 seat=BA margin=34701.0
[004] champion vs cow_baron            seed=101 seat=BA margin=34701.0
[005] cand     vs cow_baron            seed=102 seat=AB margin=47337.0
[006] champion vs cow_baron            seed=102 seat=AB margin=47337.0
[007] cand     vs cow_baron            seed=102 seat=BA margin=47337.0
[008] champion vs cow_baron            seed=102 seat=BA margin=47337.0
[009] cand     vs cow_baron            seed=103 seat=AB margin=49084.0
[010] champion vs cow_baron            seed=103 seat=AB margin=49084.0
[011] cand     vs cow_baron            seed=103 seat=BA margin=43129.0
[012] champion vs cow_baron            seed=103 seat=BA margin=43129.0
[013] cand     vs cow_baron            seed=104 seat=AB margin=41297.0
[014] champion vs cow_baron            seed=104 seat=AB margin=41297.0
[015] cand     vs cow_baron            seed=104 seat=BA margin=39098.0
[016] champion vs cow_baron            seed=104 seat=BA margin=39098.0
[017] cand     vs melon_hoarder        seed=101 seat=AB margin=70997.0
[018] champion vs melon_hoarder        seed=101 seat=AB margin=70997.0
[019] cand     vs melon_hoarder        seed=101 seat=BA margin=69577.0
[020] champion vs melon_hoarder        seed=101 seat=BA margin=69577.0
[021] cand     vs melon_hoarder        seed=102 seat=AB margin=54418.0
[022] champion vs melon_hoarder        seed=102 seat=AB margin=54418.0
[023] cand     vs melon_hoarder        seed=102 seat=BA margin=54418.0
[024] champion vs melon_hoarder        seed=102 seat=BA margin=54418.0
[025] cand     vs melon_hoarder        seed=103 seat=AB margin=70188.0
[026] champion vs melon_hoarder        seed=103 seat=AB margin=70188.0
[027] cand     vs melon_hoarder        seed=103 seat=BA margin=68602.0
[028] champion vs melon_hoarder        seed=103 seat=BA margin=68602.0
[029] cand     vs melon_hoarder        seed=104 seat=AB margin=76052.0
[030] champion vs melon_hoarder        seed=104 seat=AB margin=76052.0
[031] cand     vs melon_hoarder        seed=104 seat=BA margin=71635.0
[032] champion vs melon_hoarder        seed=104 seat=BA margin=71635.0
[033] cand     vs expansionist         seed=101 seat=AB margin=75757.0
[034] champion vs expansionist         seed=101 seat=AB margin=75757.0
[035] cand     vs expansionist         seed=101 seat=BA margin=78538.0
[036] champion vs expansionist         seed=101 seat=BA margin=78538.0
[037] cand     vs expansionist         seed=102 seat=AB margin=57581.0
[038] champion vs expansionist         seed=102 seat=AB margin=57581.0
[039] cand     vs expansionist         seed=102 seat=BA margin=57581.0
[040] champion vs expansionist         seed=102 seat=BA margin=57581.0
[041] cand     vs expansionist         seed=103 seat=AB margin=83041.0
[042] champion vs expansionist         seed=103 seat=AB margin=83041.0
[043] cand     vs expansionist         seed=103 seat=BA margin=82096.0
[044] champion vs expansionist         seed=103 seat=BA margin=82096.0
[045] cand     vs expansionist         seed=104 seat=AB margin=88768.0
[046] champion vs expansionist         seed=104 seat=AB margin=88768.0
[047] cand     vs expansionist         seed=104 seat=BA margin=89358.0
[048] champion vs expansionist         seed=104 seat=BA margin=89358.0
[049] cand     vs baseline_wheat       seed=101 seat=AB margin=105912.0
[050] champion vs baseline_wheat       seed=101 seat=AB margin=105912.0
[051] cand     vs baseline_wheat       seed=101 seat=BA margin=107839.0
[052] champion vs baseline_wheat       seed=101 seat=BA margin=107839.0
[053] cand     vs baseline_wheat       seed=102 seat=AB margin=96042.0
[054] champion vs baseline_wheat       seed=102 seat=AB margin=96042.0
[055] cand     vs baseline_wheat       seed=102 seat=BA margin=96042.0
[056] champion vs baseline_wheat       seed=102 seat=BA margin=96042.0
[057] cand     vs baseline_wheat       seed=103 seat=AB margin=81614.0
[058] champion vs baseline_wheat       seed=103 seat=AB margin=81614.0
[059] cand     vs baseline_wheat       seed=103 seat=BA margin=81614.0
[060] champion vs baseline_wheat       seed=103 seat=BA margin=81614.0
[061] cand     vs baseline_wheat       seed=104 seat=AB margin=55839.0
[062] champion vs baseline_wheat       seed=104 seat=AB margin=55839.0
[063] cand     vs baseline_wheat       seed=104 seat=BA margin=59401.0
[064] champion vs baseline_wheat       seed=104 seat=BA margin=59401.0
[065] cand     vs crop_rotator         seed=101 seat=AB margin=41884.0
[066] champion vs crop_rotator         seed=101 seat=AB margin=41884.0
[067] cand     vs crop_rotator         seed=101 seat=BA margin=47670.0
[068] champion vs crop_rotator         seed=101 seat=BA margin=47670.0
[069] cand     vs crop_rotator         seed=102 seat=AB margin=18546.0
[070] champion vs crop_rotator         seed=102 seat=AB margin=18546.0
[071] cand     vs crop_rotator         seed=102 seat=BA margin=18546.0
[072] champion vs crop_rotator         seed=102 seat=BA margin=18546.0
[073] cand     vs crop_rotator         seed=103 seat=AB margin=26363.0
[074] champion vs crop_rotator         seed=103 seat=AB margin=26363.0
[075] cand     vs crop_rotator         seed=103 seat=BA margin=26363.0
[076] champion vs crop_rotator         seed=103 seat=BA margin=26363.0
[077] cand     vs crop_rotator         seed=104 seat=AB margin=36072.0
[078] champion vs crop_rotator         seed=104 seat=AB margin=36072.0
[079] cand     vs crop_rotator         seed=104 seat=BA margin=21794.0
[080] champion vs crop_rotator         seed=104 seat=BA margin=21794.0
[081] cand     vs template_wheat       seed=101 seat=AB margin=26652.0
[082] champion vs template_wheat       seed=101 seat=AB margin=26652.0
[083] cand     vs template_wheat       seed=101 seat=BA margin=30931.0
[084] champion vs template_wheat       seed=101 seat=BA margin=30931.0
[085] cand     vs template_wheat       seed=102 seat=AB margin=19877.0
[086] champion vs template_wheat       seed=102 seat=AB margin=19877.0
[087] cand     vs template_wheat       seed=102 seat=BA margin=19877.0
[088] champion vs template_wheat       seed=102 seat=BA margin=19877.0
[089] cand     vs template_wheat       seed=103 seat=AB margin=28215.0
[090] champion vs template_wheat       seed=103 seat=AB margin=28215.0
[091] cand     vs template_wheat       seed=103 seat=BA margin=28215.0
[092] champion vs template_wheat       seed=103 seat=BA margin=28215.0
[093] cand     vs template_wheat       seed=104 seat=AB margin=13807.0
[094] champion vs template_wheat       seed=104 seat=AB margin=13807.0
[095] cand     vs template_wheat       seed=104 seat=BA margin=31309.0
[096] champion vs template_wheat       seed=104 seat=BA margin=31309.0
[097] cand     vs self_feed_ranch      seed=101 seat=AB margin=31377.0
[098] champion vs self_feed_ranch      seed=101 seat=AB margin=31377.0
[099] cand     vs self_feed_ranch      seed=101 seat=BA margin=22046.0
[100] champion vs self_feed_ranch      seed=101 seat=BA margin=22046.0
[101] cand     vs self_feed_ranch      seed=102 seat=AB margin=22656.0
[102] champion vs self_feed_ranch      seed=102 seat=AB margin=22656.0
[103] cand     vs self_feed_ranch      seed=102 seat=BA margin=22656.0
[104] champion vs self_feed_ranch      seed=102 seat=BA margin=22656.0
[105] cand     vs self_feed_ranch      seed=103 seat=AB margin=22364.0
[106] champion vs self_feed_ranch      seed=103 seat=AB margin=22364.0
[107] cand     vs self_feed_ranch      seed=103 seat=BA margin=22364.0
[108] champion vs self_feed_ranch      seed=103 seat=BA margin=22364.0
[109] cand     vs self_feed_ranch      seed=104 seat=AB margin=35831.0
[110] champion vs self_feed_ranch      seed=104 seat=AB margin=35831.0
[111] cand     vs self_feed_ranch      seed=104 seat=BA margin=39000.0
[112] champion vs self_feed_ranch      seed=104 seat=BA margin=39000.0
[113] cand     vs near_band_diversified seed=101 seat=AB margin=32670.0
[114] champion vs near_band_diversified seed=101 seat=AB margin=32670.0
[115] cand     vs near_band_diversified seed=101 seat=BA margin=36491.0
[116] champion vs near_band_diversified seed=101 seat=BA margin=36491.0
[117] cand     vs near_band_diversified seed=102 seat=AB margin=27702.0
[118] champion vs near_band_diversified seed=102 seat=AB margin=27702.0
[119] cand     vs near_band_diversified seed=102 seat=BA margin=27702.0
[120] champion vs near_band_diversified seed=102 seat=BA margin=27702.0
[121] cand     vs near_band_diversified seed=103 seat=AB margin=15115.0
[122] champion vs near_band_diversified seed=103 seat=AB margin=15115.0
[123] cand     vs near_band_diversified seed=103 seat=BA margin=12968.0
[124] champion vs near_band_diversified seed=103 seat=BA margin=12968.0
[125] cand     vs near_band_diversified seed=104 seat=AB margin=9215.0
[126] champion vs near_band_diversified seed=104 seat=AB margin=9215.0
[127] cand     vs near_band_diversified seed=104 seat=BA margin=26384.0
[128] champion vs near_band_diversified seed=104 seat=BA margin=26384.0
[129] cand     vs scale_ranch          seed=101 seat=AB margin=10886.0
[130] champion vs scale_ranch          seed=101 seat=AB margin=10886.0
[131] cand     vs scale_ranch          seed=101 seat=BA margin=14327.0
[132] champion vs scale_ranch          seed=101 seat=BA margin=14327.0
[133] cand     vs scale_ranch          seed=102 seat=AB margin=16477.0
[134] champion vs scale_ranch          seed=102 seat=AB margin=16477.0
[135] cand     vs scale_ranch          seed=102 seat=BA margin=6899.0
[136] champion vs scale_ranch          seed=102 seat=BA margin=6899.0
[137] cand     vs scale_ranch          seed=103 seat=AB margin=14470.0
[138] champion vs scale_ranch          seed=103 seat=AB margin=14470.0
[139] cand     vs scale_ranch          seed=103 seat=BA margin=805.0
[140] champion vs scale_ranch          seed=103 seat=BA margin=805.0
[141] cand     vs scale_ranch          seed=104 seat=AB margin=21811.0
[142] champion vs scale_ranch          seed=104 seat=AB margin=21811.0
[143] cand     vs scale_ranch          seed=104 seat=BA margin=24938.0
[144] champion vs scale_ranch          seed=104 seat=BA margin=24938.0
=== paired ablation: champ-vs-champ-r3p0-smoke ===
  candidate e21c4b5f vs champion e21c4b5f (r3_frozen_candidate.b64)
  grid: 9 opponents x 4 seeds x AB/BA x 2 sides = 144 games (453.72s)
  pairs: 0W-0L-72T, net diff 0.0
  cand : pool_wr=1.0 worst=1.0 @cow_baron disaster=0.0
  champ: pool_wr=1.0 worst=1.0 @cow_baron disaster=0.0
  VERDICT: MERGEABLE
  wrote exports\ablations\champ-vs-champ-r3p0-smoke.json
