Loading environment cabt failed: Could not find module 'C:\Users\OSS\AppData\Roaming\Python\Python314\site-packages\kaggle_environments\envs\cabt\cg\cg.dll' (or one of its dependencies). Try using the full path with constructor syntax.
Loading environment open_spiel_env failed: No module named 'pyspiel'
  cow_baron vs pass seed=101: 48452:3000 winner=cow_baron
  cow_baron vs pass seed=102: 52933:3000 winner=cow_baron
  cow_baron vs pass seed=103: 51070:3000 winner=cow_baron
[STRONG] cow_baron vs pass: W3 L0 T0 win_rate=1.00 avg_margin=+47818

  cow_baron vs random seed=101: 57398:0 winner=cow_baron
  cow_baron vs random seed=102: 58752:0 winner=cow_baron
  cow_baron vs random seed=103: 50558:0 winner=cow_baron
[STRONG] cow_baron vs random: W3 L0 T0 win_rate=1.00 avg_margin=+55569

  cow_baron vs starter seed=101: 63559:3441 winner=cow_baron
  cow_baron vs starter seed=102: 39518:3769 winner=cow_baron
  cow_baron vs starter seed=103: 50189:3807 winner=cow_baron
[STRONG] cow_baron vs starter: W3 L0 T0 win_rate=1.00 avg_margin=+47416

  cow_baron vs greedy_carrot seed=101: 56931:6012 winner=cow_baron
  cow_baron vs greedy_carrot seed=102: 64999:7990 winner=cow_baron
  cow_baron vs greedy_carrot seed=103: 53234:6012 winner=cow_baron
[STRONG] cow_baron vs greedy_carrot: W3 L0 T0 win_rate=1.00 avg_margin=+51717

  melon_hoarder vs pass seed=101: 36751:3000 winner=melon_hoarder
  melon_hoarder vs pass seed=102: 37417:3000 winner=melon_hoarder
  melon_hoarder vs pass seed=103: 36994:3000 winner=melon_hoarder
[STRONG] melon_hoarder vs pass: W3 L0 T0 win_rate=1.00 avg_margin=+34054

  melon_hoarder vs random seed=101: 35977:0 winner=melon_hoarder
  melon_hoarder vs random seed=102: 36619:0 winner=melon_hoarder
  melon_hoarder vs random seed=103: 37482:0 winner=melon_hoarder
[STRONG] melon_hoarder vs random: W3 L0 T0 win_rate=1.00 avg_margin=+36693

  melon_hoarder vs starter seed=101: 36382:3441 winner=melon_hoarder
  melon_hoarder vs starter seed=102: 35930:3645 winner=melon_hoarder
  melon_hoarder vs starter seed=103: 37046:3668 winner=melon_hoarder
[STRONG] melon_hoarder vs starter: W3 L0 T0 win_rate=1.00 avg_margin=+32868

  melon_hoarder vs greedy_carrot seed=101: 36631:6012 winner=melon_hoarder
  melon_hoarder vs greedy_carrot seed=102: 37210:6326 winner=melon_hoarder
  melon_hoarder vs greedy_carrot seed=103: 37600:7439 winner=melon_hoarder
[STRONG] melon_hoarder vs greedy_carrot: W3 L0 T0 win_rate=1.00 avg_margin=+30555

  expansionist vs pass seed=101: 22007:3000 winner=expansionist
  expansionist vs pass seed=102: 20043:3000 winner=expansionist
  expansionist vs pass seed=103: 19045:3000 winner=expansionist
[STRONG] expansionist vs pass: W3 L0 T0 win_rate=1.00 avg_margin=+17365

  expansionist vs random seed=101: 20708:0 winner=expansionist
  expansionist vs random seed=102: 20931:0 winner=expansionist
  expansionist vs random seed=103: 18011:0 winner=expansionist
[STRONG] expansionist vs random: W3 L0 T0 win_rate=1.00 avg_margin=+19883

  expansionist vs starter seed=101: 21815:3506 winner=expansionist
  expansionist vs starter seed=102: 22202:3421 winner=expansionist
  expansionist vs starter seed=103: 19045:3441 winner=expansionist
[STRONG] expansionist vs starter: W3 L0 T0 win_rate=1.00 avg_margin=+17565

  expansionist vs greedy_carrot seed=101: 17239:10680 winner=expansionist
  expansionist vs greedy_carrot seed=102: 20445:10902 winner=expansionist
  expansionist vs greedy_carrot seed=103: 22583:6012 winner=expansionist
[STRONG] expansionist vs greedy_carrot: W3 L0 T0 win_rate=1.00 avg_margin=+10891

  crop_rotator vs pass seed=101: 67637:3000 winner=crop_rotator
  crop_rotator vs pass seed=102: 62135:3000 winner=crop_rotator
  crop_rotator vs pass seed=103: 62410:3000 winner=crop_rotator
[STRONG] crop_rotator vs pass: W3 L0 T0 win_rate=1.00 avg_margin=+61061

  crop_rotator vs random seed=101: 73827:0 winner=crop_rotator
  crop_rotator vs random seed=102: 78742:0 winner=crop_rotator
  crop_rotator vs random seed=103: 66800:0 winner=crop_rotator
[STRONG] crop_rotator vs random: W3 L0 T0 win_rate=1.00 avg_margin=+73123

  crop_rotator vs starter seed=101: 63580:3518 winner=crop_rotator
  crop_rotator vs starter seed=102: 64987:3639 winner=crop_rotator
  crop_rotator vs starter seed=103: 64514:3592 winner=crop_rotator
[STRONG] crop_rotator vs starter: W3 L0 T0 win_rate=1.00 avg_margin=+60777

  crop_rotator vs greedy_carrot seed=101: 63002:13222 winner=crop_rotator
  crop_rotator vs greedy_carrot seed=102: 66969:6704 winner=crop_rotator
  crop_rotator vs greedy_carrot seed=103: 67173:6112 winner=crop_rotator
[STRONG] crop_rotator vs greedy_carrot: W3 L0 T0 win_rate=1.00 avg_margin=+57035

  template_wheat vs pass seed=101: 59414:3000 winner=template_wheat
  template_wheat vs pass seed=102: 66056:3000 winner=template_wheat
  template_wheat vs pass seed=103: 75625:3000 winner=template_wheat
[STRONG] template_wheat vs pass: W3 L0 T0 win_rate=1.00 avg_margin=+64032

  template_wheat vs random seed=101: 68366:0 winner=template_wheat
  template_wheat vs random seed=102: 74859:0 winner=template_wheat
  template_wheat vs random seed=103: 56348:0 winner=template_wheat
[STRONG] template_wheat vs random: W3 L0 T0 win_rate=1.00 avg_margin=+66524

  template_wheat vs starter seed=101: 69307:3425 winner=template_wheat
  template_wheat vs starter seed=102: 77355:3592 winner=template_wheat
  template_wheat vs starter seed=103: 70246:3533 winner=template_wheat
[STRONG] template_wheat vs starter: W3 L0 T0 win_rate=1.00 avg_margin=+68786

  template_wheat vs greedy_carrot seed=101: 63643:8905 winner=template_wheat
  template_wheat vs greedy_carrot seed=102: 59516:8779 winner=template_wheat
  template_wheat vs greedy_carrot seed=103: 66032:6295 winner=template_wheat
[STRONG] template_wheat vs greedy_carrot: W3 L0 T0 win_rate=1.00 avg_margin=+55071

  self_feed_ranch vs pass seed=101: 74284:3000 winner=self_feed_ranch
  self_feed_ranch vs pass seed=102: 73128:3000 winner=self_feed_ranch
  self_feed_ranch vs pass seed=103: 67201:3000 winner=self_feed_ranch
[STRONG] self_feed_ranch vs pass: W3 L0 T0 win_rate=1.00 avg_margin=+68538

  self_feed_ranch vs random seed=101: 82935:0 winner=self_feed_ranch
  self_feed_ranch vs random seed=102: 54119:0 winner=self_feed_ranch
  self_feed_ranch vs random seed=103: 69872:0 winner=self_feed_ranch
[STRONG] self_feed_ranch vs random: W3 L0 T0 win_rate=1.00 avg_margin=+68975

  self_feed_ranch vs starter seed=101: 71873:3637 winner=self_feed_ranch
  self_feed_ranch vs starter seed=102: 72094:3649 winner=self_feed_ranch
  self_feed_ranch vs starter seed=103: 79759:3592 winner=self_feed_ranch
[STRONG] self_feed_ranch vs starter: W3 L0 T0 win_rate=1.00 avg_margin=+70949

  self_feed_ranch vs greedy_carrot seed=101: 68359:10908 winner=self_feed_ranch
  self_feed_ranch vs greedy_carrot seed=102: 77721:6054 winner=self_feed_ranch
  self_feed_ranch vs greedy_carrot seed=103: 76842:6012 winner=self_feed_ranch
[STRONG] self_feed_ranch vs greedy_carrot: W3 L0 T0 win_rate=1.00 avg_margin=+66649

  near_band_diversified vs pass seed=101: 67700:3000 winner=near_band_diversified
  near_band_diversified vs pass seed=102: 68361:3000 winner=near_band_diversified
  near_band_diversified vs pass seed=103: 58700:3000 winner=near_band_diversified
[STRONG] near_band_diversified vs pass: W3 L0 T0 win_rate=1.00 avg_margin=+61920

  near_band_diversified vs random seed=101: 69000:0 winner=near_band_diversified
  near_band_diversified vs random seed=102: 70120:0 winner=near_band_diversified
  near_band_diversified vs random seed=103: 61258:0 winner=near_band_diversified
[STRONG] near_band_diversified vs random: W3 L0 T0 win_rate=1.00 avg_margin=+66793

  near_band_diversified vs starter seed=101: 70528:3547 winner=near_band_diversified
  near_band_diversified vs starter seed=102: 65643:3890 winner=near_band_diversified
  near_band_diversified vs starter seed=103: 67694:3596 winner=near_band_diversified
[STRONG] near_band_diversified vs starter: W3 L0 T0 win_rate=1.00 avg_margin=+64277

  near_band_diversified vs greedy_carrot seed=101: 67651:9324 winner=near_band_diversified
  near_band_diversified vs greedy_carrot seed=102: 61663:6707 winner=near_band_diversified
  near_band_diversified vs greedy_carrot seed=103: 71605:6012 winner=near_band_diversified
[STRONG] near_band_diversified vs greedy_carrot: W3 L0 T0 win_rate=1.00 avg_margin=+59625

  scale_ranch vs pass seed=101: 85219:3000 winner=scale_ranch
  scale_ranch vs pass seed=102: 55599:3000 winner=scale_ranch
  scale_ranch vs pass seed=103: 64092:3000 winner=scale_ranch
[STRONG] scale_ranch vs pass: W3 L0 T0 win_rate=1.00 avg_margin=+65303

  scale_ranch vs random seed=101: 66733:0 winner=scale_ranch
  scale_ranch vs random seed=102: 59739:0 winner=scale_ranch
  scale_ranch vs random seed=103: 68850:0 winner=scale_ranch
[STRONG] scale_ranch vs random: W3 L0 T0 win_rate=1.00 avg_margin=+65107

  scale_ranch vs starter seed=101: 75010:3421 winner=scale_ranch
  scale_ranch vs starter seed=102: 56851:4014 winner=scale_ranch
  scale_ranch vs starter seed=103: 63294:3546 winner=scale_ranch
[STRONG] scale_ranch vs starter: W3 L0 T0 win_rate=1.00 avg_margin=+61391

  scale_ranch vs greedy_carrot seed=101: 67100:7768 winner=scale_ranch
  scale_ranch vs greedy_carrot seed=102: 58222:6054 winner=scale_ranch
  scale_ranch vs greedy_carrot seed=103: 51846:10988 winner=scale_ranch
[STRONG] scale_ranch vs greedy_carrot: W3 L0 T0 win_rate=1.00 avg_margin=+50786

strength gate PASS: all 8 certified opponents (cow_baron, crop_rotator, expansionist, melon_hoarder, near_band_diversified, scale_ranch, self_feed_ranch, template_wheat) hold >=50% vs every weak-pool bot (3 seed(s) each, 166s, baseline_wheat reference Elo 1245.8 / greedy_carrot 1162.2 from m0)
EXIT=0
