== run_h2h_gate（seated 通道，AB/BA 双席显式）==
-- hybrid vs pure_v48（seeds=(101, 102, 103, 104, 201, 202, 203, 204), 双席）--
Loading environment open_spiel_env failed: No module named 'pyspiel'
Loading environment cabt failed: /home/renyxin/.local/lib/python3.14/site-packages/kaggle_environments/envs/cabt/cg/libcg.so: cannot open shared object file: No such file or directory
  [hybrid_all_on vs pure_v48] seed=101 seat=0 me=  92715.0 opp=  93022.0 margin=    -307.0 LOSS statuses=['DONE', 'DONE'] anoms=- [4.4s]
  [hybrid_all_on vs pure_v48] seed=101 seat=1 me=  92715.0 opp=  93022.0 margin=    -307.0 LOSS statuses=['DONE', 'DONE'] anoms=- [4.6s]
  [hybrid_all_on vs pure_v48] seed=102 seat=0 me=  86112.0 opp=  87203.0 margin=   -1091.0 LOSS statuses=['DONE', 'DONE'] anoms=- [4.7s]
  [hybrid_all_on vs pure_v48] seed=102 seat=1 me=  86112.0 opp=  87203.0 margin=   -1091.0 LOSS statuses=['DONE', 'DONE'] anoms=- [5.0s]
  [hybrid_all_on vs pure_v48] seed=103 seat=0 me=  89789.0 opp=  90374.0 margin=    -585.0 LOSS statuses=['DONE', 'DONE'] anoms=- [4.9s]
  [hybrid_all_on vs pure_v48] seed=103 seat=1 me=  90057.0 opp=  90106.0 margin=     -49.0 LOSS statuses=['DONE', 'DONE'] anoms=- [5.0s]
  [hybrid_all_on vs pure_v48] seed=104 seat=0 me=  95499.0 opp=  87943.0 margin=   +7556.0 WIN  statuses=['DONE', 'DONE'] anoms=- [5.1s]
  [hybrid_all_on vs pure_v48] seed=104 seat=1 me=  87753.0 opp=  95514.0 margin=   -7761.0 LOSS statuses=['DONE', 'DONE'] anoms=- [4.9s]
  [hybrid_all_on vs pure_v48] seed=201 seat=0 me=  85673.0 opp=  86134.0 margin=    -461.0 LOSS statuses=['DONE', 'DONE'] anoms=- [4.8s]
  [hybrid_all_on vs pure_v48] seed=201 seat=1 me=  85370.0 opp=  86418.0 margin=   -1048.0 LOSS statuses=['DONE', 'DONE'] anoms=- [4.8s]
  [hybrid_all_on vs pure_v48] seed=202 seat=0 me= 126726.0 opp= 127001.0 margin=    -275.0 LOSS statuses=['DONE', 'DONE'] anoms=- [5.1s]
  [hybrid_all_on vs pure_v48] seed=202 seat=1 me= 126726.0 opp= 127001.0 margin=    -275.0 LOSS statuses=['DONE', 'DONE'] anoms=- [4.9s]
  [hybrid_all_on vs pure_v48] seed=203 seat=0 me= 127898.0 opp= 129268.0 margin=   -1370.0 LOSS statuses=['DONE', 'DONE'] anoms=- [4.8s]
  [hybrid_all_on vs pure_v48] seed=203 seat=1 me= 127898.0 opp= 129268.0 margin=   -1370.0 LOSS statuses=['DONE', 'DONE'] anoms=- [4.8s]
  [hybrid_all_on vs pure_v48] seed=204 seat=0 me=  79742.0 opp=  83401.0 margin=   -3659.0 LOSS statuses=['DONE', 'DONE'] anoms=- [4.9s]
  [hybrid_all_on vs pure_v48] seed=204 seat=1 me=  79715.0 opp=  83428.0 margin=   -3713.0 LOSS statuses=['DONE', 'DONE'] anoms=- [4.8s]
-- hybrid vs v72（seeds=(101, 102, 201, 202), 双席）--
  [hybrid_all_on vs v72] seed=101 seat=0 me=  84604.0 opp=  28611.0 margin=  +55993.0 WIN  statuses=['DONE', 'DONE'] anoms=- [4.3s]
  [hybrid_all_on vs v72] seed=101 seat=1 me=  99268.0 opp=  32659.0 margin=  +66609.0 WIN  statuses=['DONE', 'DONE'] anoms=- [4.2s]
  [hybrid_all_on vs v72] seed=102 seat=0 me= 140857.0 opp=  64408.0 margin=  +76449.0 WIN  statuses=['DONE', 'DONE'] anoms=- [4.2s]
  [hybrid_all_on vs v72] seed=102 seat=1 me= 140857.0 opp=  64408.0 margin=  +76449.0 WIN  statuses=['DONE', 'DONE'] anoms=- [4.2s]
  [hybrid_all_on vs v72] seed=201 seat=0 me= 169234.0 opp=  92206.0 margin=  +77028.0 WIN  statuses=['DONE', 'DONE'] anoms=- [4.4s]
  [hybrid_all_on vs v72] seed=201 seat=1 me= 174805.0 opp=  89126.0 margin=  +85679.0 WIN  statuses=['DONE', 'DONE'] anoms=- [4.5s]
  [hybrid_all_on vs v72] seed=202 seat=0 me= 151453.0 opp=  60328.0 margin=  +91125.0 WIN  statuses=['DONE', 'DONE'] anoms=- [4.4s]
  [hybrid_all_on vs v72] seed=202 seat=1 me= 151453.0 opp=  60328.0 margin=  +91125.0 WIN  statuses=['DONE', 'DONE'] anoms=- [4.2s]
-- hybrid vs pool_bot:scale_ranch（seeds=(101, 102, 201, 202), 双席）--
  [hybrid_all_on vs pool_bot:scale_ranch] seed=101 seat=0 me= 162667.0 opp=  39703.0 margin= +122964.0 WIN  statuses=['DONE', 'DONE'] anoms=- [3.7s]
  [hybrid_all_on vs pool_bot:scale_ranch] seed=101 seat=1 me= 162667.0 opp=  39693.0 margin= +122974.0 WIN  statuses=['DONE', 'DONE'] anoms=- [3.6s]
  [hybrid_all_on vs pool_bot:scale_ranch] seed=102 seat=0 me=  98333.0 opp=  24535.0 margin=  +73798.0 WIN  statuses=['DONE', 'DONE'] anoms=- [3.7s]
  [hybrid_all_on vs pool_bot:scale_ranch] seed=102 seat=1 me=  98333.0 opp=  24535.0 margin=  +73798.0 WIN  statuses=['DONE', 'DONE'] anoms=- [3.7s]
  [hybrid_all_on vs pool_bot:scale_ranch] seed=201 seat=0 me= 144634.0 opp=  16127.0 margin= +128507.0 WIN  statuses=['DONE', 'DONE'] anoms=- [3.6s]
  [hybrid_all_on vs pool_bot:scale_ranch] seed=201 seat=1 me= 150870.0 opp=  30897.0 margin= +119973.0 WIN  statuses=['DONE', 'DONE'] anoms=- [3.7s]
  [hybrid_all_on vs pool_bot:scale_ranch] seed=202 seat=0 me= 172024.0 opp=  36934.0 margin= +135090.0 WIN  statuses=['DONE', 'DONE'] anoms=- [3.6s]
  [hybrid_all_on vs pool_bot:scale_ranch] seed=202 seat=1 me= 172024.0 opp=  36934.0 margin= +135090.0 WIN  statuses=['DONE', 'DONE'] anoms=- [3.6s]
-- hybrid vs pool_bot:wheat_straw_monster（seeds=(101, 102, 201, 202), 双席）--
  [hybrid_all_on vs pool_bot:wheat_straw_monster] seed=101 seat=0 me= 132702.0 opp=  36044.0 margin=  +96658.0 WIN  statuses=['DONE', 'DONE'] anoms=- [3.6s]
  [hybrid_all_on vs pool_bot:wheat_straw_monster] seed=101 seat=1 me= 132702.0 opp=  36044.0 margin=  +96658.0 WIN  statuses=['DONE', 'DONE'] anoms=- [3.7s]
  [hybrid_all_on vs pool_bot:wheat_straw_monster] seed=102 seat=0 me= 120381.0 opp=  20889.0 margin=  +99492.0 WIN  statuses=['DONE', 'DONE'] anoms=- [3.8s]
  [hybrid_all_on vs pool_bot:wheat_straw_monster] seed=102 seat=1 me= 120381.0 opp=  20889.0 margin=  +99492.0 WIN  statuses=['DONE', 'DONE'] anoms=- [3.8s]
  [hybrid_all_on vs pool_bot:wheat_straw_monster] seed=201 seat=0 me= 155441.0 opp=  55379.0 margin= +100062.0 WIN  statuses=['DONE', 'DONE'] anoms=- [3.9s]
  [hybrid_all_on vs pool_bot:wheat_straw_monster] seed=201 seat=1 me= 141262.0 opp=  60175.0 margin=  +81087.0 WIN  statuses=['DONE', 'DONE'] anoms=- [3.7s]
  [hybrid_all_on vs pool_bot:wheat_straw_monster] seed=202 seat=0 me= 161483.0 opp=  62165.0 margin=  +99318.0 WIN  statuses=['DONE', 'DONE'] anoms=- [3.7s]
  [hybrid_all_on vs pool_bot:wheat_straw_monster] seed=202 seat=1 me= 161483.0 opp=  62165.0 margin=  +99318.0 WIN  statuses=['DONE', 'DONE'] anoms=- [3.7s]
-- 异常基线：纯 v48 自打（同种子域 8 局）--
  [v48 x v48] seed=101 rewards=[92750.0, 92750.0] statuses=['DONE', 'DONE'] anoms=-
  [v48 x v48] seed=102 rewards=[86550.0, 86550.0] statuses=['DONE', 'DONE'] anoms=-
  [v48 x v48] seed=103 rewards=[89934.0, 90202.0] statuses=['DONE', 'DONE'] anoms=-
  [v48 x v48] seed=104 rewards=[95464.0, 87761.0] statuses=['DONE', 'DONE'] anoms=-
  [v48 x v48] seed=201 rewards=[86107.0, 85824.0] statuses=['DONE', 'DONE'] anoms=-
  [v48 x v48] seed=202 rewards=[126855.0, 126855.0] statuses=['DONE', 'DONE'] anoms=-
  [v48 x v48] seed=203 rewards=[128639.0, 128639.0] statuses=['DONE', 'DONE'] anoms=-
  [v48 x v48] seed=204 rewards=[81466.0, 81429.0] statuses=['DONE', 'DONE'] anoms=-
h2h_gate passed = False (vs v48: W1-L15-T0 互胜=0.0625) -> /mnt/data/Code/autoC/workspace/kaggriculture/software/kaggle_simulations/v48_hybrid/gates/out/h2h_gate.json
== run_panel_gate（d0 全季反事实资金面板，seated 通道）==
-- 合成语料生成（双席纯 v48 驱动，seeds=(11, 22, 33, 47, 58, 69)）--
  [corpus] seed=11 finals=[50022.0, 50022.0] transitions=719 [1.2s]
  [corpus] seed=22 finals=[113663.0, 113663.0] transitions=719 [1.0s]
  [corpus] seed=33 finals=[41431.0, 41431.0] transitions=719 [1.0s]
  [corpus] seed=47 finals=[41649.0, 35257.0] transitions=719 [0.9s]
  [corpus] seed=58 finals=[121226.0, 121226.0] transitions=719 [0.9s]
  [corpus] seed=69 finals=[76296.0, 73010.0] transitions=719 [1.0s]
  [inject seed=11 me_seat=0] v48=   50022.0 hybrid=   49714.0 ratio=0.9938 self_consistent=True
  [inject seed=11 me_seat=1] v48=   50022.0 hybrid=   49714.0 ratio=0.9938 self_consistent=True
  [inject seed=22 me_seat=0] v48=  113663.0 hybrid=  113745.0 ratio=1.0007 self_consistent=True
  [inject seed=22 me_seat=1] v48=  113663.0 hybrid=  113745.0 ratio=1.0007 self_consistent=True
  [inject seed=33 me_seat=0] v48=   41431.0 hybrid=   41444.0 ratio=1.0003 self_consistent=True
  [inject seed=33 me_seat=1] v48=   41431.0 hybrid=   41444.0 ratio=1.0003 self_consistent=True
  [inject seed=47 me_seat=0] v48=   41649.0 hybrid=   41643.0 ratio=0.9999 self_consistent=True
  [inject seed=47 me_seat=1] v48=   35257.0 hybrid=   35317.0 ratio=1.0017 self_consistent=True
  [inject seed=58 me_seat=0] v48=  121226.0 hybrid=  121019.0 ratio=0.9983 self_consistent=True
  [inject seed=58 me_seat=1] v48=  121226.0 hybrid=  121019.0 ratio=0.9983 self_consistent=True
  [inject seed=69 me_seat=0] v48=   76296.0 hybrid=   76067.0 ratio=0.9970 self_consistent=True
  [inject seed=69 me_seat=1] v48=   73010.0 hybrid=   72619.0 ratio=0.9946 self_consistent=True
panel_gate passed = True (global_ratio=0.9984, per_game_ratios={'11': 0.993843, '22': 1.000721, '33': 1.000314, '47': 1.000702, '58': 0.998292, '69': 0.995847}) -> /mnt/data/Code/autoC/workspace/kaggriculture/software/kaggle_simulations/v48_hybrid/gates/out/panel_gate.json
== verify_patch_safety（实局证明）==
-- 构建旗关变体（build.py，仅落 tmp/）--
  p000: b370bc457977… 110076B (sha_verified=True)
  p100: 9826ec623286… 126837B (sha_verified=True)
-- ① 中性注入：p000（三补丁零接线）vs 纯基底，seeds=[11, 22, 33, 47] --
  [real seed=11] streams_equal=True rewards_equal=True rewards=[50022.0, 50022.0] done=True [7.0s]
  [twin seed=11] streams_equal=True finals_equal=True finals=[50022.0, 50022.0]
  [real seed=22] streams_equal=True rewards_equal=True rewards=[113663.0, 113663.0] done=True [6.9s]
  [twin seed=22] streams_equal=True finals_equal=True finals=[113663.0, 113663.0]
  [real seed=33] streams_equal=True rewards_equal=True rewards=[41431.0, 41431.0] done=True [6.8s]
  [twin seed=33] streams_equal=True finals_equal=True finals=[41431.0, 41431.0]
  [real seed=47] streams_equal=True rewards_equal=True rewards=[41649.0, 35257.0] done=True [6.8s]
  [twin seed=47] streams_equal=True finals_equal=True finals=[41649.0, 35257.0]
-- ② P2/P3 零影响：全开 vs p100，seeds=[11, 22, 33, 47] --
  [real seed=11] streams_equal=True rewards=[50193.0, 50193.0] vs [50193.0, 50193.0] done=True [6.7s]
  [twin seed=11] streams_equal=True finals=[50193.0, 50193.0] vs [50193.0, 50193.0]
  [telemetry seed=11] p2_vetoes=0 p3_adjusts=0 p3_armed_deferred=4
  [classify seed=11] equivalent_zero_trigger
  [real seed=22] streams_equal=True rewards=[114294.0, 114294.0] vs [114294.0, 114294.0] done=True [7.3s]
  [twin seed=22] streams_equal=True finals=[114294.0, 114294.0] vs [114294.0, 114294.0]
  [telemetry seed=22] p2_vetoes=0 p3_adjusts=0 p3_armed_deferred=4
  [classify seed=22] equivalent_zero_trigger
  [real seed=33] streams_equal=True rewards=[41655.0, 41655.0] vs [41655.0, 41655.0] done=True [6.9s]
  [twin seed=33] streams_equal=True finals=[41655.0, 41655.0] vs [41655.0, 41655.0]
  [telemetry seed=33] p2_vetoes=0 p3_adjusts=0 p3_armed_deferred=4
  [classify seed=33] equivalent_zero_trigger
  [real seed=47] streams_equal=True rewards=[41635.0, 36108.0] vs [41635.0, 36108.0] done=True [7.0s]
  [twin seed=47] streams_equal=True finals=[41635.0, 36108.0] vs [41635.0, 36108.0]
  [telemetry seed=47] p2_vetoes=0 p3_adjusts=0 p3_armed_deferred=9
  [classify seed=47] equivalent_zero_trigger
-- P1 归因诊断：p100 vs 纯基底，seeds=[11, 22, 33, 47] --
  [twin seed=11] streams_equal=False differing_steps=28 first_diff=318
  [real seed=11] streams_equal=False differing_steps=28 rewards=[50193.0, 50193.0] vs [50022.0, 50022.0]
  [twin seed=22] streams_equal=False differing_steps=34 first_diff=318
  [real seed=22] streams_equal=False differing_steps=36 rewards=[114294.0, 114294.0] vs [113663.0, 113663.0]
  [twin seed=33] streams_equal=False differing_steps=38 first_diff=318
  [real seed=33] streams_equal=False differing_steps=38 rewards=[41655.0, 41655.0] vs [41431.0, 41431.0]
  [twin seed=47] streams_equal=False differing_steps=30 first_diff=318
  [real seed=47] streams_equal=False differing_steps=30 rewards=[41635.0, 36108.0] vs [41649.0, 35257.0]
patch_safety passed = True (neutral=True, p23_zero_impact=True) -> /mnt/data/Code/autoC/workspace/kaggriculture/software/kaggle_simulations/v48_hybrid/gates/out/patch_safety.json

==========================================================================
v48_hybrid F3 门禁汇总（判据：互胜≥0.65 / ratio≥0.98 / 零新异常 / 安全证明）
==========================================================================
  [FAIL] h2h：W1-L15-T0 / 16 局，互胜=0.0625（判据≥0.65）
  [PASS] panel：全局 ratio=0.9984，逐局={'11': 0.993843, '22': 1.000721, '33': 1.000314, '47': 1.000702, '58': 0.998292, '69': 0.995847}（判据≥0.98，语料=合成 6 局）
  [PASS] zero_new_anomalies：基线自打 kinds=[]，混合局 kinds=[]，新增=[]，全 DONE=True
  [PASS] patch_safety：中性注入 p000≡基底 streams_equal=True（4 种子）；P2/P3 全开≡p100 意外分叉=0/4 种子，有效触发 p2=0 p3=0
  [PASS] launch_fourgate：tmp/probes/v48_hybrid_smoke.json（F2 批次，引用不重跑）
--------------------------------------------------------------------------
  总体 FAIL（FAIL 门：h2h）
  P1 归因（诊断）：{"11": {"p100": [50193.0, 50193.0], "base": [50022.0, 50022.0]}, "22": {"p100": [114294.0, 114294.0], "base": [113663.0, 113663.0]}, "33": {"p100": [41655.0, 41655.0], "base": [41431.0, 41431.0]}, "47": {"p100": [41635.0, 36108.0], "base": [41649.0, 35257.0]}}
==========================================================================
report -> /mnt/data/Code/autoC/workspace/kaggriculture/software/kaggle_simulations/v48_hybrid/gates/gates_report.json
manifest gate_results 回填 -> /mnt/data/Code/autoC/workspace/kaggriculture/software/kaggle_simulations/v48_hybrid/build_manifest.json (status=FAIL)
