HP_TELEMETRY {'extension_signals': 80, 'rejected_signals': 60}
HP_TELEMETRY {'extension_signals': 47, 'rejected_signals': 82}
HP_TELEMETRY {'extension_signals': 80, 'rejected_signals': 60}
HP_TELEMETRY {'extension_signals': 47, 'rejected_signals': 82}
smoke {'row1': {'margin': -30507.0, 'error': None}, 'row2': {'margin': -30507.0, 'error': None}, 'deterministic_ok': True}
HP_TELEMETRY {'extension_signals': 61, 'rejected_signals': 54}
HP_TELEMETRY {'extension_signals': 61, 'rejected_signals': 56}
HP_TELEMETRY {'extension_signals': 74, 'rejected_signals': 66}
HP_TELEMETRY {'extension_signals': 74, 'rejected_signals': 66}
HP_TELEMETRY {'extension_signals': 73, 'rejected_signals': 51}
HP_TELEMETRY {'extension_signals': 73, 'rejected_signals': 53}
Loading environment open_spiel_env failed: No module named 'pyspiel'
Loading environment cabt failed: /home/renyxin/.local/lib/python3.14/site-packages/kaggle_environments/envs/cabt/cg/libcg.so: cannot open shared object file: No such file or directory
HP_TELEMETRY {'extension_signals': 55, 'rejected_signals': 42}
HP_TELEMETRY {'extension_signals': 55, 'rejected_signals': 42}
HP_TELEMETRY {'extension_signals': 90, 'rejected_signals': 35}
HP_TELEMETRY {'extension_signals': 90, 'rejected_signals': 35}
HP_TELEMETRY {'extension_signals': 73, 'rejected_signals': 35}
HP_TELEMETRY {'extension_signals': 73, 'rejected_signals': 35}
HP_TELEMETRY {'extension_signals': 61, 'rejected_signals': 56}
HP_TELEMETRY {'extension_signals': 61, 'rejected_signals': 54}
HP_TELEMETRY {'extension_signals': 74, 'rejected_signals': 66}
HP_TELEMETRY {'extension_signals': 74, 'rejected_signals': 66}
HP_TELEMETRY {'extension_signals': 73, 'rejected_signals': 53}
HP_TELEMETRY {'extension_signals': 73, 'rejected_signals': 51}
Loading environment open_spiel_env failed: No module named 'pyspiel'
Loading environment cabt failed: /home/renyxin/.local/lib/python3.14/site-packages/kaggle_environments/envs/cabt/cg/libcg.so: cannot open shared object file: No such file or directory
HP_TELEMETRY {'extension_signals': 55, 'rejected_signals': 42}
HP_TELEMETRY {'extension_signals': 55, 'rejected_signals': 42}
HP_TELEMETRY {'extension_signals': 90, 'rejected_signals': 35}
HP_TELEMETRY {'extension_signals': 90, 'rejected_signals': 35}
HP_TELEMETRY {'extension_signals': 73, 'rejected_signals': 35}
HP_TELEMETRY {'extension_signals': 73, 'rejected_signals': 35}
HP_TELEMETRY {'extension_signals': 71, 'rejected_signals': 50}
HP_TELEMETRY {'extension_signals': 71, 'rejected_signals': 50}
HP_TELEMETRY {'extension_signals': 96, 'rejected_signals': 21}
HP_TELEMETRY {'extension_signals': 98, 'rejected_signals': 19}
HP_TELEMETRY {'extension_signals': 94, 'rejected_signals': 28}
HP_TELEMETRY {'extension_signals': 94, 'rejected_signals': 28}
Loading environment open_spiel_env failed: No module named 'pyspiel'
Loading environment cabt failed: /home/renyxin/.local/lib/python3.14/site-packages/kaggle_environments/envs/cabt/cg/libcg.so: cannot open shared object file: No such file or directory
HP_TELEMETRY {'extension_signals': 63, 'rejected_signals': 54}
HP_TELEMETRY {'extension_signals': 63, 'rejected_signals': 54}
HP_TELEMETRY {'extension_signals': 79, 'rejected_signals': 38}
HP_TELEMETRY {'extension_signals': 79, 'rejected_signals': 37}
HP_TELEMETRY {'extension_signals': 75, 'rejected_signals': 45}
HP_TELEMETRY {'extension_signals': 75, 'rejected_signals': 45}
HP_TELEMETRY {'extension_signals': 71, 'rejected_signals': 50}
HP_TELEMETRY {'extension_signals': 71, 'rejected_signals': 50}
HP_TELEMETRY {'extension_signals': 98, 'rejected_signals': 19}
HP_TELEMETRY {'extension_signals': 96, 'rejected_signals': 21}
HP_TELEMETRY {'extension_signals': 94, 'rejected_signals': 28}
HP_TELEMETRY {'extension_signals': 94, 'rejected_signals': 28}
Loading environment open_spiel_env failed: No module named 'pyspiel'
Loading environment cabt failed: /home/renyxin/.local/lib/python3.14/site-packages/kaggle_environments/envs/cabt/cg/libcg.so: cannot open shared object file: No such file or directory
HP_TELEMETRY {'extension_signals': 63, 'rejected_signals': 54}
HP_TELEMETRY {'extension_signals': 63, 'rejected_signals': 54}
HP_TELEMETRY {'extension_signals': 79, 'rejected_signals': 37}
HP_TELEMETRY {'extension_signals': 79, 'rejected_signals': 38}
HP_TELEMETRY {'extension_signals': 75, 'rejected_signals': 45}
HP_TELEMETRY {'extension_signals': 75, 'rejected_signals': 45}
body lq done
HP_TELEMETRY {'extension_signals': 70, 'rejected_signals': 63}
HP_TELEMETRY {'extension_signals': 74, 'rejected_signals': 56}
HP_TELEMETRY {'extension_signals': 96, 'rejected_signals': 21}
HP_TELEMETRY {'extension_signals': 96, 'rejected_signals': 21}
Loading environment open_spiel_env failed: No module named 'pyspiel'
Loading environment cabt failed: /home/renyxin/.local/lib/python3.14/site-packages/kaggle_environments/envs/cabt/cg/libcg.so: cannot open shared object file: No such file or directory
HP_TELEMETRY {'extension_signals': 73, 'rejected_signals': 50}
HP_TELEMETRY {'extension_signals': 70, 'rejected_signals': 58}
HP_TELEMETRY {'extension_signals': 62, 'rejected_signals': 68}
HP_TELEMETRY {'extension_signals': 59, 'rejected_signals': 68}
HP_TELEMETRY {'extension_signals': 74, 'rejected_signals': 56}
HP_TELEMETRY {'extension_signals': 70, 'rejected_signals': 63}
HP_TELEMETRY {'extension_signals': 96, 'rejected_signals': 21}
HP_TELEMETRY {'extension_signals': 96, 'rejected_signals': 21}
Loading environment open_spiel_env failed: No module named 'pyspiel'
Loading environment cabt failed: /home/renyxin/.local/lib/python3.14/site-packages/kaggle_environments/envs/cabt/cg/libcg.so: cannot open shared object file: No such file or directory
HP_TELEMETRY {'extension_signals': 70, 'rejected_signals': 58}
HP_TELEMETRY {'extension_signals': 73, 'rejected_signals': 50}
HP_TELEMETRY {'extension_signals': 59, 'rejected_signals': 68}
HP_TELEMETRY {'extension_signals': 62, 'rejected_signals': 68}
HP_TELEMETRY {'extension_signals': 68, 'rejected_signals': 52}
HP_TELEMETRY {'extension_signals': 74, 'rejected_signals': 58}
HP_TELEMETRY {'extension_signals': 64, 'rejected_signals': 28}
HP_TELEMETRY {'extension_signals': 64, 'rejected_signals': 28}
Loading environment open_spiel_env failed: No module named 'pyspiel'
Loading environment cabt failed: /home/renyxin/.local/lib/python3.14/site-packages/kaggle_environments/envs/cabt/cg/libcg.so: cannot open shared object file: No such file or directory
HP_TELEMETRY {'extension_signals': 84, 'rejected_signals': 38}
HP_TELEMETRY {'extension_signals': 84, 'rejected_signals': 38}
HP_TELEMETRY {'extension_signals': 42, 'rejected_signals': 83}
HP_TELEMETRY {'extension_signals': 42, 'rejected_signals': 83}
HP_TELEMETRY {'extension_signals': 74, 'rejected_signals': 58}
HP_TELEMETRY {'extension_signals': 68, 'rejected_signals': 52}
HP_TELEMETRY {'extension_signals': 64, 'rejected_signals': 28}
HP_TELEMETRY {'extension_signals': 64, 'rejected_signals': 28}
Loading environment open_spiel_env failed: No module named 'pyspiel'
Loading environment cabt failed: /home/renyxin/.local/lib/python3.14/site-packages/kaggle_environments/envs/cabt/cg/libcg.so: cannot open shared object file: No such file or directory
HP_TELEMETRY {'extension_signals': 84, 'rejected_signals': 38}
HP_TELEMETRY {'extension_signals': 84, 'rejected_signals': 38}
HP_TELEMETRY {'extension_signals': 42, 'rejected_signals': 83}
HP_TELEMETRY {'extension_signals': 42, 'rejected_signals': 83}
body steady done
HP_TELEMETRY {'extension_signals': 74, 'rejected_signals': 56}
HP_TELEMETRY {'extension_signals': 70, 'rejected_signals': 63}
HP_TELEMETRY {'extension_signals': 96, 'rejected_signals': 21}
HP_TELEMETRY {'extension_signals': 96, 'rejected_signals': 21}
HP_TELEMETRY {'extension_signals': 89, 'rejected_signals': 32}
HP_TELEMETRY {'extension_signals': 79, 'rejected_signals': 40}
HP_TELEMETRY {'extension_signals': 73, 'rejected_signals': 47}
HP_TELEMETRY {'extension_signals': 69, 'rejected_signals': 59}
HP_TELEMETRY {'extension_signals': 62, 'rejected_signals': 68}
HP_TELEMETRY {'extension_signals': 59, 'rejected_signals': 68}
HP_TELEMETRY {'extension_signals': 82, 'rejected_signals': 13}
HP_TELEMETRY {'extension_signals': 82, 'rejected_signals': 13}
HP_TELEMETRY {'extension_signals': 70, 'rejected_signals': 63}
HP_TELEMETRY {'extension_signals': 74, 'rejected_signals': 56}
HP_TELEMETRY {'extension_signals': 96, 'rejected_signals': 21}
HP_TELEMETRY {'extension_signals': 96, 'rejected_signals': 21}
HP_TELEMETRY {'extension_signals': 79, 'rejected_signals': 40}
HP_TELEMETRY {'extension_signals': 89, 'rejected_signals': 32}
HP_TELEMETRY {'extension_signals': 69, 'rejected_signals': 59}
HP_TELEMETRY {'extension_signals': 73, 'rejected_signals': 47}
HP_TELEMETRY {'extension_signals': 59, 'rejected_signals': 68}
HP_TELEMETRY {'extension_signals': 62, 'rejected_signals': 68}
HP_TELEMETRY {'extension_signals': 82, 'rejected_signals': 13}
HP_TELEMETRY {'extension_signals': 82, 'rejected_signals': 13}
HP_TELEMETRY {'extension_signals': 74, 'rejected_signals': 58}
HP_TELEMETRY {'extension_signals': 68, 'rejected_signals': 52}
HP_TELEMETRY {'extension_signals': 64, 'rejected_signals': 28}
HP_TELEMETRY {'extension_signals': 64, 'rejected_signals': 28}
HP_TELEMETRY {'extension_signals': 102, 'rejected_signals': 16}
HP_TELEMETRY {'extension_signals': 102, 'rejected_signals': 16}
HP_TELEMETRY {'extension_signals': 84, 'rejected_signals': 38}
HP_TELEMETRY {'extension_signals': 84, 'rejected_signals': 38}
HP_TELEMETRY {'extension_signals': 42, 'rejected_signals': 83}
HP_TELEMETRY {'extension_signals': 42, 'rejected_signals': 83}
HP_TELEMETRY {'extension_signals': 92, 'rejected_signals': 34}
HP_TELEMETRY {'extension_signals': 87, 'rejected_signals': 38}
HP_TELEMETRY {'extension_signals': 68, 'rejected_signals': 52}
HP_TELEMETRY {'extension_signals': 74, 'rejected_signals': 58}
HP_TELEMETRY {'extension_signals': 64, 'rejected_signals': 28}
HP_TELEMETRY {'extension_signals': 64, 'rejected_signals': 28}
HP_TELEMETRY {'extension_signals': 102, 'rejected_signals': 16}
HP_TELEMETRY {'extension_signals': 102, 'rejected_signals': 16}
HP_TELEMETRY {'extension_signals': 84, 'rejected_signals': 38}
HP_TELEMETRY {'extension_signals': 84, 'rejected_signals': 38}
HP_TELEMETRY {'extension_signals': 42, 'rejected_signals': 83}
HP_TELEMETRY {'extension_signals': 42, 'rejected_signals': 83}
HP_TELEMETRY {'extension_signals': 87, 'rejected_signals': 38}
HP_TELEMETRY {'extension_signals': 92, 'rejected_signals': 34}
body panel done
HP_TELEMETRY {'extension_signals': 61, 'rejected_signals': 56}
HP_TELEMETRY {'extension_signals': 61, 'rejected_signals': 54}
HP_TELEMETRY {'extension_signals': 74, 'rejected_signals': 66}
HP_TELEMETRY {'extension_signals': 74, 'rejected_signals': 66}
HP_TELEMETRY {'extension_signals': 73, 'rejected_signals': 53}
HP_TELEMETRY {'extension_signals': 73, 'rejected_signals': 51}
Loading environment open_spiel_env failed: No module named 'pyspiel'
Loading environment cabt failed: /home/renyxin/.local/lib/python3.14/site-packages/kaggle_environments/envs/cabt/cg/libcg.so: cannot open shared object file: No such file or directory
HP_TELEMETRY {'extension_signals': 55, 'rejected_signals': 42}
HP_TELEMETRY {'extension_signals': 55, 'rejected_signals': 42}
HP_TELEMETRY {'extension_signals': 90, 'rejected_signals': 35}
HP_TELEMETRY {'extension_signals': 90, 'rejected_signals': 35}
HP_TELEMETRY {'extension_signals': 73, 'rejected_signals': 35}
HP_TELEMETRY {'extension_signals': 73, 'rejected_signals': 35}
HP_TELEMETRY {'extension_signals': 61, 'rejected_signals': 54}
HP_TELEMETRY {'extension_signals': 61, 'rejected_signals': 56}
HP_TELEMETRY {'extension_signals': 74, 'rejected_signals': 66}
HP_TELEMETRY {'extension_signals': 74, 'rejected_signals': 66}
HP_TELEMETRY {'extension_signals': 73, 'rejected_signals': 51}
HP_TELEMETRY {'extension_signals': 73, 'rejected_signals': 53}
Loading environment open_spiel_env failed: No module named 'pyspiel'
Loading environment cabt failed: /home/renyxin/.local/lib/python3.14/site-packages/kaggle_environments/envs/cabt/cg/libcg.so: cannot open shared object file: No such file or directory
HP_TELEMETRY {'extension_signals': 55, 'rejected_signals': 42}
HP_TELEMETRY {'extension_signals': 55, 'rejected_signals': 42}
HP_TELEMETRY {'extension_signals': 90, 'rejected_signals': 35}
HP_TELEMETRY {'extension_signals': 90, 'rejected_signals': 35}
HP_TELEMETRY {'extension_signals': 73, 'rejected_signals': 35}
HP_TELEMETRY {'extension_signals': 73, 'rejected_signals': 35}
HP_TELEMETRY {'extension_signals': 71, 'rejected_signals': 50}
HP_TELEMETRY {'extension_signals': 71, 'rejected_signals': 50}
HP_TELEMETRY {'extension_signals': 96, 'rejected_signals': 21}
HP_TELEMETRY {'extension_signals': 98, 'rejected_signals': 19}
HP_TELEMETRY {'extension_signals': 94, 'rejected_signals': 28}
HP_TELEMETRY {'extension_signals': 94, 'rejected_signals': 28}
Loading environment open_spiel_env failed: No module named 'pyspiel'
Loading environment cabt failed: /home/renyxin/.local/lib/python3.14/site-packages/kaggle_environments/envs/cabt/cg/libcg.so: cannot open shared object file: No such file or directory
HP_TELEMETRY {'extension_signals': 63, 'rejected_signals': 54}
HP_TELEMETRY {'extension_signals': 63, 'rejected_signals': 54}
HP_TELEMETRY {'extension_signals': 79, 'rejected_signals': 37}
HP_TELEMETRY {'extension_signals': 79, 'rejected_signals': 38}
HP_TELEMETRY {'extension_signals': 75, 'rejected_signals': 45}
HP_TELEMETRY {'extension_signals': 75, 'rejected_signals': 45}
HP_TELEMETRY {'extension_signals': 71, 'rejected_signals': 50}
HP_TELEMETRY {'extension_signals': 71, 'rejected_signals': 50}
HP_TELEMETRY {'extension_signals': 98, 'rejected_signals': 19}
HP_TELEMETRY {'extension_signals': 96, 'rejected_signals': 21}
HP_TELEMETRY {'extension_signals': 94, 'rejected_signals': 28}
HP_TELEMETRY {'extension_signals': 94, 'rejected_signals': 28}
Loading environment open_spiel_env failed: No module named 'pyspiel'
Loading environment cabt failed: /home/renyxin/.local/lib/python3.14/site-packages/kaggle_environments/envs/cabt/cg/libcg.so: cannot open shared object file: No such file or directory
HP_TELEMETRY {'extension_signals': 63, 'rejected_signals': 54}
HP_TELEMETRY {'extension_signals': 63, 'rejected_signals': 54}
HP_TELEMETRY {'extension_signals': 79, 'rejected_signals': 38}
HP_TELEMETRY {'extension_signals': 79, 'rejected_signals': 37}
HP_TELEMETRY {'extension_signals': 75, 'rejected_signals': 45}
HP_TELEMETRY {'extension_signals': 75, 'rejected_signals': 45}
a lq paired 14.17
HP_TELEMETRY {'extension_signals': 70, 'rejected_signals': 63}
HP_TELEMETRY {'extension_signals': 74, 'rejected_signals': 56}
HP_TELEMETRY {'extension_signals': 96, 'rejected_signals': 21}
HP_TELEMETRY {'extension_signals': 96, 'rejected_signals': 21}
HP_TELEMETRY {'extension_signals': 79, 'rejected_signals': 40}
HP_TELEMETRY {'extension_signals': 89, 'rejected_signals': 32}
HP_TELEMETRY {'extension_signals': 69, 'rejected_signals': 59}
HP_TELEMETRY {'extension_signals': 73, 'rejected_signals': 47}
HP_TELEMETRY {'extension_signals': 59, 'rejected_signals': 68}
HP_TELEMETRY {'extension_signals': 62, 'rejected_signals': 68}
HP_TELEMETRY {'extension_signals': 82, 'rejected_signals': 13}
HP_TELEMETRY {'extension_signals': 82, 'rejected_signals': 13}
HP_TELEMETRY {'extension_signals': 74, 'rejected_signals': 56}
HP_TELEMETRY {'extension_signals': 70, 'rejected_signals': 63}
HP_TELEMETRY {'extension_signals': 96, 'rejected_signals': 21}
HP_TELEMETRY {'extension_signals': 96, 'rejected_signals': 21}
HP_TELEMETRY {'extension_signals': 89, 'rejected_signals': 32}
HP_TELEMETRY {'extension_signals': 79, 'rejected_signals': 40}
HP_TELEMETRY {'extension_signals': 73, 'rejected_signals': 47}
HP_TELEMETRY {'extension_signals': 69, 'rejected_signals': 59}
HP_TELEMETRY {'extension_signals': 62, 'rejected_signals': 68}
HP_TELEMETRY {'extension_signals': 59, 'rejected_signals': 68}
HP_TELEMETRY {'extension_signals': 82, 'rejected_signals': 13}
HP_TELEMETRY {'extension_signals': 82, 'rejected_signals': 13}
HP_TELEMETRY {'extension_signals': 68, 'rejected_signals': 52}
HP_TELEMETRY {'extension_signals': 74, 'rejected_signals': 58}
HP_TELEMETRY {'extension_signals': 64, 'rejected_signals': 28}
HP_TELEMETRY {'extension_signals': 64, 'rejected_signals': 28}
HP_TELEMETRY {'extension_signals': 102, 'rejected_signals': 16}
HP_TELEMETRY {'extension_signals': 102, 'rejected_signals': 16}
HP_TELEMETRY {'extension_signals': 84, 'rejected_signals': 38}
HP_TELEMETRY {'extension_signals': 84, 'rejected_signals': 38}
HP_TELEMETRY {'extension_signals': 42, 'rejected_signals': 83}
HP_TELEMETRY {'extension_signals': 42, 'rejected_signals': 83}
HP_TELEMETRY {'extension_signals': 92, 'rejected_signals': 34}
HP_TELEMETRY {'extension_signals': 87, 'rejected_signals': 38}
HP_TELEMETRY {'extension_signals': 74, 'rejected_signals': 58}
HP_TELEMETRY {'extension_signals': 68, 'rejected_signals': 52}
HP_TELEMETRY {'extension_signals': 64, 'rejected_signals': 28}
HP_TELEMETRY {'extension_signals': 64, 'rejected_signals': 28}
HP_TELEMETRY {'extension_signals': 102, 'rejected_signals': 16}
HP_TELEMETRY {'extension_signals': 102, 'rejected_signals': 16}
HP_TELEMETRY {'extension_signals': 84, 'rejected_signals': 38}
HP_TELEMETRY {'extension_signals': 84, 'rejected_signals': 38}
HP_TELEMETRY {'extension_signals': 42, 'rejected_signals': 83}
HP_TELEMETRY {'extension_signals': 42, 'rejected_signals': 83}
HP_TELEMETRY {'extension_signals': 87, 'rejected_signals': 38}
HP_TELEMETRY {'extension_signals': 92, 'rejected_signals': 34}
a panel oc_c3 0.625
HP_TELEMETRY {'extension_signals': 71, 'rejected_signals': 63}
HP_TELEMETRY {'extension_signals': 95, 'rejected_signals': 13}
HP_TELEMETRY {'extension_signals': 97, 'rejected_signals': 25}
HP_TELEMETRY {'extension_signals': 78, 'rejected_signals': 43}
HP_TELEMETRY {'extension_signals': 64, 'rejected_signals': 60}
HP_TELEMETRY {'extension_signals': 71, 'rejected_signals': 43}
HP_TELEMETRY {'extension_signals': 71, 'rejected_signals': 63}
HP_TELEMETRY {'extension_signals': 95, 'rejected_signals': 13}
HP_TELEMETRY {'extension_signals': 97, 'rejected_signals': 25}
HP_TELEMETRY {'extension_signals': 78, 'rejected_signals': 43}
HP_TELEMETRY {'extension_signals': 64, 'rejected_signals': 60}
HP_TELEMETRY {'extension_signals': 71, 'rejected_signals': 43}
HP_TELEMETRY {'extension_signals': 74, 'rejected_signals': 56}
HP_TELEMETRY {'extension_signals': 62, 'rejected_signals': 69}
HP_TELEMETRY {'extension_signals': 88, 'rejected_signals': 45}
HP_TELEMETRY {'extension_signals': 81, 'rejected_signals': 46}
HP_TELEMETRY {'extension_signals': 36, 'rejected_signals': 82}
HP_TELEMETRY {'extension_signals': 89, 'rejected_signals': 35}
HP_TELEMETRY {'extension_signals': 74, 'rejected_signals': 56}
HP_TELEMETRY {'extension_signals': 62, 'rejected_signals': 69}
HP_TELEMETRY {'extension_signals': 88, 'rejected_signals': 45}
HP_TELEMETRY {'extension_signals': 81, 'rejected_signals': 46}
HP_TELEMETRY {'extension_signals': 36, 'rejected_signals': 82}
HP_TELEMETRY {'extension_signals': 89, 'rejected_signals': 35}
a panel r40 0.7917
HP_TELEMETRY {'extension_signals': 74, 'rejected_signals': 57}
HP_TELEMETRY {'extension_signals': 96, 'rejected_signals': 15}
HP_TELEMETRY {'extension_signals': 89, 'rejected_signals': 36}
HP_TELEMETRY {'extension_signals': 75, 'rejected_signals': 41}
HP_TELEMETRY {'extension_signals': 62, 'rejected_signals': 68}
HP_TELEMETRY {'extension_signals': 72, 'rejected_signals': 19}
HP_TELEMETRY {'extension_signals': 74, 'rejected_signals': 57}
HP_TELEMETRY {'extension_signals': 96, 'rejected_signals': 15}
HP_TELEMETRY {'extension_signals': 89, 'rejected_signals': 36}
HP_TELEMETRY {'extension_signals': 75, 'rejected_signals': 41}
HP_TELEMETRY {'extension_signals': 62, 'rejected_signals': 68}
HP_TELEMETRY {'extension_signals': 72, 'rejected_signals': 19}
HP_TELEMETRY {'extension_signals': 77, 'rejected_signals': 51}
HP_TELEMETRY {'extension_signals': 59, 'rejected_signals': 32}
HP_TELEMETRY {'extension_signals': 106, 'rejected_signals': 22}
HP_TELEMETRY {'extension_signals': 80, 'rejected_signals': 49}
HP_TELEMETRY {'extension_signals': 43, 'rejected_signals': 73}
HP_TELEMETRY {'extension_signals': 89, 'rejected_signals': 31}
HP_TELEMETRY {'extension_signals': 77, 'rejected_signals': 51}
HP_TELEMETRY {'extension_signals': 59, 'rejected_signals': 32}
HP_TELEMETRY {'extension_signals': 106, 'rejected_signals': 22}
HP_TELEMETRY {'extension_signals': 80, 'rejected_signals': 49}
HP_TELEMETRY {'extension_signals': 43, 'rejected_signals': 73}
HP_TELEMETRY {'extension_signals': 89, 'rejected_signals': 31}
a panel A 0.875
HP_TELEMETRY {'extension_signals': 70, 'rejected_signals': 63}
HP_TELEMETRY {'extension_signals': 74, 'rejected_signals': 56}
HP_TELEMETRY {'extension_signals': 96, 'rejected_signals': 21}
HP_TELEMETRY {'extension_signals': 96, 'rejected_signals': 21}
Loading environment open_spiel_env failed: No module named 'pyspiel'
Loading environment cabt failed: /home/renyxin/.local/lib/python3.14/site-packages/kaggle_environments/envs/cabt/cg/libcg.so: cannot open shared object file: No such file or directory
HP_TELEMETRY {'extension_signals': 73, 'rejected_signals': 50}
HP_TELEMETRY {'extension_signals': 70, 'rejected_signals': 58}
HP_TELEMETRY {'extension_signals': 62, 'rejected_signals': 68}
HP_TELEMETRY {'extension_signals': 59, 'rejected_signals': 68}
HP_TELEMETRY {'extension_signals': 74, 'rejected_signals': 56}
HP_TELEMETRY {'extension_signals': 70, 'rejected_signals': 63}
HP_TELEMETRY {'extension_signals': 96, 'rejected_signals': 21}
HP_TELEMETRY {'extension_signals': 96, 'rejected_signals': 21}
Loading environment open_spiel_env failed: No module named 'pyspiel'
Loading environment cabt failed: /home/renyxin/.local/lib/python3.14/site-packages/kaggle_environments/envs/cabt/cg/libcg.so: cannot open shared object file: No such file or directory
HP_TELEMETRY {'extension_signals': 70, 'rejected_signals': 58}
HP_TELEMETRY {'extension_signals': 73, 'rejected_signals': 50}
HP_TELEMETRY {'extension_signals': 59, 'rejected_signals': 68}
HP_TELEMETRY {'extension_signals': 62, 'rejected_signals': 68}
HP_TELEMETRY {'extension_signals': 74, 'rejected_signals': 58}
HP_TELEMETRY {'extension_signals': 68, 'rejected_signals': 52}
HP_TELEMETRY {'extension_signals': 64, 'rejected_signals': 28}
HP_TELEMETRY {'extension_signals': 64, 'rejected_signals': 28}
Loading environment open_spiel_env failed: No module named 'pyspiel'
Loading environment cabt failed: /home/renyxin/.local/lib/python3.14/site-packages/kaggle_environments/envs/cabt/cg/libcg.so: cannot open shared object file: No such file or directory
HP_TELEMETRY {'extension_signals': 84, 'rejected_signals': 38}
HP_TELEMETRY {'extension_signals': 84, 'rejected_signals': 38}
HP_TELEMETRY {'extension_signals': 42, 'rejected_signals': 83}
HP_TELEMETRY {'extension_signals': 42, 'rejected_signals': 83}
HP_TELEMETRY {'extension_signals': 68, 'rejected_signals': 52}
HP_TELEMETRY {'extension_signals': 74, 'rejected_signals': 58}
HP_TELEMETRY {'extension_signals': 64, 'rejected_signals': 28}
HP_TELEMETRY {'extension_signals': 64, 'rejected_signals': 28}
Loading environment open_spiel_env failed: No module named 'pyspiel'
Loading environment cabt failed: /home/renyxin/.local/lib/python3.14/site-packages/kaggle_environments/envs/cabt/cg/libcg.so: cannot open shared object file: No such file or directory
HP_TELEMETRY {'extension_signals': 84, 'rejected_signals': 38}
HP_TELEMETRY {'extension_signals': 84, 'rejected_signals': 38}
HP_TELEMETRY {'extension_signals': 42, 'rejected_signals': 83}
HP_TELEMETRY {'extension_signals': 42, 'rejected_signals': 83}
a steady 0
HP_TELEMETRY {'extension_signals': 67, 'rejected_signals': 50}
HP_TELEMETRY {'extension_signals': 74, 'rejected_signals': 55}
HP_TELEMETRY {'extension_signals': 80, 'rejected_signals': 65}
HP_TELEMETRY {'extension_signals': 80, 'rejected_signals': 65}
HP_TELEMETRY {'extension_signals': 73, 'rejected_signals': 51}
HP_TELEMETRY {'extension_signals': 74, 'rejected_signals': 48}
Loading environment open_spiel_env failed: No module named 'pyspiel'
Loading environment cabt failed: /home/renyxin/.local/lib/python3.14/site-packages/kaggle_environments/envs/cabt/cg/libcg.so: cannot open shared object file: No such file or directory
HP_TELEMETRY {'extension_signals': 55, 'rejected_signals': 42}
HP_TELEMETRY {'extension_signals': 55, 'rejected_signals': 42}
HP_TELEMETRY {'extension_signals': 88, 'rejected_signals': 35}
HP_TELEMETRY {'extension_signals': 90, 'rejected_signals': 45}
HP_TELEMETRY {'extension_signals': 72, 'rejected_signals': 35}
HP_TELEMETRY {'extension_signals': 71, 'rejected_signals': 37}
HP_TELEMETRY {'extension_signals': 74, 'rejected_signals': 55}
HP_TELEMETRY {'extension_signals': 67, 'rejected_signals': 50}
HP_TELEMETRY {'extension_signals': 80, 'rejected_signals': 65}
HP_TELEMETRY {'extension_signals': 80, 'rejected_signals': 65}
HP_TELEMETRY {'extension_signals': 74, 'rejected_signals': 48}
HP_TELEMETRY {'extension_signals': 73, 'rejected_signals': 51}
Loading environment open_spiel_env failed: No module named 'pyspiel'
Loading environment cabt failed: /home/renyxin/.local/lib/python3.14/site-packages/kaggle_environments/envs/cabt/cg/libcg.so: cannot open shared object file: No such file or directory
HP_TELEMETRY {'extension_signals': 55, 'rejected_signals': 42}
HP_TELEMETRY {'extension_signals': 55, 'rejected_signals': 42}
HP_TELEMETRY {'extension_signals': 90, 'rejected_signals': 45}
HP_TELEMETRY {'extension_signals': 88, 'rejected_signals': 35}
HP_TELEMETRY {'extension_signals': 71, 'rejected_signals': 37}
HP_TELEMETRY {'extension_signals': 72, 'rejected_signals': 35}
HP_TELEMETRY {'extension_signals': 69, 'rejected_signals': 51}
HP_TELEMETRY {'extension_signals': 72, 'rejected_signals': 51}
HP_TELEMETRY {'extension_signals': 101, 'rejected_signals': 19}
HP_TELEMETRY {'extension_signals': 104, 'rejected_signals': 20}
HP_TELEMETRY {'extension_signals': 96, 'rejected_signals': 29}
HP_TELEMETRY {'extension_signals': 94, 'rejected_signals': 27}
Loading environment open_spiel_env failed: No module named 'pyspiel'
Loading environment cabt failed: /home/renyxin/.local/lib/python3.14/site-packages/kaggle_environments/envs/cabt/cg/libcg.so: cannot open shared object file: No such file or directory
HP_TELEMETRY {'extension_signals': 63, 'rejected_signals': 56}
HP_TELEMETRY {'extension_signals': 66, 'rejected_signals': 56}
HP_TELEMETRY {'extension_signals': 87, 'rejected_signals': 34}
HP_TELEMETRY {'extension_signals': 87, 'rejected_signals': 34}
HP_TELEMETRY {'extension_signals': 73, 'rejected_signals': 42}
HP_TELEMETRY {'extension_signals': 73, 'rejected_signals': 36}
HP_TELEMETRY {'extension_signals': 72, 'rejected_signals': 51}
HP_TELEMETRY {'extension_signals': 69, 'rejected_signals': 51}
HP_TELEMETRY {'extension_signals': 104, 'rejected_signals': 20}
HP_TELEMETRY {'extension_signals': 101, 'rejected_signals': 19}
HP_TELEMETRY {'extension_signals': 94, 'rejected_signals': 27}
HP_TELEMETRY {'extension_signals': 96, 'rejected_signals': 29}
Loading environment open_spiel_env failed: No module named 'pyspiel'
Loading environment cabt failed: /home/renyxin/.local/lib/python3.14/site-packages/kaggle_environments/envs/cabt/cg/libcg.so: cannot open shared object file: No such file or directory
HP_TELEMETRY {'extension_signals': 66, 'rejected_signals': 56}
HP_TELEMETRY {'extension_signals': 63, 'rejected_signals': 56}
HP_TELEMETRY {'extension_signals': 87, 'rejected_signals': 34}
HP_TELEMETRY {'extension_signals': 87, 'rejected_signals': 34}
HP_TELEMETRY {'extension_signals': 73, 'rejected_signals': 36}
HP_TELEMETRY {'extension_signals': 73, 'rejected_signals': 42}
b lq paired -10298.92
HP_TELEMETRY {'extension_signals': 47, 'rejected_signals': 82}
HP_TELEMETRY {'extension_signals': 80, 'rejected_signals': 60}
HP_TELEMETRY {'extension_signals': 93, 'rejected_signals': 18}
HP_TELEMETRY {'extension_signals': 88, 'rejected_signals': 18}
HP_TELEMETRY {'extension_signals': 73, 'rejected_signals': 53}
HP_TELEMETRY {'extension_signals': 85, 'rejected_signals': 37}
HP_TELEMETRY {'extension_signals': 65, 'rejected_signals': 59}
HP_TELEMETRY {'extension_signals': 76, 'rejected_signals': 47}
HP_TELEMETRY {'extension_signals': 43, 'rejected_signals': 82}
HP_TELEMETRY {'extension_signals': 69, 'rejected_signals': 66}
HP_TELEMETRY {'extension_signals': 79, 'rejected_signals': 16}
HP_TELEMETRY {'extension_signals': 77, 'rejected_signals': 16}
HP_TELEMETRY {'extension_signals': 76, 'rejected_signals': 47}
HP_TELEMETRY {'extension_signals': 65, 'rejected_signals': 59}
HP_TELEMETRY {'extension_signals': 69, 'rejected_signals': 66}
HP_TELEMETRY {'extension_signals': 43, 'rejected_signals': 82}
HP_TELEMETRY {'extension_signals': 77, 'rejected_signals': 16}
HP_TELEMETRY {'extension_signals': 79, 'rejected_signals': 16}
HP_TELEMETRY {'extension_signals': 87, 'rejected_signals': 44}
HP_TELEMETRY {'extension_signals': 88, 'rejected_signals': 44}
HP_TELEMETRY {'extension_signals': 42, 'rejected_signals': 80}
HP_TELEMETRY {'extension_signals': 33, 'rejected_signals': 89}
HP_TELEMETRY {'extension_signals': 92, 'rejected_signals': 31}
HP_TELEMETRY {'extension_signals': 86, 'rejected_signals': 37}
HP_TELEMETRY {'extension_signals': 85, 'rejected_signals': 49}
HP_TELEMETRY {'extension_signals': 54, 'rejected_signals': 75}
HP_TELEMETRY {'extension_signals': 64, 'rejected_signals': 27}
HP_TELEMETRY {'extension_signals': 66, 'rejected_signals': 26}
HP_TELEMETRY {'extension_signals': 100, 'rejected_signals': 16}
HP_TELEMETRY {'extension_signals': 102, 'rejected_signals': 16}
HP_TELEMETRY {'extension_signals': 88, 'rejected_signals': 18}
HP_TELEMETRY {'extension_signals': 93, 'rejected_signals': 18}
HP_TELEMETRY {'extension_signals': 85, 'rejected_signals': 37}
HP_TELEMETRY {'extension_signals': 73, 'rejected_signals': 53}
HP_TELEMETRY {'extension_signals': 54, 'rejected_signals': 75}
HP_TELEMETRY {'extension_signals': 85, 'rejected_signals': 49}
HP_TELEMETRY {'extension_signals': 66, 'rejected_signals': 26}
HP_TELEMETRY {'extension_signals': 64, 'rejected_signals': 27}
HP_TELEMETRY {'extension_signals': 102, 'rejected_signals': 16}
HP_TELEMETRY {'extension_signals': 100, 'rejected_signals': 16}
HP_TELEMETRY {'extension_signals': 88, 'rejected_signals': 44}
HP_TELEMETRY {'extension_signals': 87, 'rejected_signals': 44}
HP_TELEMETRY {'extension_signals': 33, 'rejected_signals': 89}
HP_TELEMETRY {'extension_signals': 42, 'rejected_signals': 80}
HP_TELEMETRY {'extension_signals': 86, 'rejected_signals': 37}
HP_TELEMETRY {'extension_signals': 92, 'rejected_signals': 31}
b panel oc_c3 0.0
HP_TELEMETRY {'extension_signals': 80, 'rejected_signals': 59}
HP_TELEMETRY {'extension_signals': 86, 'rejected_signals': 16}
HP_TELEMETRY {'extension_signals': 96, 'rejected_signals': 26}
HP_TELEMETRY {'extension_signals': 79, 'rejected_signals': 43}
HP_TELEMETRY {'extension_signals': 65, 'rejected_signals': 67}
HP_TELEMETRY {'extension_signals': 73, 'rejected_signals': 43}
HP_TELEMETRY {'extension_signals': 80, 'rejected_signals': 59}
HP_TELEMETRY {'extension_signals': 86, 'rejected_signals': 16}
HP_TELEMETRY {'extension_signals': 96, 'rejected_signals': 26}
HP_TELEMETRY {'extension_signals': 79, 'rejected_signals': 43}
HP_TELEMETRY {'extension_signals': 65, 'rejected_signals': 67}
HP_TELEMETRY {'extension_signals': 73, 'rejected_signals': 43}
HP_TELEMETRY {'extension_signals': 85, 'rejected_signals': 51}
HP_TELEMETRY {'extension_signals': 67, 'rejected_signals': 76}
HP_TELEMETRY {'extension_signals': 102, 'rejected_signals': 36}
HP_TELEMETRY {'extension_signals': 83, 'rejected_signals': 50}
HP_TELEMETRY {'extension_signals': 49, 'rejected_signals': 77}
HP_TELEMETRY {'extension_signals': 93, 'rejected_signals': 37}
HP_TELEMETRY {'extension_signals': 85, 'rejected_signals': 51}
HP_TELEMETRY {'extension_signals': 67, 'rejected_signals': 76}
HP_TELEMETRY {'extension_signals': 102, 'rejected_signals': 36}
HP_TELEMETRY {'extension_signals': 83, 'rejected_signals': 50}
HP_TELEMETRY {'extension_signals': 49, 'rejected_signals': 77}
HP_TELEMETRY {'extension_signals': 93, 'rejected_signals': 37}
b panel r40 0.0
HP_TELEMETRY {'extension_signals': 80, 'rejected_signals': 59}
HP_TELEMETRY {'extension_signals': 97, 'rejected_signals': 17}
HP_TELEMETRY {'extension_signals': 89, 'rejected_signals': 37}
HP_TELEMETRY {'extension_signals': 76, 'rejected_signals': 47}
HP_TELEMETRY {'extension_signals': 70, 'rejected_signals': 63}
HP_TELEMETRY {'extension_signals': 74, 'rejected_signals': 20}
HP_TELEMETRY {'extension_signals': 80, 'rejected_signals': 59}
HP_TELEMETRY {'extension_signals': 97, 'rejected_signals': 17}
HP_TELEMETRY {'extension_signals': 89, 'rejected_signals': 37}
HP_TELEMETRY {'extension_signals': 76, 'rejected_signals': 47}
HP_TELEMETRY {'extension_signals': 70, 'rejected_signals': 63}
HP_TELEMETRY {'extension_signals': 74, 'rejected_signals': 20}
HP_TELEMETRY {'extension_signals': 85, 'rejected_signals': 49}
HP_TELEMETRY {'extension_signals': 74, 'rejected_signals': 35}
HP_TELEMETRY {'extension_signals': 109, 'rejected_signals': 18}
HP_TELEMETRY {'extension_signals': 90, 'rejected_signals': 46}
HP_TELEMETRY {'extension_signals': 41, 'rejected_signals': 77}
HP_TELEMETRY {'extension_signals': 90, 'rejected_signals': 31}
HP_TELEMETRY {'extension_signals': 85, 'rejected_signals': 49}
HP_TELEMETRY {'extension_signals': 74, 'rejected_signals': 35}
HP_TELEMETRY {'extension_signals': 109, 'rejected_signals': 18}
HP_TELEMETRY {'extension_signals': 90, 'rejected_signals': 46}
HP_TELEMETRY {'extension_signals': 41, 'rejected_signals': 77}
HP_TELEMETRY {'extension_signals': 90, 'rejected_signals': 31}
b panel A 0.0
HP_TELEMETRY {'extension_signals': 47, 'rejected_signals': 82}
HP_TELEMETRY {'extension_signals': 80, 'rejected_signals': 60}
HP_TELEMETRY {'extension_signals': 93, 'rejected_signals': 18}
HP_TELEMETRY {'extension_signals': 88, 'rejected_signals': 18}
Loading environment open_spiel_env failed: No module named 'pyspiel'
Loading environment cabt failed: /home/renyxin/.local/lib/python3.14/site-packages/kaggle_environments/envs/cabt/cg/libcg.so: cannot open shared object file: No such file or directory
HP_TELEMETRY {'extension_signals': 66, 'rejected_signals': 58}
HP_TELEMETRY {'extension_signals': 76, 'rejected_signals': 47}
HP_TELEMETRY {'extension_signals': 43, 'rejected_signals': 82}
HP_TELEMETRY {'extension_signals': 69, 'rejected_signals': 66}
HP_TELEMETRY {'extension_signals': 80, 'rejected_signals': 60}
HP_TELEMETRY {'extension_signals': 47, 'rejected_signals': 82}
HP_TELEMETRY {'extension_signals': 88, 'rejected_signals': 18}
HP_TELEMETRY {'extension_signals': 93, 'rejected_signals': 18}
Loading environment open_spiel_env failed: No module named 'pyspiel'
Loading environment cabt failed: /home/renyxin/.local/lib/python3.14/site-packages/kaggle_environments/envs/cabt/cg/libcg.so: cannot open shared object file: No such file or directory
HP_TELEMETRY {'extension_signals': 76, 'rejected_signals': 47}
HP_TELEMETRY {'extension_signals': 66, 'rejected_signals': 58}
HP_TELEMETRY {'extension_signals': 69, 'rejected_signals': 66}
HP_TELEMETRY {'extension_signals': 43, 'rejected_signals': 82}
HP_TELEMETRY {'extension_signals': 85, 'rejected_signals': 49}
HP_TELEMETRY {'extension_signals': 54, 'rejected_signals': 75}
HP_TELEMETRY {'extension_signals': 64, 'rejected_signals': 27}
HP_TELEMETRY {'extension_signals': 66, 'rejected_signals': 26}
Loading environment open_spiel_env failed: No module named 'pyspiel'
Loading environment cabt failed: /home/renyxin/.local/lib/python3.14/site-packages/kaggle_environments/envs/cabt/cg/libcg.so: cannot open shared object file: No such file or directory
HP_TELEMETRY {'extension_signals': 87, 'rejected_signals': 44}
HP_TELEMETRY {'extension_signals': 88, 'rejected_signals': 44}
HP_TELEMETRY {'extension_signals': 42, 'rejected_signals': 80}
HP_TELEMETRY {'extension_signals': 33, 'rejected_signals': 88}
HP_TELEMETRY {'extension_signals': 54, 'rejected_signals': 75}
HP_TELEMETRY {'extension_signals': 85, 'rejected_signals': 49}
HP_TELEMETRY {'extension_signals': 66, 'rejected_signals': 26}
HP_TELEMETRY {'extension_signals': 64, 'rejected_signals': 27}
Loading environment open_spiel_env failed: No module named 'pyspiel'
Loading environment cabt failed: /home/renyxin/.local/lib/python3.14/site-packages/kaggle_environments/envs/cabt/cg/libcg.so: cannot open shared object file: No such file or directory
HP_TELEMETRY {'extension_signals': 88, 'rejected_signals': 44}
HP_TELEMETRY {'extension_signals': 87, 'rejected_signals': 44}
HP_TELEMETRY {'extension_signals': 33, 'rejected_signals': 88}
HP_TELEMETRY {'extension_signals': 42, 'rejected_signals': 80}
b steady 10
VERDICT {'arms_passed': [], 'arms_kpi_improved': ['a', 'b'], 'port_to_h1x': ['a', 'b'], 'summary': {'a': {'all_passed': False, 'c1': True, 'c2': True, 'c3': True, 'c4': False, 'c5': True}, 'b': {'all_passed': False, 'c1': False, 'c2': True, 'c3': False, 'c4': False, 'c5': False}}, 'launch': '只测不发（在线提交=硬禁令）；发射决策与 H1X 侧验证移交主会话'}
DONE 639.3 s budget {'cap_per_arm': 220, 'unique_games_run': 288, 'per_arm': {'a': 112, 'b': 112}, 'body_control_games': 64}
