HP_TELEMETRY {'extension_signals': 59, 'rejected_signals': 56}
HP_TELEMETRY {'extension_signals': 60, 'rejected_signals': 54}
HP_TELEMETRY {'extension_signals': 74, 'rejected_signals': 66}
HP_TELEMETRY {'extension_signals': 74, 'rejected_signals': 66}
HP_TELEMETRY {'extension_signals': 73, 'rejected_signals': 53}
HP_TELEMETRY {'extension_signals': 73, 'rejected_signals': 53}
HP_TELEMETRY {'extension_signals': 55, 'rejected_signals': 43}
HP_TELEMETRY {'extension_signals': 55, 'rejected_signals': 43}
HP_TELEMETRY {'extension_signals': 90, 'rejected_signals': 35}
HP_TELEMETRY {'extension_signals': 90, 'rejected_signals': 35}
HP_TELEMETRY {'extension_signals': 73, 'rejected_signals': 35}
HP_TELEMETRY {'extension_signals': 73, 'rejected_signals': 35}
HP_TELEMETRY {'extension_signals': 60, 'rejected_signals': 54}
HP_TELEMETRY {'extension_signals': 59, 'rejected_signals': 56}
HP_TELEMETRY {'extension_signals': 74, 'rejected_signals': 66}
HP_TELEMETRY {'extension_signals': 74, 'rejected_signals': 66}
HP_TELEMETRY {'extension_signals': 73, 'rejected_signals': 53}
HP_TELEMETRY {'extension_signals': 73, 'rejected_signals': 53}
HP_TELEMETRY {'extension_signals': 55, 'rejected_signals': 43}
HP_TELEMETRY {'extension_signals': 55, 'rejected_signals': 43}
HP_TELEMETRY {'extension_signals': 90, 'rejected_signals': 35}
HP_TELEMETRY {'extension_signals': 90, 'rejected_signals': 35}
HP_TELEMETRY {'extension_signals': 73, 'rejected_signals': 35}
HP_TELEMETRY {'extension_signals': 73, 'rejected_signals': 35}
HP_TELEMETRY {'extension_signals': 71, 'rejected_signals': 50}
HP_TELEMETRY {'extension_signals': 71, 'rejected_signals': 50}
HP_TELEMETRY {'extension_signals': 96, 'rejected_signals': 21}
HP_TELEMETRY {'extension_signals': 96, 'rejected_signals': 21}
HP_TELEMETRY {'extension_signals': 95, 'rejected_signals': 30}
HP_TELEMETRY {'extension_signals': 95, 'rejected_signals': 30}
HP_TELEMETRY {'extension_signals': 63, 'rejected_signals': 54}
HP_TELEMETRY {'extension_signals': 63, 'rejected_signals': 54}
HP_TELEMETRY {'extension_signals': 79, 'rejected_signals': 37}
HP_TELEMETRY {'extension_signals': 79, 'rejected_signals': 37}
HP_TELEMETRY {'extension_signals': 75, 'rejected_signals': 45}
HP_TELEMETRY {'extension_signals': 75, 'rejected_signals': 45}
HP_TELEMETRY {'extension_signals': 71, 'rejected_signals': 50}
HP_TELEMETRY {'extension_signals': 71, 'rejected_signals': 50}
HP_TELEMETRY {'extension_signals': 96, 'rejected_signals': 21}
HP_TELEMETRY {'extension_signals': 96, 'rejected_signals': 21}
HP_TELEMETRY {'extension_signals': 95, 'rejected_signals': 30}
HP_TELEMETRY {'extension_signals': 95, 'rejected_signals': 30}
HP_TELEMETRY {'extension_signals': 63, 'rejected_signals': 54}
HP_TELEMETRY {'extension_signals': 63, 'rejected_signals': 54}
HP_TELEMETRY {'extension_signals': 79, 'rejected_signals': 37}
HP_TELEMETRY {'extension_signals': 79, 'rejected_signals': 37}
HP_TELEMETRY {'extension_signals': 75, 'rejected_signals': 45}
HP_TELEMETRY {'extension_signals': 75, 'rejected_signals': 45}
HP_TELEMETRY {'extension_signals': 60, 'rejected_signals': 54}
HP_TELEMETRY {'extension_signals': 59, 'rejected_signals': 56}
HP_TELEMETRY {'extension_signals': 74, 'rejected_signals': 66}
HP_TELEMETRY {'extension_signals': 74, 'rejected_signals': 66}
HP_TELEMETRY {'extension_signals': 73, 'rejected_signals': 53}
HP_TELEMETRY {'extension_signals': 73, 'rejected_signals': 53}
HP_TELEMETRY {'extension_signals': 55, 'rejected_signals': 43}
HP_TELEMETRY {'extension_signals': 55, 'rejected_signals': 43}
HP_TELEMETRY {'extension_signals': 90, 'rejected_signals': 35}
HP_TELEMETRY {'extension_signals': 90, 'rejected_signals': 35}
HP_TELEMETRY {'extension_signals': 73, 'rejected_signals': 35}
HP_TELEMETRY {'extension_signals': 73, 'rejected_signals': 35}
HP_TELEMETRY {'extension_signals': 59, 'rejected_signals': 56}
HP_TELEMETRY {'extension_signals': 60, 'rejected_signals': 54}
HP_TELEMETRY {'extension_signals': 74, 'rejected_signals': 66}
HP_TELEMETRY {'extension_signals': 74, 'rejected_signals': 66}
HP_TELEMETRY {'extension_signals': 73, 'rejected_signals': 53}
HP_TELEMETRY {'extension_signals': 73, 'rejected_signals': 53}
HP_TELEMETRY {'extension_signals': 55, 'rejected_signals': 43}
HP_TELEMETRY {'extension_signals': 55, 'rejected_signals': 43}
HP_TELEMETRY {'extension_signals': 90, 'rejected_signals': 35}
HP_TELEMETRY {'extension_signals': 90, 'rejected_signals': 35}
HP_TELEMETRY {'extension_signals': 73, 'rejected_signals': 35}
HP_TELEMETRY {'extension_signals': 73, 'rejected_signals': 35}
HP_TELEMETRY {'extension_signals': 71, 'rejected_signals': 50}
HP_TELEMETRY {'extension_signals': 71, 'rejected_signals': 50}
HP_TELEMETRY {'extension_signals': 96, 'rejected_signals': 21}
HP_TELEMETRY {'extension_signals': 96, 'rejected_signals': 21}
HP_TELEMETRY {'extension_signals': 95, 'rejected_signals': 30}
HP_TELEMETRY {'extension_signals': 95, 'rejected_signals': 30}
HP_TELEMETRY {'extension_signals': 63, 'rejected_signals': 54}
HP_TELEMETRY {'extension_signals': 63, 'rejected_signals': 54}
HP_TELEMETRY {'extension_signals': 79, 'rejected_signals': 37}
HP_TELEMETRY {'extension_signals': 79, 'rejected_signals': 37}
HP_TELEMETRY {'extension_signals': 75, 'rejected_signals': 45}
HP_TELEMETRY {'extension_signals': 75, 'rejected_signals': 45}
HP_TELEMETRY {'extension_signals': 71, 'rejected_signals': 50}
HP_TELEMETRY {'extension_signals': 71, 'rejected_signals': 50}
HP_TELEMETRY {'extension_signals': 96, 'rejected_signals': 21}
HP_TELEMETRY {'extension_signals': 96, 'rejected_signals': 21}
HP_TELEMETRY {'extension_signals': 95, 'rejected_signals': 30}
HP_TELEMETRY {'extension_signals': 95, 'rejected_signals': 30}
HP_TELEMETRY {'extension_signals': 63, 'rejected_signals': 54}
HP_TELEMETRY {'extension_signals': 63, 'rejected_signals': 54}
HP_TELEMETRY {'extension_signals': 79, 'rejected_signals': 37}
HP_TELEMETRY {'extension_signals': 79, 'rejected_signals': 37}
HP_TELEMETRY {'extension_signals': 75, 'rejected_signals': 45}
HP_TELEMETRY {'extension_signals': 75, 'rejected_signals': 45}
paired mean_delta= 22.08 W/L/T= 20 2 2 flips_neg= 0
HP_TELEMETRY {'extension_signals': 71, 'rejected_signals': 65}
HP_TELEMETRY {'extension_signals': 95, 'rejected_signals': 13}
HP_TELEMETRY {'extension_signals': 71, 'rejected_signals': 48}
HP_TELEMETRY {'extension_signals': 71, 'rejected_signals': 65}
HP_TELEMETRY {'extension_signals': 95, 'rejected_signals': 13}
HP_TELEMETRY {'extension_signals': 71, 'rejected_signals': 48}
HP_TELEMETRY {'extension_signals': 74, 'rejected_signals': 56}
HP_TELEMETRY {'extension_signals': 62, 'rejected_signals': 69}
HP_TELEMETRY {'extension_signals': 83, 'rejected_signals': 44}
HP_TELEMETRY {'extension_signals': 74, 'rejected_signals': 56}
HP_TELEMETRY {'extension_signals': 62, 'rejected_signals': 69}
HP_TELEMETRY {'extension_signals': 83, 'rejected_signals': 44}
r40 h2h= 0.8333 baseline= 0.8333 regression_ok= True
VERDICT: 配对 vs H1X（12 seed 双席 vs oc_c3，full）：W-L-T=20/2/2 mean_delta=22.08 flips_neg=0 flips_pos=0；弱锚 r40 h2h=0.8333（基线 0.8333，回归OK）；两门①delta>0 ②flips_neg=0 → PASS
DONE 98.7 s budget: {'cap_局次': 100, 'auth_缓存复用计账': 30, 'paired_实跑': 48, 'r40_实跑': 12, 'unique_games_run': 60, 'total_局次': 90, 'within_cap': True}
