sim auth: True {'n_checked': 30, 'n_match': 30, 'rate': 1.0}
HP_TELEMETRY {'extension_signals': 96, 'rejected_signals': 24}
smoke: 159.0 None
HP_TELEMETRY {'extension_signals': 77, 'rejected_signals': 25}
HP_TELEMETRY {'extension_signals': 81, 'rejected_signals': 46}
HP_TELEMETRY {'extension_signals': 99, 'rejected_signals': 28}
HP_TELEMETRY {'extension_signals': 53, 'rejected_signals': 75}
HP_TELEMETRY {'extension_signals': 36, 'rejected_signals': 102}
HP_TELEMETRY {'extension_signals': 87, 'rejected_signals': 43}
HP_TELEMETRY {'extension_signals': 84, 'rejected_signals': 46}
HP_TELEMETRY {'extension_signals': 98, 'rejected_signals': 37}
HP_TELEMETRY {'extension_signals': 52, 'rejected_signals': 73}
HP_TELEMETRY {'extension_signals': 81, 'rejected_signals': 30}
HP_TELEMETRY {'extension_signals': 58, 'rejected_signals': 70}
HP_TELEMETRY {'extension_signals': 92, 'rejected_signals': 30}
HP_TELEMETRY {'extension_signals': 61, 'rejected_signals': 57}
HP_TELEMETRY {'extension_signals': 2, 'rejected_signals': 91}
HP_TELEMETRY {'extension_signals': 77, 'rejected_signals': 39}
HP_TELEMETRY {'extension_signals': 11, 'rejected_signals': 79}
HP_TELEMETRY {'extension_signals': 79, 'rejected_signals': 56}
HP_TELEMETRY {'extension_signals': 21, 'rejected_signals': 87}
HP_TELEMETRY {'extension_signals': 77, 'rejected_signals': 47}
HP_TELEMETRY {'extension_signals': 2, 'rejected_signals': 111}
HP_TELEMETRY {'extension_signals': 78, 'rejected_signals': 60}
HP_TELEMETRY {'extension_signals': 14, 'rejected_signals': 93}
HP_TELEMETRY {'extension_signals': 75, 'rejected_signals': 45}
HP_TELEMETRY {'extension_signals': 0, 'rejected_signals': 111}
HP_TELEMETRY {'extension_signals': 77, 'rejected_signals': 25}
HP_TELEMETRY {'extension_signals': 81, 'rejected_signals': 46}
HP_TELEMETRY {'extension_signals': 99, 'rejected_signals': 28}
HP_TELEMETRY {'extension_signals': 53, 'rejected_signals': 75}
HP_TELEMETRY {'extension_signals': 36, 'rejected_signals': 102}
HP_TELEMETRY {'extension_signals': 87, 'rejected_signals': 43}
HP_TELEMETRY {'extension_signals': 84, 'rejected_signals': 46}
HP_TELEMETRY {'extension_signals': 98, 'rejected_signals': 37}
HP_TELEMETRY {'extension_signals': 52, 'rejected_signals': 73}
HP_TELEMETRY {'extension_signals': 81, 'rejected_signals': 30}
HP_TELEMETRY {'extension_signals': 58, 'rejected_signals': 70}
HP_TELEMETRY {'extension_signals': 92, 'rejected_signals': 30}
HP_TELEMETRY {'extension_signals': 61, 'rejected_signals': 57}
HP_TELEMETRY {'extension_signals': 2, 'rejected_signals': 91}
HP_TELEMETRY {'extension_signals': 77, 'rejected_signals': 39}
HP_TELEMETRY {'extension_signals': 11, 'rejected_signals': 79}
HP_TELEMETRY {'extension_signals': 79, 'rejected_signals': 56}
HP_TELEMETRY {'extension_signals': 21, 'rejected_signals': 86}
HP_TELEMETRY {'extension_signals': 77, 'rejected_signals': 47}
HP_TELEMETRY {'extension_signals': 2, 'rejected_signals': 111}
HP_TELEMETRY {'extension_signals': 78, 'rejected_signals': 60}
HP_TELEMETRY {'extension_signals': 18, 'rejected_signals': 82}
HP_TELEMETRY {'extension_signals': 75, 'rejected_signals': 45}
HP_TELEMETRY {'extension_signals': 0, 'rejected_signals': 111}
oc_c3 games 48 err 0 tm 97980.5 win_fill_total 78222.6 shadow_mism 0 114.3 s
HP_TELEMETRY {'extension_signals': 76, 'rejected_signals': 25}
HP_TELEMETRY {'extension_signals': 75, 'rejected_signals': 50}
HP_TELEMETRY {'extension_signals': 94, 'rejected_signals': 32}
HP_TELEMETRY {'extension_signals': 53, 'rejected_signals': 75}
HP_TELEMETRY {'extension_signals': 31, 'rejected_signals': 82}
HP_TELEMETRY {'extension_signals': 100, 'rejected_signals': 31}
HP_TELEMETRY {'extension_signals': 86, 'rejected_signals': 44}
HP_TELEMETRY {'extension_signals': 98, 'rejected_signals': 40}
HP_TELEMETRY {'extension_signals': 50, 'rejected_signals': 80}
HP_TELEMETRY {'extension_signals': 85, 'rejected_signals': 27}
HP_TELEMETRY {'extension_signals': 44, 'rejected_signals': 71}
HP_TELEMETRY {'extension_signals': 92, 'rejected_signals': 30}
HP_TELEMETRY {'extension_signals': 58, 'rejected_signals': 69}
HP_TELEMETRY {'extension_signals': 2, 'rejected_signals': 88}
HP_TELEMETRY {'extension_signals': 77, 'rejected_signals': 40}
HP_TELEMETRY {'extension_signals': 6, 'rejected_signals': 82}
HP_TELEMETRY {'extension_signals': 77, 'rejected_signals': 53}
HP_TELEMETRY {'extension_signals': 23, 'rejected_signals': 78}
HP_TELEMETRY {'extension_signals': 74, 'rejected_signals': 51}
HP_TELEMETRY {'extension_signals': 6, 'rejected_signals': 101}
HP_TELEMETRY {'extension_signals': 77, 'rejected_signals': 51}
HP_TELEMETRY {'extension_signals': 12, 'rejected_signals': 76}
HP_TELEMETRY {'extension_signals': 79, 'rejected_signals': 51}
HP_TELEMETRY {'extension_signals': 0, 'rejected_signals': 104}
HP_TELEMETRY {'extension_signals': 76, 'rejected_signals': 25}
HP_TELEMETRY {'extension_signals': 75, 'rejected_signals': 50}
HP_TELEMETRY {'extension_signals': 94, 'rejected_signals': 32}
HP_TELEMETRY {'extension_signals': 53, 'rejected_signals': 75}
HP_TELEMETRY {'extension_signals': 31, 'rejected_signals': 82}
HP_TELEMETRY {'extension_signals': 100, 'rejected_signals': 31}
HP_TELEMETRY {'extension_signals': 86, 'rejected_signals': 44}
HP_TELEMETRY {'extension_signals': 98, 'rejected_signals': 40}
HP_TELEMETRY {'extension_signals': 50, 'rejected_signals': 80}
HP_TELEMETRY {'extension_signals': 85, 'rejected_signals': 27}
HP_TELEMETRY {'extension_signals': 44, 'rejected_signals': 71}
HP_TELEMETRY {'extension_signals': 92, 'rejected_signals': 30}
HP_TELEMETRY {'extension_signals': 58, 'rejected_signals': 69}
HP_TELEMETRY {'extension_signals': 2, 'rejected_signals': 88}
HP_TELEMETRY {'extension_signals': 77, 'rejected_signals': 40}
HP_TELEMETRY {'extension_signals': 6, 'rejected_signals': 82}
HP_TELEMETRY {'extension_signals': 77, 'rejected_signals': 53}
HP_TELEMETRY {'extension_signals': 20, 'rejected_signals': 80}
HP_TELEMETRY {'extension_signals': 74, 'rejected_signals': 51}
HP_TELEMETRY {'extension_signals': 6, 'rejected_signals': 101}
HP_TELEMETRY {'extension_signals': 77, 'rejected_signals': 51}
HP_TELEMETRY {'extension_signals': 18, 'rejected_signals': 84}
HP_TELEMETRY {'extension_signals': 79, 'rejected_signals': 51}
HP_TELEMETRY {'extension_signals': 0, 'rejected_signals': 104}
expx_v2 games 48 err 0 tm 98090.5 win_fill_total 78304.9 shadow_mism 0 113.3 s
footprint: 48 / 48
expx_v2 vs oc_c3: W29/L19/T0 dM 81.23 netflip 0 flips_neg 0 dWin 82.33 dOutside 26.17 px_nonneg False crit {'净翻胜>0': False, 'flips_neg==0': True, '实现价非负（Δratio_fill 三品∧全品均值≥0）': False, 'd14-27窗收入差转正（fill 总窗配对 mean Δ>0）': True}
DONE 269.1 s budget: {'cap_局次': 250, 'smoke_局次': 1, 'auth_局次': 60, 'judgment_局次': 96, 'total_局次': 157, 'total_对局口径': 127, 'within_cap_对局口径': True, 'within_cap': True, 'note': '首跑后处理 bug 崩溃浪费 96 局次（判据读数丢失，修复后重跑）；引擎跑口径 253=认证 60(30 局×2 引擎)+冒烟 1+判决 96×2，对局口径 223=30+1+96×2；重跑复用同日 sim_bridge 30/30 认证未重认证'}
VERDICT: NOT_CONFIRMED（详见 criteria）
