HP_TELEMETRY {'extension_signals': 74, 'rejected_signals': 56}
HP_TELEMETRY {'extension_signals': 81, 'rejected_signals': 51}
HP_TELEMETRY {'extension_signals': 95, 'rejected_signals': 31}
HP_TELEMETRY {'extension_signals': 79, 'rejected_signals': 37}
HP_TELEMETRY {'extension_signals': 74, 'rejected_signals': 57}
HP_TELEMETRY {'extension_signals': 91, 'rejected_signals': 47}
HP_TELEMETRY {'extension_signals': 83, 'rejected_signals': 30}
HP_TELEMETRY {'extension_signals': 60, 'rejected_signals': 66}
HP_TELEMETRY {'extension_signals': 82, 'rejected_signals': 50}
HP_TELEMETRY {'extension_signals': 6, 'rejected_signals': 92}
HP_TELEMETRY {'extension_signals': 94, 'rejected_signals': 32}
HP_TELEMETRY {'extension_signals': 3, 'rejected_signals': 92}
HP_TELEMETRY {'extension_signals': 77, 'rejected_signals': 65}
HP_TELEMETRY {'extension_signals': 0, 'rejected_signals': 68}
HP_TELEMETRY {'extension_signals': 77, 'rejected_signals': 47}
HP_TELEMETRY {'extension_signals': 2, 'rejected_signals': 99}
HP_TELEMETRY {'extension_signals': 74, 'rejected_signals': 56}
HP_TELEMETRY {'extension_signals': 81, 'rejected_signals': 51}
HP_TELEMETRY {'extension_signals': 95, 'rejected_signals': 31}
HP_TELEMETRY {'extension_signals': 79, 'rejected_signals': 37}
HP_TELEMETRY {'extension_signals': 74, 'rejected_signals': 57}
HP_TELEMETRY {'extension_signals': 91, 'rejected_signals': 47}
HP_TELEMETRY {'extension_signals': 83, 'rejected_signals': 30}
HP_TELEMETRY {'extension_signals': 60, 'rejected_signals': 66}
HP_TELEMETRY {'extension_signals': 82, 'rejected_signals': 50}
HP_TELEMETRY {'extension_signals': 11, 'rejected_signals': 88}
HP_TELEMETRY {'extension_signals': 94, 'rejected_signals': 32}
HP_TELEMETRY {'extension_signals': 3, 'rejected_signals': 92}
HP_TELEMETRY {'extension_signals': 77, 'rejected_signals': 65}
HP_TELEMETRY {'extension_signals': 0, 'rejected_signals': 68}
HP_TELEMETRY {'extension_signals': 77, 'rejected_signals': 47}
HP_TELEMETRY {'extension_signals': 2, 'rejected_signals': 99}
HP_TELEMETRY {'extension_signals': 74, 'rejected_signals': 56}
HP_TELEMETRY {'extension_signals': 81, 'rejected_signals': 51}
HP_TELEMETRY {'extension_signals': 95, 'rejected_signals': 31}
HP_TELEMETRY {'extension_signals': 79, 'rejected_signals': 37}
HP_TELEMETRY {'extension_signals': 74, 'rejected_signals': 57}
HP_TELEMETRY {'extension_signals': 91, 'rejected_signals': 47}
HP_TELEMETRY {'extension_signals': 83, 'rejected_signals': 30}
HP_TELEMETRY {'extension_signals': 60, 'rejected_signals': 66}
HP_TELEMETRY {'extension_signals': 82, 'rejected_signals': 50}
HP_TELEMETRY {'extension_signals': 6, 'rejected_signals': 92}
HP_TELEMETRY {'extension_signals': 94, 'rejected_signals': 32}
HP_TELEMETRY {'extension_signals': 3, 'rejected_signals': 92}
HP_TELEMETRY {'extension_signals': 77, 'rejected_signals': 65}
HP_TELEMETRY {'extension_signals': 0, 'rejected_signals': 68}
HP_TELEMETRY {'extension_signals': 77, 'rejected_signals': 47}
HP_TELEMETRY {'extension_signals': 2, 'rejected_signals': 99}
HP_TELEMETRY {'extension_signals': 74, 'rejected_signals': 58}
HP_TELEMETRY {'extension_signals': 81, 'rejected_signals': 51}
HP_TELEMETRY {'extension_signals': 95, 'rejected_signals': 31}
HP_TELEMETRY {'extension_signals': 79, 'rejected_signals': 37}
HP_TELEMETRY {'extension_signals': 74, 'rejected_signals': 57}
HP_TELEMETRY {'extension_signals': 91, 'rejected_signals': 47}
HP_TELEMETRY {'extension_signals': 83, 'rejected_signals': 30}
HP_TELEMETRY {'extension_signals': 62, 'rejected_signals': 65}
HP_TELEMETRY {'extension_signals': 82, 'rejected_signals': 50}
HP_TELEMETRY {'extension_signals': 11, 'rejected_signals': 87}
HP_TELEMETRY {'extension_signals': 86, 'rejected_signals': 36}
HP_TELEMETRY {'extension_signals': 3, 'rejected_signals': 93}
HP_TELEMETRY {'extension_signals': 77, 'rejected_signals': 65}
HP_TELEMETRY {'extension_signals': 0, 'rejected_signals': 68}
HP_TELEMETRY {'extension_signals': 77, 'rejected_signals': 47}
HP_TELEMETRY {'extension_signals': 2, 'rejected_signals': 99}
HP_TELEMETRY {'extension_signals': 74, 'rejected_signals': 58}
HP_TELEMETRY {'HP_TELEMETRY {'extension_signals': 74, 'rejected_signals': 60}
HP_TELEMETRY {'extension_signals': 70, 'rejected_signals': 52}
HP_TELEMETRY {'extension_signals': 68, 'rejected_signals': 56}
HP_TELEMETRY {'extension_signals': 63, 'rejected_signals': 61}
HP_TELEMETRY {'extension_signals': 93, 'rejected_signals': 42}
HP_TELEMETRY {'extension_signals': 93, 'rejected_signals': 42}
HP_TELEMETRY {'extension_signals': 77, 'rejected_signals': 36}
HP_TELEMETRY {'extension_signals': 77, 'rejected_signals': 36}
HP_TELEMETRY {'extension_signals': 76, 'rejected_signals': 18}
HP_TELEMETRY {'extension_signals': 76, 'rejected_signals': 18}
HP_TELEMETRY {'extension_signals': 88, 'rejected_signals': 54}
HP_TELEMETRY {'extension_signals': 88, 'rejected_signals': 54}
HP_TELEMETRY {'extension_signals': 71, 'rejected_signals': 25}
HP_TELEMETRY {'extension_signals': 71, 'rejected_signals': 25}
HP_TELEMETRY {'extension_signals': 61, 'rejected_signals': 62}
HP_TELEMETRY {'extension_signals': 65, 'rejected_signals': 59}
HP_TELEMETRY {'extension_signals': 81, 'rejected_signals': 45}
HP_TELEMETRY {'extension_signals': 81, 'rejected_signals': 45}
HP_TELEMETRY {'extension_signals': 70, 'rejected_signals': 53}
HP_TELEMETRY {'extension_signals': 70, 'rejected_signals': 53}
HP_TELEMETRY {'extension_signals': 88, 'rejected_signals': 37}
HP_TELEMETRY {'extension_signals': 87, 'rejected_signals': 36}
HP_TELEMETRY {'extension_signals': 80, 'rejected_signals': 43}
HP_TELEMETRY {'extension_signals': 86, 'rejected_signals': 37}
HP_TELEMETRY {'extension_signals': 70, 'rejected_signals': 25}
HP_TELEMETRY {'extension_signals': 70, 'rejected_signals': 25}
HP_TELEMETRY {'extension_signals': 60, 'rejected_signals': 62}
HP_TELEMETRY {'extension_signals': 60, 'rejected_signals': 62}
HP_TELEMETRY {'extension_signals': 81, 'rejected_signals': 26}
HP_TELEMETRY {'extension_signals': 81, 'rejected_signals': 26}
HP_TELEMETRY {'extension_signals': 93, 'rejected_signals': 26}
HP_TELEMETRY {'extension_signals': 93, 'rejected_signals': 26}
HP_TELEMETRY {'extension_signals': 70, 'rejected_signals': 52}
HP_TELEMETRY {'extension_signals': 74, 'rejected_signals': 60}
HP_TELEMETRY {'extension_signals': 63, 'rejected_signals': 61}
HP_TELEMETRY {'extension_signals': 68, 'rejected_signals': 56}
HP_TELEMETRY {'extension_signals': 93, 'rejected_signals': 42}
HP_TELEMETRY {'extension_signals': 93, 'rejected_signals': 42}
HP_TELEMETRY {'extension_signals': 77, 'rejected_signals': 36}
HP_TELEMETRY {'extension_signals': 77, 'rejected_signals': 36}
HP_TELEMETRY {'extension_signals': 76, 'rejected_signals': 18}
HP_TELEMETRY {'extension_signals': 76, 'rejected_signals': 18}
HP_TELEMETRY {'extension_signals': 88, 'rejected_signals': 54}
HP_TELEMETRY {'extension_signals': 88, 'rejected_signals': 54}
HP_TELEMETRY {'extension_signals': 71, 'rejected_signals': 25}
HP_TELEMETRY {'extension_signals': 71, 'rejected_signals': 25}
HP_TELEMETRY {'extension_signals': 65, 'rejected_signals': 59}
HP_TELEMETRY {'extension_signals': 61, 'rejected_signals': 62}
HP_TELEMETRY {'extension_signals': 81, 'rejected_signals': 45}
HP_TELEMETRY {'extension_signals': 81, 'rejected_signals': 45}
HP_TELEMETRY {'extension_signals': 70, 'rejected_signals': 53}
HP_TELEMETRY {'extension_signals': 70, 'rejected_signals': 53}
HP_TELEMETRY {'extension_signals': 87, 'rejected_signals': 36}
HP_TELEMETRY {'extension_signals': 88, 'rejected_signals': 37}
HP_TELEMETRY {'extension_signals': 86, 'rejected_signals': 37}
HP_TELEMETRY {'extension_signals': 80, 'rejected_signals': 43}
HP_TELEMETRY {'extension_signals': 70, 'rejected_signals': 25}
HP_TELEMETRY {'extension_signals': 70, 'rejected_signals': 25}
HP_TELEMETRY {'extension_signals': 60, 'rejected_signals': 62}
HP_TELEMETRY {'extension_signals': 60, 'rejected_signals': 62}
HP_TELEMETRY {'extension_signals': 81, 'rejected_signals': 26}
HP_TELEMETRY {'extension_signals': 81, 'rejected_signals': 26}
HP_TELEMETRY {'extension_signals': 93, 'rejected_signals': 26}
HP_TELEMETRY {'extension_signals': 93, 'rejected_signals': 26}
Traceback (most recent call last):
  File "/mnt/data/Code/autoC/workspace/kaggriculture/fn_work/legacy_software/kaggle_simulations/orderbook_composite_lab/judge_c_final.py", line 743, in <module>
    main()
    ~~~~^^
  File "/mnt/data/Code/autoC/workspace/kaggriculture/fn_work/legacy_software/kaggle_simulations/orderbook_composite_lab/judge_c_final.py", line 625, in main
    panel[on] = fold_stats(rows)
                ~~~~~~~~~~^^^^^^
  File "/mnt/data/Code/autoC/workspace/kaggriculture/fn_work/legacy_software/kaggle_simulations/orderbook_composite_lab/judge_c_final.py", line 419, in fold_stats
    from orderbook_r40 import judge_r44 as j44  # noqa: WPS433
    ^^^^^^^^^^^^^^^^^^^^^^^^^^^^^^^^^^^^^^^^^^
ImportError: cannot import name 'judge_r44' from 'orderbook_r40' (/mnt/data/Code/autoC/workspace/kaggriculture/fn_work/legacy_software/kaggle_simulations/orderbook_r40/__init__.py). Did you mean: 'judge_r23'?
