HP_TELEMETRY {'extension_signals': 70, 'rejected_signals': 63}
HP_TELEMETRY {'extension_signals': 74, 'rejected_signals': 56}
HP_TELEMETRY {'extension_signals': 96, 'rejected_signals': 21}
HP_TELEMETRY {'extension_signals': 95, 'rejected_signals': 20}
HP_TELEMETRY {'extension_signals': 84, 'rejected_signals': 45}
HP_TELEMETRY {'extension_signals': 87, 'rejected_signals': 35}
HP_TELEMETRY {'extension_signals': 62, 'rejected_signals': 65}
HP_TELEMETRY {'extension_signals': 62, 'rejected_signals': 65}
HP_TELEMETRY {'extension_signals': 73, 'rejected_signals': 48}
HP_TELEMETRY {'extension_signals': 69, 'rejected_signals': 59}
HP_TELEMETRY {'extension_signals': 61, 'rejected_signals': 68}
HP_TELEMETRY {'extension_signals': 60, 'rejected_signals': 68}
HP_TELEMETRY {'extension_signals': 82, 'rejected_signals': 13}
HP_TELEMETRY {'extension_signals': 82, 'rejected_signals': 13}
HP_TELEMETRY {'extension_signals': 41, 'rejected_signals': 70}
HP_TELEMETRY {'extension_signals': 41, 'rejected_signals': 67}
HP_TELEMETRY {'extension_signals': 74, 'rejected_signals': 56}
HP_TELEMETRY {'extension_signals': 70, 'rejected_signals': 63}
HP_TELEMETRY {'extension_signals': 95, 'rejected_signals': 20}
HP_TELEMETRY {'extension_signals': 96, 'rejected_signals': 21}
HP_TELEMETRY {'extension_signals': 87, 'rejected_signals': 35}
HP_TELEMETRY {'extension_signals': 84, 'rejected_signals': 45}
HP_TELEMETRY {'extension_signals': 62, 'rejected_signals': 65}
HP_TELEMETRY {'extension_signals': 62, 'rejected_signals': 65}
HP_TELEMETRY {'extension_signals': 69, 'rejected_signals': 59}
HP_TELEMETRY {'extension_signals': 73, 'rejected_signals': 48}
HP_TELEMETRY {'extension_signals': 60, 'rejected_signals': 68}
HP_TELEMETRY {'extension_signals': 61, 'rejected_signals': 68}
HP_TELEMETRY {'extension_signals': 82, 'rejected_signals': 13}
HP_TELEMETRY {'extension_signals': 82, 'rejected_signals': 13}
HP_TELEMETRY {'extension_signals': 41, 'rejected_signals': 67}
HP_TELEMETRY {'extension_signals': 41, 'rejected_signals': 70}
HP_TELEMETRY {'extension_signals': 74, 'rejected_signals': 55}
HP_TELEMETRY {'extension_signals': 68, 'rejected_signals': 51}
HP_TELEMETRY {'extension_signals': 64, 'rejected_signals': 28}
HP_TELEMETRY {'extension_signals': 64, 'rejected_signals': 28}
HP_TELEMETRY {'extension_signals': 101, 'rejected_signals': 16}
HP_TELEMETRY {'extension_signals': 101, 'rejected_signals': 16}
HP_TELEMETRY {'extension_signals': 74, 'rejected_signals': 50}
HP_TELEMETRY {'extension_signals': 74, 'rejected_signals': 50}
HP_TELEMETRY {'extension_signals': 84, 'rejected_signals': 38}
HP_TELEMETRY {'extension_signals': 84, 'rejected_signals': 38}
HP_TELEMETRY {'extension_signals': 42, 'rejected_signals': 83}
HP_TELEMETRY {'extension_signals': 42, 'rejected_signals': 83}
HP_TELEMETRY {'extension_signals': 87, 'rejected_signals': 38}
HP_TELEMETRY {'extension_signals': 92, 'rejected_signals': 34}
HP_TELEMETRY {'extension_signals': 101, 'rejected_signals': 16}
HP_TELEMETRY {'extension_signals': 101, 'rejected_signals': 16}
HP_TELEMETRY {'extension_signals': 68, 'rejected_signals': 51}
HP_TELEMETRY {'extension_signals': 74, 'rejected_signals': 55}
HP_TELEMETRY {'extension_signals': 64, 'rejected_signals': 28}
HP_TELEMETRY {'extension_signals': 64, 'rejected_signals': 28}
HP_TELEMETRY {'extension_signals': 101, 'rejected_signals': 16}
HP_TELEMETRY {'extension_signals': 101, 'rejected_signals': 16}
HP_TELEMETRY {'extension_signals': 74, 'rejected_signals': 50}
HP_TELEMETRY {'extension_signals': 74, 'rejected_signals': 50}
HP_TELEMETRY {'extension_signals': 84, 'rejected_signals': 38}
HP_TELEMETRY {'extension_signals': 84, 'rejected_signals': 38}
HP_TELEMETRY {'extension_signals': 42, 'rejected_signals': 83}
HP_TELEMETRY {'extension_signals': 42, 'rejected_signals': 83}
HP_TELEMETRY {'extension_signals': 92, 'rejected_signals': 34}
HP_TELEMETRY {'extension_signals': 87, 'rejected_signals': 38}
HP_TELEMETRY {'extension_signals': 101, 'rejected_signals': 16}
HP_TELEMETRY {'extension_signals': 101, 'rejected_signals': 16}
s8_vs_h1x h2h(S8)= 0.6875
HP_TELEMETRY {'extension_signals': 74, 'rejected_signals': 56}
HP_TELEMETRY {'extension_signals': 70, 'rejected_signals': 63}
HP_TELEMETRY {'extension_signals': 96, 'rejected_signals': 21}
HP_TELEMETRY {'extension_signals': 96, 'rejected_signals': 21}
HP_TELEMETRY {'extension_signals': 89, 'rejected_signals': 32}
HP_TELEMETRY {'extension_signals': 79, 'rejected_signals': 40}
HP_TELEMETRY {'extension_signals': 69, 'rejected_signals': 59}
HP_TELEMETRY {'extension_signals': 73, 'rejected_signals': 47}
HP_TELEMETRY {'extension_signals': 59, 'rejected_signals': 68}
HP_TELEMETRY {'extension_signals': 62, 'rejected_signals': 68}
HP_TELEMETRY {'extension_signals': 82, 'rejected_signals': 13}
HP_TELEMETRY {'extension_signals': 82, 'rejected_signals': 13}
HP_TELEMETRY {'extension_signals': 70, 'rejected_signals': 63}
HP_TELEMETRY {'extension_signals': 74, 'rejected_signals': 56}
HP_TELEMETRY {'extension_signals': 96, 'rejected_signals': 21}
HP_TELEMETRY {'extension_signals': 96, 'rejected_signals': 21}
HP_TELEMETRY {'extension_signals': 79, 'rejected_signals': 40}
HP_TELEMETRY {'extension_signals': 89, 'rejected_signals': 32}
HP_TELEMETRY {'extension_signals': 73, 'rejected_signals': 47}
HP_TELEMETRY {'extension_signals': 69, 'rejected_signals': 59}
HP_TELEMETRY {'extension_signals': 62, 'rejected_signals': 68}
HP_TELEMETRY {'extension_signals': 59, 'rejected_signals': 68}
HP_TELEMETRY {'extension_signals': 82, 'rejected_signals': 13}
HP_TELEMETRY {'extension_signals': 82, 'rejected_signals': 13}
HP_TELEMETRY {'extension_signals': 74, 'rejected_signals': 58}
HP_TELEMETRY {'extension_signals': 68, 'rejected_signals': 52}
HP_TELEMETRY {'extension_signals': 64, 'rejected_signals': 28}
HP_TELEMETRY {'extension_signals': 64, 'rejected_signals': 28}
HP_TELEMETRY {'extension_signals': 102, 'rejected_signals': 16}
HP_TELEMETRY {'extension_signals': 102, 'rejected_signals': 16}
HP_TELEMETRY {'extension_signals': 84, 'rejected_signals': 38}
HP_TELEMETRY {'extension_signals': 84, 'rejected_signals': 38}
HP_TELEMETRY {'extension_signals': 42, 'rejected_signals': 83}
HP_TELEMETRY {'extension_signals': 42, 'rejected_signals': 83}
HP_TELEMETRY {'extension_signals': 92, 'rejected_signals': 34}
HP_TELEMETRY {'extension_signals': 87, 'rejected_signals': 38}
HP_TELEMETRY {'extension_signals': 68, 'rejected_signals': 52}
HP_TELEMETRY {'extension_signals': 74, 'rejected_signals': 58}
HP_TELEMETRY {'extension_signals': 64, 'rejected_signals': 28}
HP_TELEMETRY {'extension_signals': 64, 'rejected_signals': 28}
HP_TELEMETRY {'extension_signals': 102, 'rejected_signals': 16}
HP_TELEMETRY {'extension_signals': 102, 'rejected_signals': 16}
HP_TELEMETRY {'extension_signals': 84, 'rejected_signals': 38}
HP_TELEMETRY {'extension_signals': 84, 'rejected_signals': 38}
HP_TELEMETRY {'extension_signals': 42, 'rejected_signals': 83}
HP_TELEMETRY {'extension_signals': 42, 'rejected_signals': 83}
HP_TELEMETRY {'extension_signals': 87, 'rejected_signals': 38}
HP_TELEMETRY {'extension_signals': 92, 'rejected_signals': 34}
s8_vs_h1 h2h(S8)= 0.5417
HP_TELEMETRY {'extension_signals': 67, 'rejected_signals': 63}
HP_TELEMETRY {'extension_signals': 72, 'rejected_signals': 53}
HP_TELEMETRY {'extension_signals': 97, 'rejected_signals': 21}
HP_TELEMETRY {'extension_signals': 96, 'rejected_signals': 18}
HP_TELEMETRY {'extension_signals': 90, 'rejected_signals': 42}
HP_TELEMETRY {'extension_signals': 94, 'rejected_signals': 32}
HP_TELEMETRY {'extension_signals': 77, 'rejected_signals': 43}
HP_TELEMETRY {'extension_signals': 69, 'rejected_signals': 52}
HP_TELEMETRY {'extension_signals': 67, 'rejected_signals': 63}
HP_TELEMETRY {'extension_signals': 65, 'rejected_signals': 63}
HP_TELEMETRY {'extension_signals': 82, 'rejected_signals': 15}
HP_TELEMETRY {'extension_signals': 82, 'rejected_signals': 15}
HP_TELEMETRY {'extension_signals': 72, 'rejected_signals': 53}
HP_TELEMETRY {'extension_signals': 67, 'rejected_signals': 63}
HP_TELEMETRY {'extension_signals': 96, 'rejected_signals': 18}
HP_TELEMETRY {'extension_signals': 97, 'rejected_signals': 21}
HP_TELEMETRY {'extension_signals': 94, 'rejected_signals': 32}
HP_TELEMETRY {'extension_signals': 90, 'rejected_signals': 42}
HP_TELEMETRY {'extension_signals': 69, 'rejected_signals': 52}
HP_TELEMETRY {'extension_signals': 77, 'rejected_signals': 43}
HP_TELEMETRY {'extension_signals': 65, 'rejected_signals': 63}
HP_TELEMETRY {'extension_signals': 67, 'rejected_signals': 63}
HP_TELEMETRY {'extension_signals': 82, 'rejected_signals': 15}
HP_TELEMETRY {'extension_signals': 82, 'rejected_signals': 15}
HP_TELEMETRY {'extension_signals': 74, 'rejected_signals': 58}
HP_TELEMETRY {'extension_signals': 67, 'rejected_signals': 52}
HP_TELEMETRY {'extension_signals': 64, 'rejected_signals': 28}
HP_TELEMETRY {'extension_signals': 64, 'rejected_signals': 28}
HP_TELEMETRY {'extension_signals': 110, 'rejected_signals': 19}
HP_TELEMETRY {'extension_signals': 109, 'rejected_signals': 14}
HP_TELEMETRY {'extension_signals': 84, 'rejected_signals': 38}
HP_TELEMETRY {'extension_signals': 84, 'rejected_signals': 38}
HP_TELEMETRY {'extension_signals': 43, 'rejected_signals': 81}
HP_TELEMETRY {'extension_signals': 43, 'rejected_signals': 81}
HP_TELEMETRY {'extension_signals': 92, 'rejected_signals': 34}
HP_TELEMETRY {'extension_signals': 86, 'rejected_signals': 38}
HP_TELEMETRY {'extension_signals': 67, 'rejected_signals': 52}
HP_TELEMETRY {'extension_signals': 74, 'rejected_signals': 58}
HP_TELEMETRY {'extension_signals': 64, 'rejected_signals': 28}
HP_TELEMETRY {'extension_signals': 64, 'rejected_signals': 28}
HP_TELEMETRY {'extension_signals': 109, 'rejected_signals': 14}
HP_TELEMETRY {'extension_signals': 110, 'rejected_signals': 19}
HP_TELEMETRY {'extension_signals': 84, 'rejected_signals': 38}
HP_TELEMETRY {'extension_signals': 84, 'rejected_signals': 38}
HP_TELEMETRY {'extension_signals': 43, 'rejected_signals': 81}
HP_TELEMETRY {'extension_signals': 43, 'rejected_signals': 81}
HP_TELEMETRY {'extension_signals': 86, 'rejected_signals': 38}
HP_TELEMETRY {'extension_signals': 92, 'rejected_signals': 34}
s8_vs_mpx h2h(S8)= 0.5417
HP_TELEMETRY {'extension_signals': 74, 'rejected_signals': 56}
HP_TELEMETRY {'extension_signals': 70, 'rejected_signals': 63}
HP_TELEMETRY {'extension_signals': 74, 'rejected_signals': 56}
HP_TELEMETRY {'extension_signals': 70, 'rejected_signals': 63}
HP_TELEMETRY {'extension_signals': 68, 'rejected_signals': 51}
HP_TELEMETRY {'extension_signals': 74, 'rejected_signals': 55}
HP_TELEMETRY {'extension_signals': 68, 'rejected_signals': 51}
HP_TELEMETRY {'extension_signals': 74, 'rejected_signals': 55}
VERDICT: S8[a59208fe] vs H1X[9d073fba] 直接对话 h2h(S8)=0.6875（W/L/T 10/4/2，margin -234.6）；锚点 vs H1 S8=0.5417 vs H1X在册=0.7083；vs mpx S8=0.5417 vs H1X在册=0.7083；判读={}
DONE 159.2 s budget: {'cap_局次': 150, 'auth': 30, 'main_规格': 32, 'cal_h1_规格': 24, 'cal_mpx_规格': 24, 'det_抽查': 2, 'unique_games_run': 80, 'det_reruns': 2, 'total_局次': 112, 'within_cap': True}
