HP_TELEMETRY {'extension_signals': 74, 'rejected_signals': 56}
HP_TELEMETRY {'extension_signals': 74, 'rejected_signals': 56}
HP_TELEMETRY {'extension_signals': 74, 'rejected_signals': 56}
HP_TELEMETRY {'extension_signals': 74, 'rejected_signals': 56}
smoke done
HP_TELEMETRY {'extension_signals': 74, 'rejected_signals': 54}
HP_TELEMETRY {'extension_signals': 74, 'rejected_signals': 54}
HP_TELEMETRY {'extension_signals': 64, 'rejected_signals': 28}
HP_TELEMETRY {'extension_signals': 64, 'rejected_signals': 28}
HP_TELEMETRY {'extension_signals': 102, 'rejected_signals': 16}
HP_TELEMETRY {'extension_signals': 102, 'rejected_signals': 16}
HP_TELEMETRY {'extension_signals': 96, 'rejected_signals': 21}
HP_TELEMETRY {'extension_signals': 95, 'rejected_signals': 20}
HP_TELEMETRY {'extension_signals': 85, 'rejected_signals': 39}
HP_TELEMETRY {'extension_signals': 85, 'rejected_signals': 39}
HP_TELEMETRY {'extension_signals': 67, 'rejected_signals': 56}
HP_TELEMETRY {'extension_signals': 67, 'rejected_signals': 55}
HP_TELEMETRY {'extension_signals': 61, 'rejected_signals': 68}
HP_TELEMETRY {'extension_signals': 59, 'rejected_signals': 68}
HP_TELEMETRY {'extension_signals': 82, 'rejected_signals': 13}
HP_TELEMETRY {'extension_signals': 82, 'rejected_signals': 13}
HP_TELEMETRY {'extension_signals': 67, 'rejected_signals': 55}
HP_TELEMETRY {'extension_signals': 67, 'rejected_signals': 56}
HP_TELEMETRY {'extension_signals': 59, 'rejected_signals': 68}
HP_TELEMETRY {'extension_signals': 61, 'rejected_signals': 68}
HP_TELEMETRY {'extension_signals': 82, 'rejected_signals': 13}
HP_TELEMETRY {'extension_signals': 82, 'rejected_signals': 13}
HP_TELEMETRY {'extension_signals': 74, 'rejected_signals': 54}
HP_TELEMETRY {'extension_signals': 74, 'rejected_signals': 54}
HP_TELEMETRY {'extension_signals': 64, 'rejected_signals': 28}
HP_TELEMETRY {'extension_signals': 64, 'rejected_signals': 28}
HP_TELEMETRY {'extension_signals': 102, 'rejected_signals': 16}
HP_TELEMETRY {'extension_signals': 102, 'rejected_signals': 16}
HP_TELEMETRY {'extension_signals': 84, 'rejected_signals': 38}
HP_TELEMETRY {'extension_signals': 84, 'rejected_signals': 38}
HP_TELEMETRY {'extension_signals': 43, 'rejected_signals': 78}
HP_TELEMETRY {'extension_signals': 43, 'rejected_signals': 78}
HP_TELEMETRY {'extension_signals': 91, 'rejected_signals': 32}
HP_TELEMETRY {'extension_signals': 91, 'rejected_signals': 34}
HP_TELEMETRY {'extension_signals': 74, 'rejected_signals': 56}
HP_TELEMETRY {'extension_signals': 74, 'rejected_signals': 56}
HP_TELEMETRY {'extension_signals': 95, 'rejected_signals': 20}
HP_TELEMETRY {'extension_signals': 96, 'rejected_signals': 21}
HP_TELEMETRY {'extension_signals': 85, 'rejected_signals': 39}
HP_TELEMETRY {'extension_signals': 85, 'rejected_signals': 39}
HP_TELEMETRY {'extension_signals': 84, 'rejected_signals': 38}
HP_TELEMETRY {'extension_signals': 84, 'rejected_signals': 38}
HP_TELEMETRY {'extension_signals': 43, 'rejected_signals': 78}
HP_TELEMETRY {'extension_signals': 43, 'rejected_signals': 78}
HP_TELEMETRY {'extension_signals': 91, 'rejected_signals': 34}
HP_TELEMETRY {'extension_signals': 91, 'rejected_signals': 32}
panel H1 0.7083
HP_TELEMETRY {'extension_signals': 74, 'rejected_signals': 54}
HP_TELEMETRY {'extension_signals': 74, 'rejected_signals': 54}
HP_TELEMETRY {'extension_signals': 64, 'rejected_signals': 28}
HP_TELEMETRY {'extension_signals': 64, 'rejected_signals': 28}
HP_TELEMETRY {'extension_signals': 102, 'rejected_signals': 16}
HP_TELEMETRY {'extension_signals': 102, 'rejected_signals': 16}
HP_TELEMETRY {'extension_signals': 96, 'rejected_signals': 21}
HP_TELEMETRY {'extension_signals': 95, 'rejected_signals': 20}
HP_TELEMETRY {'extension_signals': 85, 'rejected_signals': 39}
HP_TELEMETRY {'extension_signals': 85, 'rejected_signals': 39}
HP_TELEMETRY {'extension_signals': 67, 'rejected_signals': 56}
HP_TELEMETRY {'extension_signals': 67, 'rejected_signals': 55}
HP_TELEMETRY {'extension_signals': 61, 'rejected_signals': 68}
HP_TELEMETRY {'extension_signals': 59, 'rejected_signals': 68}
HP_TELEMETRY {'extension_signals': 82, 'rejected_signals': 13}
HP_TELEMETRY {'extension_signals': 82, 'rejected_signals': 13}
HP_TELEMETRY {'extension_signals': 67, 'rejected_signals': 55}
HP_TELEMETRY {'extension_signals': 67, 'rejected_signals': 56}
HP_TELEMETRY {'extension_signals': 59, 'rejected_signals': 68}
HP_TELEMETRY {'extension_signals': 61, 'rejected_signals': 68}
HP_TELEMETRY {'extension_signals': 82, 'rejected_signals': 13}
HP_TELEMETRY {'extension_signals': 82, 'rejected_signals': 13}
HP_TELEMETRY {'extension_signals': 74, 'rejected_signals': 56}
HP_TELEMETRY {'extension_signals': 74, 'rejected_signals': 56}
HP_TELEMETRY {'extension_signals': 95, 'rejected_signals': 20}
HP_TELEMETRY {'extension_signals': 96, 'rejected_signals': 21}
HP_TELEMETRY {'extension_signals': 85, 'rejected_signals': 39}
HP_TELEMETRY {'extension_signals': 85, 'rejected_signals': 39}
HP_TELEMETRY {'extension_signals': 84, 'rejected_signals': 38}
HP_TELEMETRY {'extension_signals': 84, 'rejected_signals': 38}
HP_TELEMETRY {'extension_signals': 43, 'rejected_signals': 78}
HP_TELEMETRY {'extension_signals': 43, 'rejected_signals': 78}
HP_TELEMETRY {'extension_signals': 91, 'rejected_signals': 34}
HP_TELEMETRY {'extension_signals': 91, 'rejected_signals': 32}
HP_TELEMETRY {'extension_signals': 74, 'rejected_signals': 54}
HP_TELEMETRY {'extension_signals': 74, 'rejected_signals': 54}
HP_TELEMETRY {'extension_signals': 64, 'rejected_signals': 28}
HP_TELEMETRY {'extension_signals': 64, 'rejected_signals': 28}
HP_TELEMETRY {'extension_signals': 102, 'rejected_signals': 16}
HP_TELEMETRY {'extension_signals': 102, 'rejected_signals': 16}
HP_TELEMETRY {'extension_signals': 84, 'rejected_signals': 38}
HP_TELEMETRY {'extension_signals': 84, 'rejected_signals': 38}
HP_TELEMETRY {'extension_signals': 43, 'rejected_signals': 78}
HP_TELEMETRY {'extension_signals': 43, 'rejected_signals': 78}
HP_TELEMETRY {'extension_signals': 91, 'rejected_signals': 32}
HP_TELEMETRY {'extension_signals': 91, 'rejected_signals': 34}
panel oc_c3 0.7083
HP_TELEMETRY {'extension_signals': 71, 'rejected_signals': 58}
HP_TELEMETRY {'extension_signals': 72, 'rejected_signals': 53}
HP_TELEMETRY {'extension_signals': 96, 'rejected_signals': 20}
HP_TELEMETRY {'extension_signals': 96, 'rejected_signals': 18}
HP_TELEMETRY {'extension_signals': 93, 'rejected_signals': 32}
HP_TELEMETRY {'extension_signals': 94, 'rejected_signals': 32}
HP_TELEMETRY {'extension_signals': 69, 'rejected_signals': 53}
HP_TELEMETRY {'extension_signals': 69, 'rejected_signals': 54}
HP_TELEMETRY {'extension_signals': 65, 'rejected_signals': 63}
HP_TELEMETRY {'extension_signals': 66, 'rejected_signals': 63}
HP_TELEMETRY {'extension_signals': 82, 'rejected_signals': 15}
HP_TELEMETRY {'extension_signals': 82, 'rejected_signals': 15}
panel mpx 0.7083
HP_TELEMETRY {'extension_signals': 71, 'rejected_signals': 65}
HP_TELEMETRY {'extension_signals': 95, 'rejected_signals': 13}
HP_TELEMETRY {'extension_signals': 96, 'rejected_signals': 30}
HP_TELEMETRY {'extension_signals': 71, 'rejected_signals': 48}
HP_TELEMETRY {'extension_signals': 63, 'rejected_signals': 60}
HP_TELEMETRY {'extension_signals': 74, 'rejected_signals': 40}
HP_TELEMETRY {'extension_signals': 71, 'rejected_signals': 65}
HP_TELEMETRY {'extension_signals': 95, 'rejected_signals': 13}
HP_TELEMETRY {'extension_signals': 96, 'rejected_signals': 30}
HP_TELEMETRY {'extension_signals': 71, 'rejected_signals': 48}
HP_TELEMETRY {'extension_signals': 63, 'rejected_signals': 60}
HP_TELEMETRY {'extension_signals': 74, 'rejected_signals': 40}
HP_TELEMETRY {'extension_signals': 74, 'rejected_signals': 56}
HP_TELEMETRY {'extension_signals': 62, 'rejected_signals': 69}
HP_TELEMETRY {'extension_signals': 91, 'rejected_signals': 40}
HP_TELEMETRY {'extension_signals': 83, 'rejected_signals': 44}
HP_TELEMETRY {'extension_signals': 36, 'rejected_signals': 81}
HP_TELEMETRY {'extension_signals': 88, 'rejected_signals': 35}
HP_TELEMETRY {'extension_signals': 74, 'rejected_signals': 56}
HP_TELEMETRY {'extension_signals': 62, 'rejected_signals': 69}
HP_TELEMETRY {'extension_signals': 91, 'rejected_signals': 40}
HP_TELEMETRY {'extension_signals': 83, 'rejected_signals': 44}
HP_TELEMETRY {'extension_signals': 36, 'rejected_signals': 81}
HP_TELEMETRY {'extension_signals': 88, 'rejected_signals': 35}
panel r40 0.875
HP_TELEMETRY {'extension_signals': 74, 'rejected_signals': 58}
HP_TELEMETRY {'extension_signals': 96, 'rejected_signals': 15}
HP_TELEMETRY {'extension_signals': 89, 'rejected_signals': 37}
HP_TELEMETRY {'extension_signals': 67, 'rejected_signals': 54}
HP_TELEMETRY {'extension_signals': 61, 'rejected_signals': 68}
HP_TELEMETRY {'extension_signals': 72, 'rejected_signals': 19}
HP_TELEMETRY {'extension_signals': 74, 'rejected_signals': 58}
HP_TELEMETRY {'extension_signals': 96, 'rejected_signals': 15}
HP_TELEMETRY {'extension_signals': 89, 'rejected_signals': 37}
HP_TELEMETRY {'extension_signals': 67, 'rejected_signals': 54}
HP_TELEMETRY {'extension_signals': 61, 'rejected_signals': 68}
HP_TELEMETRY {'extension_signals': 72, 'rejected_signals': 19}
HP_TELEMETRY {'extension_signals': 74, 'rejected_signals': 54}
HP_TELEMETRY {'extension_signals': 59, 'rejected_signals': 32}
HP_TELEMETRY {'extension_signals': 111, 'rejected_signals': 18}
HP_TELEMETRY {'extension_signals': 85, 'rejected_signals': 45}
HP_TELEMETRY {'extension_signals': 44, 'rejected_signals': 72}
HP_TELEMETRY {'extension_signals': 88, 'rejected_signals': 33}
HP_TELEMETRY {'extension_signals': 74, 'rejected_signals': 54}
HP_TELEMETRY {'extension_signals': 59, 'rejected_signals': 32}
HP_TELEMETRY {'extension_signals': 111, 'rejected_signals': 18}
HP_TELEMETRY {'extension_signals': 85, 'rejected_signals': 45}
HP_TELEMETRY {'extension_signals': 44, 'rejected_signals': 72}
HP_TELEMETRY {'extension_signals': 88, 'rejected_signals': 33}
panel A 1.0
HP_TELEMETRY {'extension_signals': 74, 'rejected_signals': 60}
HP_TELEMETRY {'extension_signals': 74, 'rejected_signals': 60}
HP_TELEMETRY {'extension_signals': 96, 'rejected_signals': 21}
HP_TELEMETRY {'extension_signals': 96, 'rejected_signals': 21}
HP_TELEMETRY {'extension_signals': 85, 'rejected_signals': 39}
HP_TELEMETRY {'extension_signals': 85, 'rejected_signals': 39}
HP_TELEMETRY {'extension_signals': 67, 'rejected_signals': 57}
HP_TELEMETRY {'extension_signals': 67, 'rejected_signals': 57}
HP_TELEMETRY {'extension_signals': 60, 'rejected_signals': 68}
HP_TELEMETRY {'extension_signals': 60, 'rejected_signals': 68}
HP_TELEMETRY {'extension_signals': 82, 'rejected_signals': 13}
HP_TELEMETRY {'extension_signals': 82, 'rejected_signals': 13}
HP_TELEMETRY {'extension_signals': 76, 'rejected_signals': 46}
HP_TELEMETRY {'extension_signals': 76, 'rejected_signals': 46}
HP_TELEMETRY {'extension_signals': 64, 'rejected_signals': 28}
HP_TELEMETRY {'extension_signals': 64, 'rejected_signals': 28}
HP_TELEMETRY {'extension_signals': 102, 'rejected_signals': 16}
HP_TELEMETRY {'extension_signals': 102, 'rejected_signals': 16}
HP_TELEMETRY {'extension_signals': 84, 'rejected_signals': 38}
HP_TELEMETRY {'extension_signals': 84, 'rejected_signals': 38}
HP_TELEMETRY {'extension_signals': 43, 'rejected_signals': 78}
HP_TELEMETRY {'extension_signals': 43, 'rejected_signals': 78}
HP_TELEMETRY {'extension_signals': 91, 'rejected_signals': 34}
HP_TELEMETRY {'extension_signals': 91, 'rejected_signals': 34}
HP_TELEMETRY {'extension_signals': 76, 'rejected_signals': 46}
HP_TELEMETRY {'extension_signals': 76, 'rejected_signals': 46}
HP_TELEMETRY {'extension_signals': 64, 'rejected_signals': 28}
HP_TELEMETRY {'extension_signals': 64, 'rejected_signals': 28}
HP_TELEMETRY {'extension_signals': 102, 'rejected_signals': 16}
HP_TELEMETRY {'extension_signals': 102, 'rejected_signals': 16}
HP_TELEMETRY {'extension_signals': 84, 'rejected_signals': 38}
HP_TELEMETRY {'extension_signals': 84, 'rejected_signals': 38}
HP_TELEMETRY {'extension_signals': 43, 'rejected_signals': 78}
HP_TELEMETRY {'extension_signals': 43, 'rejected_signals': 78}
HP_TELEMETRY {'extension_signals': 91, 'rejected_signals': 34}
HP_TELEMETRY {'extension_signals': 91, 'rejected_signals': 34}
HP_TELEMETRY {'extension_signals': 74, 'rejected_signals': 60}
HP_TELEMETRY {'extension_signals': 74, 'rejected_signals': 60}
HP_TELEMETRY {'extension_signals': 96, 'rejected_signals': 21}
HP_TELEMETRY {'extension_signals': 96, 'rejected_signals': 21}
HP_TELEMETRY {'extension_signals': 85, 'rejected_signals': 39}
HP_TELEMETRY {'extension_signals': 85, 'rejected_signals': 39}
HP_TELEMETRY {'extension_signals': 67, 'rejected_signals': 57}
HP_TELEMETRY {'extension_signals': 67, 'rejected_signals': 57}
HP_TELEMETRY {'extension_signals': 60, 'rejected_signals': 68}
HP_TELEMETRY {'extension_signals': 60, 'rejected_signals': 68}
HP_TELEMETRY {'extension_signals': 82, 'rejected_signals': 13}
HP_TELEMETRY {'extension_signals': 82, 'rejected_signals': 13}
HP_TELEMETRY {'extension_signals': 74, 'rejected_signals': 52}
HP_TELEMETRY {'extension_signals': 71, 'rejected_signals': 57}
HP_TELEMETRY {'extension_signals': 96, 'rejected_signals': 18}
HP_TELEMETRY {'extension_signals': 97, 'rejected_signals': 21}
HP_TELEMETRY {'extension_signals': 92, 'rejected_signals': 36}
HP_TELEMETRY {'extension_signals': 91, 'rejected_signals': 36}
HP_TELEMETRY {'extension_signals': 69, 'rejected_signals': 55}
HP_TELEMETRY {'extension_signals': 69, 'rejected_signals': 55}
HP_TELEMETRY {'extension_signals': 65, 'rejected_signals': 63}
HP_TELEMETRY {'extension_signals': 65, 'rejected_signals': 63}
HP_TELEMETRY {'extension_signals': 82, 'rejected_signals': 15}
HP_TELEMETRY {'extension_signals': 82, 'rejected_signals': 15}
HP_TELEMETRY {'extension_signals': 76, 'rejected_signals': 51}
HP_TELEMETRY {'extension_signals': 75, 'rejected_signals': 51}
HP_TELEMETRY {'extension_signals': 64, 'rejected_signals': 28}
HP_TELEMETRY {'extension_signals': 64, 'rejected_signals': 28}
HP_TELEMETRY {'extension_signals': 110, 'rejected_signals': 19}
HP_TELEMETRY {'extension_signals': 109, 'rejected_signals': 14}
HP_TELEMETRY {'extension_signals': 69, 'rejected_signals': 55}
HP_TELEMETRY {'extension_signals': 69, 'rejected_signals': 55}
HP_TELEMETRY {'extension_signals': 65, 'rejected_signals': 63}
HP_TELEMETRY {'extension_signals': 65, 'rejected_signals': 63}
HP_TELEMETRY {'extension_signals': 82, 'rejected_signals': 15}
HP_TELEMETRY {'extension_signals': 82, 'rejected_signals': 15}
HP_TELEMETRY {'extension_signals': 71, 'rejected_signals': 57}
HP_TELEMETRY {'extension_signals': 74, 'rejected_signals': 52}
HP_TELEMETRY {'extension_signals': 97, 'rejected_signals': 21}
HP_TELEMETRY {'extension_signals': 96, 'rejected_signals': 18}
HP_TELEMETRY {'extension_signals': 91, 'rejected_signals': 36}
HP_TELEMETRY {'extension_signals': 92, 'rejected_signals': 36}
HP_TELEMETRY {'extension_signals': 84, 'rejected_signals': 38}
HP_TELEMETRY {'extension_signals': 84, 'rejected_signals': 38}
HP_TELEMETRY {'extension_signals': 44, 'rejected_signals': 75}
HP_TELEMETRY {'extension_signals': 44, 'rejected_signals': 75}
HP_TELEMETRY {'extension_signals': 91, 'rejected_signals': 34}
HP_TELEMETRY {'extension_signals': 90, 'rejected_signals': 34}
HP_TELEMETRY {'extension_signals': 74, 'rejected_signals': 58}
HP_TELEMETRY {'extension_signals': 95, 'rejected_signals': 13}
HP_TELEMETRY {'extension_signals': 96, 'rejected_signals': 30}
HP_TELEMETRY {'extension_signals': 71, 'rejected_signals': 48}
HP_TELEMETRY {'extension_signals': 62, 'rejected_signals': 60}
HP_TELEMETRY {'extension_signals': 74, 'rejected_signals': 40}
HP_TELEMETRY {'extension_signals': 74, 'rejected_signals': 58}
HP_TELEMETRY {'extension_signals': 95, 'rejected_signals': 13}
HP_TELEMETRY {'extension_signals': 96, 'rejected_signals': 30}
HP_TELEMETRY {'extension_signals': 71, 'rejected_signals': 48}
HP_TELEMETRY {'extension_signals': 62, 'rejected_signals': 60}
HP_TELEMETRY {'extension_signals': 74, 'rejected_signals': 40}
HP_TELEMETRY {'extension_signals': 76, 'rejected_signals': 52}
HP_TELEMETRY {'extension_signals': 62, 'rejected_signals': 71}
HP_TELEMETRY {'extension_signals': 93, 'rejected_signals': 34}
HP_TELEMETRY {'extension_signals': 83, 'rejected_signals': 44}
HP_TELEMETRY {'extension_signals': 36, 'rejected_signals': 81}
HP_TELEMETRY {'extension_signals': 88, 'rejected_signals': 35}
HP_TELEMETRY {'extension_signals': 76, 'rejected_signals': 52}
HP_TELEMETRY {'extension_signals': 62, 'rejected_signals': 71}
HP_TELEMETRY {'extension_signals': 93, 'rejected_signals': 34}
HP_TELEMETRY {'extension_signals': 83, 'rejected_signals': 44}
HP_TELEMETRY {'extension_signals': 36, 'rejected_signals': 81}
HP_TELEMETRY {'extension_signals': 88, 'rejected_signals': 35}
HP_TELEMETRY {'extension_signals': 79, 'rejected_signals': 47}
HP_TELEMETRY {'extension_signals': 57, 'rejected_signals': 37}
HP_TELEMETRY {'extension_signals': 109, 'rejected_signals': 20}
HP_TELEMETRY {'extension_signals': 67, 'rejected_signals': 57}
HP_TELEMETRY {'extension_signals': 60, 'rejected_signals': 68}
HP_TELEMETRY {'extension_signals': 72, 'rejected_signals': 19}
HP_TELEMETRY {'extension_signals': 75, 'rejected_signals': 54}
HP_TELEMETRY {'extension_signals': 96, 'rejected_signals': 14}
HP_TELEMETRY {'extension_signals': 89, 'rejected_signals': 37}
HP_TELEMETRY {'extension_signals': 67, 'rejected_signals': 57}
HP_TELEMETRY {'extension_signals': 60, 'rejected_signals': 68}
HP_TELEMETRY {'extension_signals': 72, 'rejected_signals': 19}
HP_TELEMETRY {'extension_signals': 79, 'rejected_signals': 47}
HP_TELEMETRY {'extension_signals': 57, 'rejected_signals': 37}
HP_TELEMETRY {'extension_signals': 109, 'rejected_signals': 20}
HP_TELEMETRY {'extension_signals': 85, 'rejected_signals': 45}
HP_TELEMETRY {'extension_signals': 44, 'rejected_signals': 72}
HP_TELEMETRY {'extension_signals': 88, 'rejected_signals': 33}
HP_TELEMETRY {'extension_signals': 75, 'rejected_signals': 54}
HP_TELEMETRY {'extension_signals': 96, 'rejected_signals': 14}
HP_TELEMETRY {'extension_signals': 89, 'rejected_signals': 37}
HP_TELEMETRY {'extension_signals': 85, 'rejected_signals': 45}
HP_TELEMETRY {'extension_signals': 44, 'rejected_signals': 72}
HP_TELEMETRY {'extension_signals': 88, 'rejected_signals': 33}
paired oc_c3 52.08
paired mpx 56.17
paired r40 -104.67
paired A -3.92
HP_TELEMETRY {'extension_signals': 86, 'rejected_signals': 46}
HP_TELEMETRY {'extension_signals': 86, 'rejected_signals': 46}
HP_TELEMETRY {'extension_signals': 69, 'rejected_signals': 57}
HP_TELEMETRY {'extension_signals': 69, 'rejected_signals': 57}
HP_TELEMETRY {'extension_signals': 93, 'rejected_signals': 16}
HP_TELEMETRY {'extension_signals': 93, 'rejected_signals': 16}
HP_TELEMETRY {'extension_signals': 100, 'rejected_signals': 32}
HP_TELEMETRY {'extension_signals': 99, 'rejected_signals': 32}
HP_TELEMETRY {'extension_signals': 87, 'rejected_signals': 46}
HP_TELEMETRY {'extension_signals': 86, 'rejected_signals': 46}
HP_TELEMETRY {'extension_signals': 69, 'rejected_signals': 57}
HP_TELEMETRY {'extension_signals': 69, 'rejected_signals': 57}
HP_TELEMETRY {'extension_signals': 93, 'rejected_signals': 16}
HP_TELEMETRY {'extension_signals': 93, 'rejected_signals': 16}
HP_TELEMETRY {'extension_signals': 99, 'rejected_signals': 32}
HP_TELEMETRY {'extension_signals': 100, 'rejected_signals': 32}
HP_TELEMETRY {'extension_signals': 86, 'rejected_signals': 46}
HP_TELEMETRY {'extension_signals': 86, 'rejected_signals': 46}
HP_TELEMETRY {'extension_signals': 69, 'rejected_signals': 57}
HP_TELEMETRY {'extension_signals': 69, 'rejected_signals': 57}
HP_TELEMETRY {'extension_signals': 92, 'rejected_signals': 16}
HP_TELEMETRY {'extension_signals': 92, 'rejected_signals': 16}
HP_TELEMETRY {'extension_signals': 100, 'rejected_signals': 31}
HP_TELEMETRY {'extension_signals': 100, 'rejected_signals': 31}
HP_TELEMETRY {'extension_signals': 86, 'rejected_signals': 46}
HP_TELEMETRY {'extension_signals': 87, 'rejected_signals': 46}
HP_TELEMETRY {'extension_signals': 69, 'rejected_signals': 57}
HP_TELEMETRY {'extension_signals': 69, 'rejected_signals': 57}
HP_TELEMETRY {'extension_signals': 92, 'rejected_signals': 16}
HP_TELEMETRY {'extension_signals': 92, 'rejected_signals': 16}
HP_TELEMETRY {'extension_signals': 100, 'rejected_signals': 31}
HP_TELEMETRY {'extension_signals': 100, 'rejected_signals': 31}
HP_TELEMETRY {'extension_signals': 87, 'rejected_signals': 46}
HP_TELEMETRY {'extension_signals': 86, 'rejected_signals': 46}
HP_TELEMETRY {'extension_signals': 69, 'rejected_signals': 57}
HP_TELEMETRY {'extension_signals': 69, 'rejected_signals': 57}
HP_TELEMETRY {'extension_signals': 93, 'rejected_signals': 16}
HP_TELEMETRY {'extension_signals': 93, 'rejected_signals': 16}
HP_TELEMETRY {'extension_signals': 100, 'rejected_signals': 32}
HP_TELEMETRY {'extension_signals': 99, 'rejected_signals': 32}
HP_TELEMETRY {'extension_signals': 86, 'rejected_signals': 46}
HP_TELEMETRY {'extension_signals': 86, 'rejected_signals': 46}
HP_TELEMETRY {'extension_signals': 69, 'rejected_signals': 57}
HP_TELEMETRY {'extension_signals': 69, 'rejected_signals': 57}
HP_TELEMETRY {'extension_signals': 93, 'rejected_signals': 16}
HP_TELEMETRY {'extension_signals': 93, 'rejected_signals': 16}
HP_TELEMETRY {'extension_signals': 99, 'rejected_signals': 32}
HP_TELEMETRY {'extension_signals': 100, 'rejected_signals': 32}
HP_TELEMETRY {'extension_signals': 86, 'rejected_signals': 46}
HP_TELEMETRY {'extension_signals': 86, 'rejected_signals': 46}
HP_TELEMETRY {'extension_signals': 69, 'rejected_signals': 57}
HP_TELEMETRY {'extension_signals': 69, 'rejected_signals': 57}
HP_TELEMETRY {'extension_signals': 92, 'rejected_signals': 16}
HP_TELEMETRY {'extension_signals': 92, 'rejected_signals': 16}
HP_TELEMETRY {'extension_signals': 100, 'rejected_signals': 31}
HP_TELEMETRY {'extension_signals': 100, 'rejected_signals': 31}
poison done
VERDICT: H1X[9d073fba]：vs H1 h2h 0.7083；面板 {"H1": 0.7083, "oc_c3": 0.7083, "mpx": 0.7083, "r40": 0.875, "A": 1.0}；配对增量 W/L/T 54/42/0 mean -0.08（flips +18/-2）；毒种翻正 12/-0 mean 158.5；判据 True
DONE 877.6 s budget: {'cap_局次': 500, 'auth': 30, 'smoke': 2, 'panel_规格': 120, 'control_规格': 96, 'poison_规格': 40, 'unique_games_run': 248, 'total_局次': 278, 'within_cap': True}
