Loading environment cabt failed: Could not find module 'C:\Users\OSS\AppData\Roaming\Python\Python314\site-packages\kaggle_environments\envs\cabt\cg\cg.dll' (or one of its dependencies). Try using the full path with constructor syntax.
Loading environment open_spiel_env failed: No module named 'pyspiel'
[001] submission vs cow_baron seed=101: 37545:33724 winner=submission
[002] submission vs cow_baron seed=102: 27231:26201 winner=submission
[003] submission vs cow_baron seed=103: 28068:21642 winner=submission
[004] submission vs cow_baron seed=104: 39609:37564 winner=submission
[005] submission vs melon_hoarder seed=101: 44702:36061 winner=submission
[006] submission vs melon_hoarder seed=102: 38662:35915 winner=submission
[007] submission vs melon_hoarder seed=103: 66410:35515 winner=submission
[008] submission vs melon_hoarder seed=104: 45076:35858 winner=submission
[009] submission vs expansionist seed=101: 58255:16381 winner=submission
[010] submission vs expansionist seed=102: 56319:19046 winner=submission
[011] submission vs expansionist seed=103: 26109:18936 winner=submission
[012] submission vs expansionist seed=104: 47139:21069 winner=submission
[013] submission vs baseline_wheat seed=101: 43302:10377 winner=submission
[014] submission vs baseline_wheat seed=102: 45563:10810 winner=submission
[015] submission vs baseline_wheat seed=103: 31516:10620 winner=submission
[016] submission vs baseline_wheat seed=104: 32757:10560 winner=submission
[017] submission vs greedy_carrot seed=101: 27364:9131 winner=submission
[018] submission vs greedy_carrot seed=102: 81776:6528 winner=submission
[019] submission vs greedy_carrot seed=103: 82668:6546 winner=submission
[020] submission vs greedy_carrot seed=104: 35581:7852 winner=submission
[021] submission vs starter seed=101: 61500:3672 winner=submission
[022] submission vs starter seed=102: 63467:4038 winner=submission
[023] submission vs starter seed=103: 31145:3688 winner=submission
[024] submission vs starter seed=104: 68818:3464 winner=submission
[025] submission vs random seed=101: 75925:0 winner=submission
[026] submission vs random seed=102: 80654:0 winner=submission
[027] submission vs random seed=103: 77770:0 winner=submission
[028] submission vs random seed=104: 61424:0 winner=submission
[029] submission vs pass seed=101: 63282:3000 winner=submission
[030] submission vs pass seed=102: 71883:3000 winner=submission
[031] submission vs pass seed=103: 65849:3000 winner=submission
[032] submission vs pass seed=104: 51971:3000 winner=submission
[033] cow_baron vs melon_hoarder seed=101: 56561:36468 winner=cow_baron
[034] cow_baron vs melon_hoarder seed=102: 56464:37462 winner=cow_baron
[035] cow_baron vs melon_hoarder seed=103: 48661:36266 winner=cow_baron
[036] cow_baron vs melon_hoarder seed=104: 56647:36408 winner=cow_baron
[037] cow_baron vs expansionist seed=101: 57110:13383 winner=cow_baron
[038] cow_baron vs expansionist seed=102: 34287:19023 winner=cow_baron
[039] cow_baron vs expansionist seed=103: 32797:19219 winner=cow_baron
[040] cow_baron vs expansionist seed=104: 52474:20546 winner=cow_baron
[041] cow_baron vs baseline_wheat seed=101: 59887:10719 winner=cow_baron
[042] cow_baron vs baseline_wheat seed=102: 48252:15131 winner=cow_baron
[043] cow_baron vs baseline_wheat seed=103: 43924:12052 winner=cow_baron
[044] cow_baron vs baseline_wheat seed=104: 23615:10505 winner=cow_baron
[045] cow_baron vs greedy_carrot seed=101: 56931:6012 winner=cow_baron
[046] cow_baron vs greedy_carrot seed=102: 64999:7990 winner=cow_baron
[047] cow_baron vs greedy_carrot seed=103: 53234:6012 winner=cow_baron
[048] cow_baron vs greedy_carrot seed=104: 48385:6202 winner=cow_baron
[049] cow_baron vs starter seed=101: 63559:3441 winner=cow_baron
[050] cow_baron vs starter seed=102: 39518:3769 winner=cow_baron
[051] cow_baron vs starter seed=103: 50189:3807 winner=cow_baron
[052] cow_baron vs starter seed=104: 64601:3421 winner=cow_baron
[053] cow_baron vs random seed=101: 60091:0 winner=cow_baron
[054] cow_baron vs random seed=102: 25239:270 winner=cow_baron
[055] cow_baron vs random seed=103: 44633:0 winner=cow_baron
[056] cow_baron vs random seed=104: 59426:0 winner=cow_baron
[057] cow_baron vs pass seed=101: 48452:3000 winner=cow_baron
[058] cow_baron vs pass seed=102: 52933:3000 winner=cow_baron
[059] cow_baron vs pass seed=103: 51070:3000 winner=cow_baron
[060] cow_baron vs pass seed=104: 59209:3000 winner=cow_baron
[061] melon_hoarder vs expansionist seed=101: 34770:17836 winner=melon_hoarder
[062] melon_hoarder vs expansionist seed=102: 36221:20594 winner=melon_hoarder
[063] melon_hoarder vs expansionist seed=103: 35524:18694 winner=melon_hoarder
[064] melon_hoarder vs expansionist seed=104: 35725:20924 winner=melon_hoarder
[065] melon_hoarder vs baseline_wheat seed=101: 34842:10633 winner=melon_hoarder
[066] melon_hoarder vs baseline_wheat seed=102: 34874:10944 winner=melon_hoarder
[067] melon_hoarder vs baseline_wheat seed=103: 34736:10445 winner=melon_hoarder
[068] melon_hoarder vs baseline_wheat seed=104: 34709:10614 winner=melon_hoarder
[069] melon_hoarder vs greedy_carrot seed=101: 36631:6012 winner=melon_hoarder
[070] melon_hoarder vs greedy_carrot seed=102: 37210:6326 winner=melon_hoarder
[071] melon_hoarder vs greedy_carrot seed=103: 37600:7439 winner=melon_hoarder
[072] melon_hoarder vs greedy_carrot seed=104: 35468:17150 winner=melon_hoarder
[073] melon_hoarder vs starter seed=101: 36382:3441 winner=melon_hoarder
[074] melon_hoarder vs starter seed=102: 35930:3645 winner=melon_hoarder
[075] melon_hoarder vs starter seed=103: 37046:3668 winner=melon_hoarder
[076] melon_hoarder vs starter seed=104: 36998:3793 winner=melon_hoarder
[077] melon_hoarder vs random seed=101: 35592:0 winner=melon_hoarder
[078] melon_hoarder vs random seed=102: 37338:0 winner=melon_hoarder
[079] melon_hoarder vs random seed=103: 37581:0 winner=melon_hoarder
[080] melon_hoarder vs random seed=104: 36508:0 winner=melon_hoarder
[081] melon_hoarder vs pass seed=101: 36751:3000 winner=melon_hoarder
[082] melon_hoarder vs pass seed=102: 37417:3000 winner=melon_hoarder
[083] melon_hoarder vs pass seed=103: 36994:3000 winner=melon_hoarder
[084] melon_hoarder vs pass seed=104: 37150:3000 winner=melon_hoarder
[085] expansionist vs baseline_wheat seed=101: 15776:10580 winner=expansionist
[086] expansionist vs baseline_wheat seed=102: 19962:11430 winner=expansionist
[087] expansionist vs baseline_wheat seed=103: 19284:10371 winner=expansionist
[088] expansionist vs baseline_wheat seed=104: 18662:10545 winner=expansionist
[089] expansionist vs greedy_carrot seed=101: 17239:10680 winner=expansionist
[090] expansionist vs greedy_carrot seed=102: 20445:10902 winner=expansionist
[091] expansionist vs greedy_carrot seed=103: 22583:6012 winner=expansionist
[092] expansionist vs greedy_carrot seed=104: 22566:6202 winner=expansionist
[093] expansionist vs starter seed=101: 21815:3506 winner=expansionist
[094] expansionist vs starter seed=102: 22202:3421 winner=expansionist
[095] expansionist vs starter seed=103: 19045:3441 winner=expansionist
[096] expansionist vs starter seed=104: 19337:3473 winner=expansionist
[097] expansionist vs random seed=101: 20648:10 winner=expansionist
[098] expansionist vs random seed=102: 17361:0 winner=expansionist
[099] expansionist vs random seed=103: 18348:210 winner=expansionist
[100] expansionist vs random seed=104: 20085:0 winner=expansionist
[101] expansionist vs pass seed=101: 22007:3000 winner=expansionist
[102] expansionist vs pass seed=102: 20043:3000 winner=expansionist
[103] expansionist vs pass seed=103: 19045:3000 winner=expansionist
[104] expansionist vs pass seed=104: 18093:3000 winner=expansionist
[105] baseline_wheat vs greedy_carrot seed=101: 10658:6012 winner=baseline_wheat
[106] baseline_wheat vs greedy_carrot seed=102: 12144:11222 winner=baseline_wheat
[107] baseline_wheat vs greedy_carrot seed=103: 11305:12356 winner=greedy_carrot
[108] baseline_wheat vs greedy_carrot seed=104: 10905:9523 winner=baseline_wheat
[109] baseline_wheat vs starter seed=101: 11325:3560 winner=baseline_wheat
[110] baseline_wheat vs starter seed=102: 13903:3553 winner=baseline_wheat
[111] baseline_wheat vs starter seed=103: 13029:3431 winner=baseline_wheat
[112] baseline_wheat vs starter seed=104: 12473:3833 winner=baseline_wheat
[113] baseline_wheat vs random seed=101: 14467:0 winner=baseline_wheat
[114] baseline_wheat vs random seed=102: 12819:0 winner=baseline_wheat
[115] baseline_wheat vs random seed=103: 13706:0 winner=baseline_wheat
[116] baseline_wheat vs random seed=104: 11624:0 winner=baseline_wheat
[117] baseline_wheat vs pass seed=101: 10506:3000 winner=baseline_wheat
[118] baseline_wheat vs pass seed=102: 15470:3000 winner=baseline_wheat
[119] baseline_wheat vs pass seed=103: 14199:3000 winner=baseline_wheat
[120] baseline_wheat vs pass seed=104: 11061:3000 winner=baseline_wheat
[121] greedy_carrot vs starter seed=101: 9899:3440 winner=greedy_carrot
[122] greedy_carrot vs starter seed=102: 8566:3377 winner=greedy_carrot
[123] greedy_carrot vs starter seed=103: 8810:3386 winner=greedy_carrot
[124] greedy_carrot vs starter seed=104: 8352:3351 winner=greedy_carrot
[125] greedy_carrot vs random seed=101: 6494:0 winner=greedy_carrot
[126] greedy_carrot vs random seed=102: 6054:0 winner=greedy_carrot
[127] greedy_carrot vs random seed=103: 8162:0 winner=greedy_carrot
[128] greedy_carrot vs random seed=104: 7702:0 winner=greedy_carrot
[129] greedy_carrot vs pass seed=101: 6704:3000 winner=greedy_carrot
[130] greedy_carrot vs pass seed=102: 10431:3000 winner=greedy_carrot
[131] greedy_carrot vs pass seed=103: 6704:3000 winner=greedy_carrot
[132] greedy_carrot vs pass seed=104: 9041:3000 winner=greedy_carrot
[133] starter vs random seed=101: 3682:0 winner=starter
[134] starter vs random seed=102: 3421:130 winner=starter
[135] starter vs random seed=103: 3533:0 winner=starter
[136] starter vs random seed=104: 3526:0 winner=starter
[137] starter vs pass seed=101: 3620:3000 winner=starter
[138] starter vs pass seed=102: 3421:3000 winner=starter
[139] starter vs pass seed=103: 3421:3000 winner=starter
[140] starter vs pass seed=104: 3794:3000 winner=starter
[141] random vs pass seed=101: 0:3000 winner=pass
[142] random vs pass seed=102: 0:3000 winner=pass
[143] random vs pass seed=103: 0:3000 winner=pass
[144] random vs pass seed=104: 0:3000 winner=pass
[145] submission vs baseline_wheat seed=601: 60132:10479 winner=submission
[146] submission vs baseline_wheat seed=602: 74683:10691 winner=submission
[147] submission vs baseline_wheat seed=603: 26640:10866 winner=submission
[148] submission vs baseline_wheat seed=604: 68869:10786 winner=submission

=== Elo table (148 games, 363.11s) ===
  submission       rating= 1500.8 record W36 L0 T0
  cow_baron        rating= 1419.6 record W28 L4 T0
  melon_hoarder    rating= 1355.1 record W24 L8 T0
  expansionist     rating= 1287.1 record W20 L12 T0
  baseline_wheat   rating= 1177.7 record W15 L21 T0
  greedy_carrot    rating= 1154.1 record W13 L19 T0
  starter          rating= 1056.8 record W8 L24 T0
  pass             rating=  990.4 record W4 L28 T0
  random           rating=  858.4 record W0 L32 T0

pool max Elo: cow_baron = 1419.6

=== submission vs pool ===
  vs cow_baron        games=4 win_rate=1.00 avg_margin=+3330
  vs melon_hoarder    games=4 win_rate=1.00 avg_margin=+12875
  vs expansionist     games=4 win_rate=1.00 avg_margin=+28098
  vs baseline_wheat   games=8 win_rate=1.00 avg_margin=+37284
  vs greedy_carrot    games=4 win_rate=1.00 avg_margin=+49333
  vs starter          games=4 win_rate=1.00 avg_margin=+52517
  vs random           games=4 win_rate=1.00 avg_margin=+73943
  vs pass             games=4 win_rate=1.00 avg_margin=+60246

most volatile pairing: baseline_wheat vs greedy_carrot win_rate=0.75 CI95=[0.3006, 0.9544] flips=True
determinism probe greedy_carrot vs starter seed=101: identical=True (identical) rewards=[[9899.0, 3440.0], [9899.0, 3440.0]]
determinism probe greedy_carrot vs random seed=101: identical=False (may_drift) rewards=[[6704.0, 0.0], [7149.0, 0.0]]

wrote C:\Users\OSS\Desktop\autoC\workspace\software\exports\eval_results.json
wrote C:\Users\OSS\Desktop\autoC\workspace\software\exports\logs\replay_log.jsonl
