FINAL VERIFY STATE
phase=verify
retry={'count': 0, 'max': 3, 'tripped': False}
FINAL PROTECTED PATH DIFF
FINAL HOLDOUT DIFF
FINAL ROOT TEMP STATUS
?? .tmp-corpus/
?? .tmp-dna/
?? .tmp-intel/
?? .tmp-r5/
?? .tmp-v7/
?? .tmp-v9/
?? bing1.html
?? bing2.html
?? bing3.html
?? bing4.html
FINAL SOFTWARE DIFF PATHS
warning: in the working copy of 'workspace/software/kgenv/engine.py', LF will be replaced by CRLF the next time Git touches it
warning: in the working copy of 'workspace/software/smoke_boot.py', LF will be replaced by CRLF the next time Git touches it
workspace/software/README.md
workspace/software/kaggle_simulations/agent/main.py
workspace/software/kgenv/engine.py
workspace/software/smoke_boot.py
workspace/software/active_candidate.json
workspace/software/kgenv/candidate_identity.py
workspace/software/scripts/check_candidate_identity.py
workspace/software/tests/test_activity_gate.py
workspace/software/tests/test_candidate_identity.py
workspace/software/tests/test_market_budget.py
workspace/software/tests/test_p0_wave.py
