P1 FINAL ACCEPTOR R5
generated_at=2026-09-01T08:12:37+08:00
repo_head=992e3b43a83c88bd1a17f7827fd384d3a17335fb
scope=workspace/software P1 external H2H + BT wave only
excluded=legacy m2 pool; m4 holdout; document compile; holdout/online execution

[1] python -m pytest workspace/software/tests -q
exit=0
........................................................................ [ 10%]
........................................................................ [ 20%]
........................................................................ [ 30%]
........................................................................ [ 41%]
........................................................................ [ 51%]
........................................................................ [ 61%]
........................................................................ [ 71%]
........................................................................ [ 82%]
........................................................................ [ 92%]
......................................................                   [100%]
702 passed in 22.11s
comparison=PASS; same 702 passed as workspace/acceptance/evidence/p1-final-full-pytest-r4.log (r4 runtime 22.20s)

[2] python workspace/software/smoke_boot.py
exit=0
environment_optional_load_warning=cabt cg.dll unavailable; open_spiel_env pyspiel unavailable
phase_env_boot: engine boot + 24-step episode -> rewards=[2960.0, 3000.0] ok=True
phase_submission_selfplay: seed=7 steps=96 rewards=[427.0, 427.0] statuses=['DONE', 'DONE'] activity_ok=True ok=True
phase_submission_selfplay: seed=8 steps=96 rewards=[427.0, 427.0] statuses=['DONE', 'DONE'] activity_ok=True ok=True
phase_submission_selfplay: seed=9 steps=720 rewards=[96830.0, 99842.0] statuses=['DONE', 'DONE'] activity_ok=True ok=True
phase_contract: run_match contract ok=True, replay log round-trip ok=True
phase_gym: stepped to day=1 money=[3000.0, 3000.0] ok=True
env_boot=PASS
submission_selfplay=PASS
contract=PASS
gym=PASS
smoke_boot=PASS runtime_seconds=5.9 phases=4

[3] python workspace/software/scripts/check_external_h2h.py --input workspace/software/exports/external/v48-seed101-smoke.json
exit=0
environment_optional_load_warning=cabt cg.dll unavailable; open_spiel_env pyspiel unavailable
external H2H: PASS (2 games, 1 opponents, 1 seeds, AB=1 BA=1)

[4] python workspace/software/scripts/check_candidate_identity.py
exit=0
environment_optional_load_warning=cabt cg.dll unavailable; open_spiel_env pyspiel unavailable
candidate identity: PASS (working=development 360714f1c175..., frozen=c44e2b254686..., published_attempt=5, readme projection ok)

[5] git diff --check -- workspace/software workspace/metrics.json
exit=0
result=PASS; no whitespace errors
note=Git emitted LF-to-CRLF working-copy warnings for existing modified files; these are warnings, not diff-check failures

[6] structured P1 identity, external artifact, and BT assertions
working_sha_manifest=PASS
working_sha_actual=PASS
working_sha_actual_value=360714f1c175c81c75ad53a60782512077c237d963780227c4544a0b5d7cc93f
holdout_status_not_run=PASS
external_development_only=PASS
external_not_holdout=PASS
producer_attested_all_games=PASS
independently_recomputed_false_all_games=PASS
external_games=2
external_ab_ba_1_each=PASS AB=1 BA=1
ratings_ab_ba_1_each=PASS AB=1 BA=1
ratings_inference_insufficient_data=PASS
ratings_all_ci_null=PASS
ratings_all_tier_insufficient_data=PASS
ratings_bootstrap_80=PASS requested=80 used=80
overall=PASS

[7] root workspace/metrics.json software projection
assertion=workspace/metrics.json[software] == workspace/software/metrics.json
result=PASS

[8] protected boundary before/after and published-byte integrity
holdout_or_online_executed=false
archive_git_change_before=false
archive_git_change_after=false
flow_git_change_before=false
flow_git_change_after=false
published_holdout_git_change_before=false
published_holdout_git_change_after=false
workspace/software/exports/holdout/published/eval_results.json sha256=b89c3b9e857602958ab3296ed295cdbcc71bcdbfc160e92584d7d3eb6fa330bf PASS
workspace/software/exports/holdout/published/replay_log.jsonl sha256=4fd9548ab6f4026f3ef6760e21a8d0ba415e85ed2d06e1bb6b670947f9bc5b6a PASS
workspace/software/exports/holdout/published/seed_manifest.json sha256=61c33a0b7359385eed936ef803e7fb5764256f3bc9ac64e60d1fd7280c21c7f8 PASS
workspace/software/exports/holdout/published/software_metrics.json sha256=4d8f9bcc8514b2b9dccc516fc345c7cb4d370972e1999132e5d7c7925a89ccdb PASS
published_holdout_bytes=UNCHANGED
root_preexisting_untracked_names=.tmp-corpus,.tmp-dna,.tmp-intel,.tmp-r5,.tmp-v7,.tmp-v9,bing1.html,bing2.html,bing3.html,bing4.html
root_preexisting_untracked_before_after=UNCHANGED
acceptor_writes=workspace/acceptance/evidence/p1-final-acceptor-r5.log,workspace/acceptance/run-30.json only

FINAL_RESULT=PASS
