Recursive DNA/liveness/forensics claims in software metrics:
4:  "milestone": "P2 offline DNA/liveness source-attested forensics contract; historical metrics retained",
5542:    "p2_dna_forensics_tests": {
5552:      "method": "2026-09-01 actual runs: python -m pytest workspace/software/tests/test_dna_forensics.py -q -> 14 passed; python -m pytest workspace/software/tests -q -> 716 passed in 34.93s; check_dna_forensics.py PASS"
5554:    "p2_dna_artifact_inventory": {
5556:        "schema_version": "replay-dna/1.1",
5567:      "method": "workspace/software/exports/replay_dna/report.json and index.json generated from the four explicit local .tmp-dna inputs; analyzer and verify-only validator both PASS; implementation and source SHA manifests bound"
5569:    "p2_dna_forensics_summary": {
5581:        "extractor_status": "source_extractor_not_published",
5582:        "offline_exploratory": true,
5583:        "strength_claim": false,
5584:        "promotion_eligible": false,
5585:        "holdout_evidence": false,
5586:        "online_evidence": false,
5587:        "engine_activity_evidence": false
5589:      "unit": "identity-stability-forensics",
5590:      "method": "deterministic recomputation from source-attested 30-band rows using notebook first-seen modal tie semantics, matched-locus field RMP, strict verdict thresholds and minimum stability <0.6 OUT OF RANGE guard; not strategy strength or engine action liveness"
Recursive DNA/liveness/forensics claims in root metrics:
6:    "milestone": "P2 offline DNA/liveness source-attested forensics contract; historical metrics retained",
5552:      "p2_dna_forensics_tests": {
5562:        "method": "2026-09-01 actual runs: python -m pytest workspace/software/tests/test_dna_forensics.py -q -> 14 passed; python -m pytest workspace/software/tests -q -> 716 passed in 34.93s; check_dna_forensics.py PASS"
5564:      "p2_dna_artifact_inventory": {
5566:          "schema_version": "replay-dna/1.1",
5577:        "method": "workspace/software/exports/replay_dna/report.json and index.json generated from the four explicit local .tmp-dna inputs; analyzer and verify-only validator both PASS; implementation and source SHA manifests bound"
5579:      "p2_dna_forensics_summary": {
5591:          "extractor_status": "source_extractor_not_published",
5592:          "offline_exploratory": true,
5593:          "strength_claim": false,
5594:          "promotion_eligible": false,
5595:          "holdout_evidence": false,
5596:          "online_evidence": false,
5597:          "engine_activity_evidence": false
5599:        "unit": "identity-stability-forensics",
5600:        "method": "deterministic recomputation from source-attested 30-band rows using notebook first-seen modal tie semantics, matched-locus field RMP, strict verdict thresholds and minimum stability <0.6 OUT OF RANGE guard; not strategy strength or engine action liveness"
Metrics file hashes:
588edba60ed421777a3149a7edf17f08d3c80c13f7dc3f07fa8e29a9d1af57b2 *C:/Users/OSS/Desktop/autoC/workspace/software/metrics.json
204714e3ab7b1b621d5817795bdcf028ae1af97fd30e09b921b4166ed36e3bf0 *C:/Users/OSS/Desktop/autoC/workspace/metrics.json
